Component: ARM Compiler 5.06 update 6 (build 750) Tool: armlink [4d35ed]

==============================================================================

Section Cross References

    main.o(i.main) refers to init.o(i.Initial_prepheral_) for Initial_prepheral_
    main.o(i.main) refers to state_machine.o(ccmram) for bcfsm
    system_stm32f30x.o(i.SystemCoreClockUpdate) refers to system_stm32f30x.o(.data) for .data
    adc_int.o(i.ADC1_Config) refers to stm32f30x_adc.o(i.ADC_DeInit) for ADC_DeInit
    adc_int.o(i.ADC1_Config) refers to stm32f30x_rcc.o(i.RCC_AHBPeriphClockCmd) for RCC_AHBPeriphClockCmd
    adc_int.o(i.ADC1_Config) refers to stm32f30x_rcc.o(i.RCC_ADCCLKConfig) for RCC_ADCCLKConfig
    adc_int.o(i.ADC1_Config) refers to stm32f30x_rcc.o(i.RCC_APB2PeriphClockCmd) for RCC_APB2PeriphClockCmd
    adc_int.o(i.ADC1_Config) refers to stm32f30x_gpio.o(i.GPIO_Init) for GPIO_Init
    adc_int.o(i.ADC1_Config) refers to stm32f30x_adc.o(i.ADC_StructInit) for ADC_StructInit
    adc_int.o(i.ADC1_Config) refers to stm32f30x_adc.o(i.ADC_VoltageRegulatorCmd) for ADC_VoltageRegulatorCmd
    adc_int.o(i.ADC1_Config) refers to delay.o(i.Delay_ms) for Delay_ms
    adc_int.o(i.ADC1_Config) refers to stm32f30x_adc.o(i.ADC_SelectCalibrationMode) for ADC_SelectCalibrationMode
    adc_int.o(i.ADC1_Config) refers to stm32f30x_adc.o(i.ADC_StartCalibration) for ADC_StartCalibration
    adc_int.o(i.ADC1_Config) refers to stm32f30x_adc.o(i.ADC_GetCalibrationStatus) for ADC_GetCalibrationStatus
    adc_int.o(i.ADC1_Config) refers to stm32f30x_adc.o(i.ADC_GetCalibrationValue) for ADC_GetCalibrationValue
    adc_int.o(i.ADC1_Config) refers to stm32f30x_adc.o(i.ADC_CommonInit) for ADC_CommonInit
    adc_int.o(i.ADC1_Config) refers to stm32f30x_adc.o(i.ADC_Init) for ADC_Init
    adc_int.o(i.ADC1_Config) refers to stm32f30x_adc.o(i.ADC_RegularChannelConfig) for ADC_RegularChannelConfig
    adc_int.o(i.ADC1_Config) refers to stm32f30x_adc.o(i.ADC_Cmd) for ADC_Cmd
    adc_int.o(i.ADC1_Config) refers to stm32f30x_adc.o(i.ADC_GetFlagStatus) for ADC_GetFlagStatus
    adc_int.o(i.ADC1_Config) refers to stm32f30x_adc.o(i.ADC_DMACmd) for ADC_DMACmd
    adc_int.o(i.ADC1_Config) refers to stm32f30x_adc.o(i.ADC_DMAConfig) for ADC_DMAConfig
    adc_int.o(i.ADC1_Config) refers to stm32f30x_adc.o(i.ADC_StartConversion) for ADC_StartConversion
    adc_int.o(i.ADC1_Config) refers to adc_int.o(.data) for .data
    adc_int.o(i.ADC1_DMA_Config) refers to stm32f30x_rcc.o(i.RCC_AHBPeriphClockCmd) for RCC_AHBPeriphClockCmd
    adc_int.o(i.ADC1_DMA_Config) refers to stm32f30x_dma.o(i.DMA_DeInit) for DMA_DeInit
    adc_int.o(i.ADC1_DMA_Config) refers to stm32f30x_misc.o(i.NVIC_PriorityGroupConfig) for NVIC_PriorityGroupConfig
    adc_int.o(i.ADC1_DMA_Config) refers to stm32f30x_dma.o(i.DMA_Init) for DMA_Init
    adc_int.o(i.ADC1_DMA_Config) refers to stm32f30x_dma.o(i.DMA_Cmd) for DMA_Cmd
    adc_int.o(i.ADC1_DMA_Config) refers to stm32f30x_dma.o(i.DMA_ITConfig) for DMA_ITConfig
    adc_int.o(i.ADC1_DMA_Config) refers to stm32f30x_adc.o(i.ADC_DMACmd) for ADC_DMACmd
    adc_int.o(i.ADC1_DMA_Config) refers to delay.o(i.Delay_ms) for Delay_ms
    adc_int.o(i.ADC1_DMA_Config) refers to adc_int.o(.data) for .data
    adc_int.o(i.ADC2_Config) refers to stm32f30x_rcc.o(i.RCC_AHBPeriphClockCmd) for RCC_AHBPeriphClockCmd
    adc_int.o(i.ADC2_Config) refers to stm32f30x_rcc.o(i.RCC_ADCCLKConfig) for RCC_ADCCLKConfig
    adc_int.o(i.ADC2_Config) refers to stm32f30x_rcc.o(i.RCC_APB2PeriphClockCmd) for RCC_APB2PeriphClockCmd
    adc_int.o(i.ADC2_Config) refers to stm32f30x_gpio.o(i.GPIO_Init) for GPIO_Init
    adc_int.o(i.ADC2_Config) refers to stm32f30x_adc.o(i.ADC_StructInit) for ADC_StructInit
    adc_int.o(i.ADC2_Config) refers to stm32f30x_adc.o(i.ADC_VoltageRegulatorCmd) for ADC_VoltageRegulatorCmd
    adc_int.o(i.ADC2_Config) refers to delay.o(i.Delay_ms) for Delay_ms
    adc_int.o(i.ADC2_Config) refers to stm32f30x_adc.o(i.ADC_SelectCalibrationMode) for ADC_SelectCalibrationMode
    adc_int.o(i.ADC2_Config) refers to stm32f30x_adc.o(i.ADC_StartCalibration) for ADC_StartCalibration
    adc_int.o(i.ADC2_Config) refers to stm32f30x_adc.o(i.ADC_GetCalibrationStatus) for ADC_GetCalibrationStatus
    adc_int.o(i.ADC2_Config) refers to stm32f30x_adc.o(i.ADC_GetCalibrationValue) for ADC_GetCalibrationValue
    adc_int.o(i.ADC2_Config) refers to stm32f30x_adc.o(i.ADC_CommonInit) for ADC_CommonInit
    adc_int.o(i.ADC2_Config) refers to stm32f30x_adc.o(i.ADC_Init) for ADC_Init
    adc_int.o(i.ADC2_Config) refers to stm32f30x_adc.o(i.ADC_RegularChannelConfig) for ADC_RegularChannelConfig
    adc_int.o(i.ADC2_Config) refers to stm32f30x_adc.o(i.ADC_Cmd) for ADC_Cmd
    adc_int.o(i.ADC2_Config) refers to stm32f30x_adc.o(i.ADC_GetFlagStatus) for ADC_GetFlagStatus
    adc_int.o(i.ADC2_Config) refers to stm32f30x_adc.o(i.ADC_DMACmd) for ADC_DMACmd
[...]
    Removing stm32f30x_i2c.o(i.I2C_StructInit), (22 bytes).
    Removing stm32f30x_i2c.o(i.I2C_TimeoutAConfig), (16 bytes).
    Removing stm32f30x_i2c.o(i.I2C_TimeoutBConfig), (20 bytes).
    Removing stm32f30x_i2c.o(i.I2C_TransferHandling), (40 bytes).
    Removing stm32f30x_iwdg.o(.rev16_text), (4 bytes).
    Removing stm32f30x_iwdg.o(.revsh_text), (4 bytes).
    Removing stm32f30x_iwdg.o(i.IWDG_Enable), (16 bytes).
    Removing stm32f30x_iwdg.o(i.IWDG_GetFlagStatus), (20 bytes).
    Removing stm32f30x_iwdg.o(i.IWDG_ReloadCounter), (16 bytes).
    Removing stm32f30x_iwdg.o(i.IWDG_SetPrescaler), (12 bytes).
    Removing stm32f30x_iwdg.o(i.IWDG_SetReload), (12 bytes).
    Removing stm32f30x_iwdg.o(i.IWDG_SetWindowValue), (12 bytes).
    Removing stm32f30x_iwdg.o(i.IWDG_WriteAccessCmd), (12 bytes).
    Removing stm32f30x_misc.o(.rev16_text), (4 bytes).
    Removing stm32f30x_misc.o(.revsh_text), (4 bytes).
    Removing stm32f30x_misc.o(i.NVIC_SetVectorTable), (20 bytes).
    Removing stm32f30x_misc.o(i.NVIC_SystemLPConfig), (24 bytes).
    Removing stm32f30x_misc.o(i.SysTick_CLKSourceConfig), (22 bytes).
    Removing stm32f30x_opamp.o(.rev16_text), (4 bytes).
    Removing stm32f30x_opamp.o(.revsh_text), (4 bytes).
    Removing stm32f30x_opamp.o(i.OPAMP_Cmd), (26 bytes).
    Removing stm32f30x_opamp.o(i.OPAMP_DeInit), (14 bytes).
    Removing stm32f30x_opamp.o(i.OPAMP_GetOutputLevel), (26 bytes).
    Removing stm32f30x_opamp.o(i.OPAMP_Init), (26 bytes).
    Removing stm32f30x_opamp.o(i.OPAMP_LockConfig), (18 bytes).
    Removing stm32f30x_opamp.o(i.OPAMP_OffsetTrimConfig), (32 bytes).
    Removing stm32f30x_opamp.o(i.OPAMP_OffsetTrimModeSelect), (24 bytes).
    Removing stm32f30x_opamp.o(i.OPAMP_PGAConfig), (26 bytes).
    Removing stm32f30x_opamp.o(i.OPAMP_StartCalibration), (26 bytes).
    Removing stm32f30x_opamp.o(i.OPAMP_StructInit), (8 bytes).
    Removing stm32f30x_opamp.o(i.OPAMP_TimerControlledMuxCmd), (26 bytes).
    Removing stm32f30x_opamp.o(i.OPAMP_TimerControlledMuxConfig), (30 bytes).
    Removing stm32f30x_opamp.o(i.OPAMP_VrefConfig), (20 bytes).
    Removing stm32f30x_opamp.o(i.OPAMP_VrefConnectADCCmd), (26 bytes).
    Removing stm32f30x_opamp.o(i.OPAMP_VrefConnectNonInvertingInput), (26 bytes).
    Removing stm32f30x_pwr.o(.rev16_text), (4 bytes).
    Removing stm32f30x_pwr.o(.revsh_text), (4 bytes).
    Removing stm32f30x_pwr.o(i.PWR_BackupAccessCmd), (12 bytes).
    Removing stm32f30x_pwr.o(i.PWR_ClearFlag), (16 bytes).
    Removing stm32f30x_pwr.o(i.PWR_DeInit), (24 bytes).
    Removing stm32f30x_pwr.o(i.PWR_EnterSTANDBYMode), (40 bytes).
    Removing stm32f30x_pwr.o(i.PWR_EnterSTOPMode), (48 bytes).
    Removing stm32f30x_pwr.o(i.PWR_EnterSleepMode), (24 bytes).
    Removing stm32f30x_pwr.o(i.PWR_GetFlagStatus), (20 bytes).
    Removing stm32f30x_pwr.o(i.PWR_PVDCmd), (12 bytes).
    Removing stm32f30x_pwr.o(i.PWR_PVDLevelConfig), (20 bytes).
    Removing stm32f30x_pwr.o(i.PWR_WakeUpPinCmd), (24 bytes).
    Removing stm32f30x_rcc.o(.rev16_text), (4 bytes).
    Removing stm32f30x_rcc.o(.revsh_text), (4 bytes).
    Removing stm32f30x_rcc.o(i.RCC_AdjustHSICalibrationValue), (20 bytes).
    Removing stm32f30x_rcc.o(i.RCC_BackupResetCmd), (12 bytes).
    Removing stm32f30x_rcc.o(i.RCC_ClearFlag), (16 bytes).
    Removing stm32f30x_rcc.o(i.RCC_ClearITPendingBit), (12 bytes).
    Removing stm32f30x_rcc.o(i.RCC_ClockSecuritySystemCmd), (12 bytes).
    Removing stm32f30x_rcc.o(i.RCC_DeInit), (80 bytes).
    Removing stm32f30x_rcc.o(i.RCC_GetFlagStatus), (52 bytes).
    Removing stm32f30x_rcc.o(i.RCC_GetITStatus), (20 bytes).
    Removing stm32f30x_rcc.o(i.RCC_GetSYSCLKSource), (16 bytes).
    Removing stm32f30x_rcc.o(i.RCC_HCLKConfig), (20 bytes).
    Removing stm32f30x_rcc.o(i.RCC_HSEConfig), (16 bytes).
    Removing stm32f30x_rcc.o(i.RCC_HSICmd), (12 bytes).
    Removing stm32f30x_rcc.o(i.RCC_I2CCLKConfig), (56 bytes).
    Removing stm32f30x_rcc.o(i.RCC_I2SCLKConfig), (12 bytes).
    Removing stm32f30x_rcc.o(i.RCC_ITConfig), (24 bytes).
    Removing stm32f30x_rcc.o(i.RCC_LSEConfig), (32 bytes).
    Removing stm32f30x_rcc.o(i.RCC_LSEDriveConfig), (24 bytes).
    Removing stm32f30x_rcc.o(i.RCC_LSICmd), (12 bytes).
    Removing stm32f30x_rcc.o(i.RCC_MCOConfig), (24 bytes).
    Removing stm32f30x_rcc.o(i.RCC_PCLK1Config), (20 bytes).
    Removing stm32f30x_rcc.o(i.RCC_PCLK2Config), (20 bytes).
    Removing stm32f30x_rcc.o(i.RCC_PLLCmd), (12 bytes).
    Removing stm32f30x_rcc.o(i.RCC_PLLConfig), (24 bytes).
    Removing stm32f30x_rcc.o(i.RCC_PREDIV1Config), (20 bytes).
    Removing stm32f30x_rcc.o(i.RCC_RTCCLKCmd), (12 bytes).
    Removing stm32f30x_rcc.o(i.RCC_RTCCLKConfig), (16 bytes).
    Removing stm32f30x_rcc.o(i.RCC_SYSCLKConfig), (20 bytes).
    Removing stm32f30x_rcc.o(i.RCC_TIMCLKConfig), (72 bytes).
    Removing stm32f30x_rcc.o(i.RCC_USARTCLKConfig), (72 bytes).
    Removing stm32f30x_rcc.o(i.RCC_USBCLKConfig), (12 bytes).
    Removing stm32f30x_rcc.o(i.RCC_WaitForHSEStartUp), (56 bytes).
    Removing stm32f30x_rtc.o(.rev16_text), (4 bytes).
    Removing stm32f30x_rtc.o(.revsh_text), (4 bytes).
    Removing stm32f30x_rtc.o(i.RTC_AlarmCmd), (100 bytes).
    Removing stm32f30x_rtc.o(i.RTC_AlarmStructInit), (20 bytes).
    Removing stm32f30x_rtc.o(i.RTC_AlarmSubSecondConfig), (52 bytes).
    Removing stm32f30x_rtc.o(i.RTC_BypassShadowCmd), (44 bytes).
    Removing stm32f30x_rtc.o(i.RTC_ByteToBcd2), (48 bytes).
    Removing stm32f30x_rtc.o(i.RTC_CalibOutputCmd), (44 bytes).
    Removing stm32f30x_rtc.o(i.RTC_CalibOutputConfig), (40 bytes).
    Removing stm32f30x_rtc.o(i.RTC_ClearFlag), (28 bytes).
    Removing stm32f30x_rtc.o(i.RTC_ClearITPendingBit), (28 bytes).
    Removing stm32f30x_rtc.o(i.RTC_DateStructInit), (14 bytes).
    Removing stm32f30x_rtc.o(i.RTC_DayLightSavingConfig), (52 bytes).
    Removing stm32f30x_rtc.o(i.RTC_DeInit), (192 bytes).
    Removing stm32f30x_rtc.o(i.RTC_EnterInitMode), (68 bytes).
    Removing stm32f30x_rtc.o(i.RTC_ExitInitMode), (16 bytes).
    Removing stm32f30x_rtc.o(i.RTC_GetAlarm), (148 bytes).
    Removing stm32f30x_rtc.o(i.RTC_GetAlarmSubSecond), (36 bytes).
    Removing stm32f30x_rtc.o(i.RTC_GetDate), (108 bytes).
    Removing stm32f30x_rtc.o(i.RTC_GetFlagStatus), (28 bytes).
    Removing stm32f30x_rtc.o(i.RTC_GetITStatus), (64 bytes).
    Removing stm32f30x_rtc.o(i.RTC_GetStoreOperation), (16 bytes).
    Removing stm32f30x_rtc.o(i.RTC_GetSubSecond), (20 bytes).
    Removing stm32f30x_rtc.o(i.RTC_GetTime), (112 bytes).
    Removing stm32f30x_rtc.o(i.RTC_GetTimeStamp), (208 bytes).
    Removing stm32f30x_rtc.o(i.RTC_GetTimeStampSubSecond), (12 bytes).
    Removing stm32f30x_rtc.o(i.RTC_GetWakeUpCounter), (12 bytes).
    Removing stm32f30x_rtc.o(i.RTC_ITConfig), (72 bytes).
    Removing stm32f30x_rtc.o(i.RTC_Init), (88 bytes).
    Removing stm32f30x_rtc.o(i.RTC_OutputConfig), (52 bytes).
    Removing stm32f30x_rtc.o(i.RTC_OutputTypeConfig), (24 bytes).
    Removing stm32f30x_rtc.o(i.RTC_ReadBackupRegister), (20 bytes).
    Removing stm32f30x_rtc.o(i.RTC_RefClockCmd), (72 bytes).
    Removing stm32f30x_rtc.o(i.RTC_SetAlarm), (168 bytes).
    Removing stm32f30x_rtc.o(i.RTC_SetDate), (156 bytes).
    Removing stm32f30x_rtc.o(i.RTC_SetTime), (172 bytes).
    Removing stm32f30x_rtc.o(i.RTC_SetWakeUpCounter), (28 bytes).
    Removing stm32f30x_rtc.o(i.RTC_SmoothCalibConfig), (96 bytes).
    Removing stm32f30x_rtc.o(i.RTC_StructInit), (14 bytes).
    Removing stm32f30x_rtc.o(i.RTC_SynchroShiftConfig), (112 bytes).
    Removing stm32f30x_rtc.o(i.RTC_TamperCmd), (24 bytes).
    Removing stm32f30x_rtc.o(i.RTC_TamperFilterConfig), (24 bytes).
    Removing stm32f30x_rtc.o(i.RTC_TamperPinsPrechargeDuration), (24 bytes).
    Removing stm32f30x_rtc.o(i.RTC_TamperPullUpCmd), (24 bytes).
    Removing stm32f30x_rtc.o(i.RTC_TamperSamplingFreqConfig), (24 bytes).
    Removing stm32f30x_rtc.o(i.RTC_TamperTriggerConfig), (24 bytes).
    Removing stm32f30x_rtc.o(i.RTC_TimeStampCmd), (52 bytes).
    Removing stm32f30x_rtc.o(i.RTC_TimeStampOnTamperDetectionCmd), (24 bytes).
    Removing stm32f30x_rtc.o(i.RTC_TimeStructInit), (12 bytes).
    Removing stm32f30x_rtc.o(i.RTC_WaitForSynchro), (96 bytes).
    Removing stm32f30x_rtc.o(i.RTC_WakeUpClockConfig), (40 bytes).
    Removing stm32f30x_rtc.o(i.RTC_WakeUpCmd), (96 bytes).
    Removing stm32f30x_rtc.o(i.RTC_WriteBackupRegister), (20 bytes).
    Removing stm32f30x_rtc.o(i.RTC_WriteProtectionCmd), (24 bytes).
    Removing stm32f30x_spi.o(.rev16_text), (4 bytes).
    Removing stm32f30x_spi.o(.revsh_text), (4 bytes).
    Removing stm32f30x_spi.o(i.I2S_Cmd), (18 bytes).
    Removing stm32f30x_spi.o(i.I2S_FullDuplexConfig), (70 bytes).
    Removing stm32f30x_spi.o(i.I2S_Init), (176 bytes).
    Removing stm32f30x_spi.o(i.I2S_StructInit), (18 bytes).
    Removing stm32f30x_spi.o(i.SPI_BiDirectionalLineConfig), (20 bytes).
    Removing stm32f30x_spi.o(i.SPI_CRCLengthConfig), (16 bytes).
    Removing stm32f30x_spi.o(i.SPI_CalculateCRC), (18 bytes).
    Removing stm32f30x_spi.o(i.SPI_Cmd), (18 bytes).
    Removing stm32f30x_spi.o(i.SPI_DataSizeConfig), (12 bytes).
    Removing stm32f30x_spi.o(i.SPI_GetCRC), (10 bytes).
    Removing stm32f30x_spi.o(i.SPI_GetCRCPolynomial), (4 bytes).
    Removing stm32f30x_spi.o(i.SPI_GetReceptionFIFOStatus), (8 bytes).
    Removing stm32f30x_spi.o(i.SPI_GetTransmissionFIFOStatus), (8 bytes).
    Removing stm32f30x_spi.o(i.SPI_I2S_ClearFlag), (6 bytes).
    Removing stm32f30x_spi.o(i.SPI_I2S_DMACmd), (16 bytes).
    Removing stm32f30x_spi.o(i.SPI_I2S_DeInit), (100 bytes).
    Removing stm32f30x_spi.o(i.SPI_I2S_GetFlagStatus), (14 bytes).
    Removing stm32f30x_spi.o(i.SPI_I2S_GetITStatus), (46 bytes).
    Removing stm32f30x_spi.o(i.SPI_I2S_ITConfig), (26 bytes).
    Removing stm32f30x_spi.o(i.SPI_I2S_ReceiveData16), (4 bytes).
    Removing stm32f30x_spi.o(i.SPI_I2S_SendData16), (4 bytes).
    Removing stm32f30x_spi.o(i.SPI_Init), (158 bytes).
    Removing stm32f30x_spi.o(i.SPI_LastDMATransferCmd), (16 bytes).
    Removing stm32f30x_spi.o(i.SPI_NSSInternalSoftwareConfig), (22 bytes).
    Removing stm32f30x_spi.o(i.SPI_NSSPulseModeCmd), (18 bytes).
    Removing stm32f30x_spi.o(i.SPI_ReceiveData8), (4 bytes).
    Removing stm32f30x_spi.o(i.SPI_RxFIFOThresholdConfig), (16 bytes).
    Removing stm32f30x_spi.o(i.SPI_SSOutputCmd), (18 bytes).
    Removing stm32f30x_spi.o(i.SPI_SendData8), (4 bytes).
    Removing stm32f30x_spi.o(i.SPI_StructInit), (28 bytes).
    Removing stm32f30x_spi.o(i.SPI_TIModeCmd), (18 bytes).
    Removing stm32f30x_spi.o(i.SPI_TransmitCRC), (10 bytes).
    Removing stm32f30x_syscfg.o(.rev16_text), (4 bytes).
    Removing stm32f30x_syscfg.o(.revsh_text), (4 bytes).
    Removing stm32f30x_syscfg.o(i.SYSCFG_BreakConfig), (16 bytes).
    Removing stm32f30x_syscfg.o(i.SYSCFG_BypassParityCheckDisable), (16 bytes).
    Removing stm32f30x_syscfg.o(i.SYSCFG_ClearFlag), (16 bytes).
    Removing stm32f30x_syscfg.o(i.SYSCFG_DMAChannelRemapConfig), (44 bytes).
    Removing stm32f30x_syscfg.o(i.SYSCFG_DeInit), (40 bytes).
    Removing stm32f30x_syscfg.o(i.SYSCFG_EXTILineConfig), (40 bytes).
    Removing stm32f30x_syscfg.o(i.SYSCFG_EncoderRemapConfig), (24 bytes).
    Removing stm32f30x_syscfg.o(i.SYSCFG_GetFlagStatus), (20 bytes).
    Removing stm32f30x_syscfg.o(i.SYSCFG_I2CFastModePlusConfig), (24 bytes).
    Removing stm32f30x_syscfg.o(i.SYSCFG_ITConfig), (24 bytes).
    Removing stm32f30x_syscfg.o(i.SYSCFG_MemoryRemapConfig), (20 bytes).
    Removing stm32f30x_syscfg.o(i.SYSCFG_SRAMWRPEnable), (16 bytes).
    Removing stm32f30x_syscfg.o(i.SYSCFG_TriggerRemapConfig), (44 bytes).
    Removing stm32f30x_syscfg.o(i.SYSCFG_USBInterruptLineRemapCmd), (12 bytes).
    Removing stm32f30x_tim.o(.rev16_text), (4 bytes).
    Removing stm32f30x_tim.o(.revsh_text), (4 bytes).
    Removing stm32f30x_tim.o(i.TIM_BDTRConfig), (34 bytes).
    Removing stm32f30x_tim.o(i.TIM_BDTRStructInit), (18 bytes).
    Removing stm32f30x_tim.o(i.TIM_Break1Cmd), (18 bytes).
    Removing stm32f30x_tim.o(i.TIM_Break1Config), (20 bytes).
    Removing stm32f30x_tim.o(i.TIM_Break2Cmd), (18 bytes).
    Removing stm32f30x_tim.o(i.TIM_Break2Config), (20 bytes).
    Removing stm32f30x_tim.o(i.TIM_CCPreloadControl), (20 bytes).
    Removing stm32f30x_tim.o(i.TIM_CCxCmd), (26 bytes).
    Removing stm32f30x_tim.o(i.TIM_CCxNCmd), (26 bytes).
    Removing stm32f30x_tim.o(i.TIM_ClearFlag), (8 bytes).
    Removing stm32f30x_tim.o(i.TIM_ClearITPendingBit), (8 bytes).
    Removing stm32f30x_tim.o(i.TIM_ClearOC1Ref), (12 bytes).
    Removing stm32f30x_tim.o(i.TIM_ClearOC2Ref), (14 bytes).
    Removing stm32f30x_tim.o(i.TIM_ClearOC3Ref), (12 bytes).
    Removing stm32f30x_tim.o(i.TIM_ClearOC4Ref), (14 bytes).
    Removing stm32f30x_tim.o(i.TIM_ClearOC5Ref), (12 bytes).
    Removing stm32f30x_tim.o(i.TIM_ClearOC6Ref), (14 bytes).
    Removing stm32f30x_tim.o(i.TIM_CounterModeConfig), (12 bytes).
    Removing stm32f30x_tim.o(i.TIM_CtrlPWMOutputs), (18 bytes).
    Removing stm32f30x_tim.o(i.TIM_DMACmd), (18 bytes).
    Removing stm32f30x_tim.o(i.TIM_DMAConfig), (8 bytes).
    Removing stm32f30x_tim.o(i.TIM_DeInit), (310 bytes).
    Removing stm32f30x_tim.o(i.TIM_ETRClockMode1Config), (42 bytes).
    Removing stm32f30x_tim.o(i.TIM_ETRClockMode2Config), (40 bytes).
    Removing stm32f30x_tim.o(i.TIM_ETRConfig), (32 bytes).
    Removing stm32f30x_tim.o(i.TIM_EncoderInterfaceConfig), (72 bytes).
    Removing stm32f30x_tim.o(i.TIM_ForcedOC1Config), (16 bytes).
    Removing stm32f30x_tim.o(i.TIM_ForcedOC2Config), (18 bytes).
    Removing stm32f30x_tim.o(i.TIM_ForcedOC3Config), (12 bytes).
    Removing stm32f30x_tim.o(i.TIM_ForcedOC4Config), (14 bytes).
    Removing stm32f30x_tim.o(i.TIM_ForcedOC5Config), (12 bytes).
    Removing stm32f30x_tim.o(i.TIM_ForcedOC6Config), (14 bytes).
    Removing stm32f30x_tim.o(i.TIM_GenerateEvent), (4 bytes).
    Removing stm32f30x_tim.o(i.TIM_GetCapture1), (4 bytes).
    Removing stm32f30x_tim.o(i.TIM_GetCapture2), (4 bytes).
    Removing stm32f30x_tim.o(i.TIM_GetCapture3), (4 bytes).
    Removing stm32f30x_tim.o(i.TIM_GetCapture4), (4 bytes).
    Removing stm32f30x_tim.o(i.TIM_GetCounter), (4 bytes).
    Removing stm32f30x_tim.o(i.TIM_GetFlagStatus), (14 bytes).
    Removing stm32f30x_tim.o(i.TIM_GetITStatus), (22 bytes).
    Removing stm32f30x_tim.o(i.TIM_GetPrescaler), (4 bytes).
    Removing stm32f30x_tim.o(i.TIM_ICInit), (300 bytes).
    Removing stm32f30x_tim.o(i.TIM_ICStructInit), (16 bytes).
    Removing stm32f30x_tim.o(i.TIM_ITConfig), (18 bytes).
    Removing stm32f30x_tim.o(i.TIM_ITRxExternalClockConfig), (22 bytes).
    Removing stm32f30x_tim.o(i.TIM_InternalClockConfig), (12 bytes).
    Removing stm32f30x_tim.o(i.TIM_OC1FastConfig), (12 bytes).
    Removing stm32f30x_tim.o(i.TIM_OC1Init), (136 bytes).
    Removing stm32f30x_tim.o(i.TIM_OC1NPolarityConfig), (12 bytes).
    Removing stm32f30x_tim.o(i.TIM_OC1PolarityConfig), (12 bytes).
    Removing stm32f30x_tim.o(i.TIM_OC1PreloadConfig), (12 bytes).
    Removing stm32f30x_tim.o(i.TIM_OC2FastConfig), (14 bytes).
    Removing stm32f30x_tim.o(i.TIM_OC2Init), (120 bytes).
    Removing stm32f30x_tim.o(i.TIM_OC2NPolarityConfig), (14 bytes).
    Removing stm32f30x_tim.o(i.TIM_OC2PolarityConfig), (14 bytes).
    Removing stm32f30x_tim.o(i.TIM_OC2PreloadConfig), (14 bytes).
    Removing stm32f30x_tim.o(i.TIM_OC3FastConfig), (12 bytes).
    Removing stm32f30x_tim.o(i.TIM_OC3Init), (116 bytes).
    Removing stm32f30x_tim.o(i.TIM_OC3NPolarityConfig), (14 bytes).
    Removing stm32f30x_tim.o(i.TIM_OC3PolarityConfig), (14 bytes).
    Removing stm32f30x_tim.o(i.TIM_OC3PreloadConfig), (12 bytes).
    Removing stm32f30x_tim.o(i.TIM_OC4FastConfig), (14 bytes).
    Removing stm32f30x_tim.o(i.TIM_OC4Init), (90 bytes).
    Removing stm32f30x_tim.o(i.TIM_OC4PolarityConfig), (14 bytes).
    Removing stm32f30x_tim.o(i.TIM_OC4PreloadConfig), (14 bytes).
    Removing stm32f30x_tim.o(i.TIM_OC5Init), (88 bytes).
    Removing stm32f30x_tim.o(i.TIM_OC5PolarityConfig), (14 bytes).
    Removing stm32f30x_tim.o(i.TIM_OC5PreloadConfig), (12 bytes).
    Removing stm32f30x_tim.o(i.TIM_OC6Init), (82 bytes).
    Removing stm32f30x_tim.o(i.TIM_OC6PolarityConfig), (14 bytes).
    Removing stm32f30x_tim.o(i.TIM_OC6PreloadConfig), (14 bytes).
    Removing stm32f30x_tim.o(i.TIM_OCStructInit), (20 bytes).
    Removing stm32f30x_tim.o(i.TIM_PWMIConfig), (320 bytes).
    Removing stm32f30x_tim.o(i.TIM_PrescalerConfig), (6 bytes).
    Removing stm32f30x_tim.o(i.TIM_RemapConfig), (6 bytes).
    Removing stm32f30x_tim.o(i.TIM_SelectCCDMA), (20 bytes).
    Removing stm32f30x_tim.o(i.TIM_SelectCOM), (20 bytes).
    Removing stm32f30x_tim.o(i.TIM_SelectGC5C1), (18 bytes).
    Removing stm32f30x_tim.o(i.TIM_SelectGC5C2), (18 bytes).
    Removing stm32f30x_tim.o(i.TIM_SelectGC5C3), (18 bytes).
    Removing stm32f30x_tim.o(i.TIM_SelectHallSensor), (20 bytes).
    Removing stm32f30x_tim.o(i.TIM_SelectInputTrigger), (14 bytes).
    Removing stm32f30x_tim.o(i.TIM_SelectMasterSlaveMode), (18 bytes).
    Removing stm32f30x_tim.o(i.TIM_SelectOCREFClear), (18 bytes).
    Removing stm32f30x_tim.o(i.TIM_SelectOCxM), (96 bytes).
    Removing stm32f30x_tim.o(i.TIM_SelectOnePulseMode), (16 bytes).
    Removing stm32f30x_tim.o(i.TIM_SelectOutputTrigger), (18 bytes).
    Removing stm32f30x_tim.o(i.TIM_SelectOutputTrigger2), (16 bytes).
    Removing stm32f30x_tim.o(i.TIM_SelectSlaveMode), (20 bytes).
    Removing stm32f30x_tim.o(i.TIM_SetClockDivision), (16 bytes).
    Removing stm32f30x_tim.o(i.TIM_SetCompare1), (4 bytes).
    Removing stm32f30x_tim.o(i.TIM_SetCompare2), (4 bytes).
    Removing stm32f30x_tim.o(i.TIM_SetCompare3), (4 bytes).
    Removing stm32f30x_tim.o(i.TIM_SetCompare4), (4 bytes).
    Removing stm32f30x_tim.o(i.TIM_SetCompare5), (4 bytes).
    Removing stm32f30x_tim.o(i.TIM_SetCompare6), (4 bytes).
    Removing stm32f30x_tim.o(i.TIM_SetCounter), (4 bytes).
    Removing stm32f30x_tim.o(i.TIM_SetIC1Prescaler), (16 bytes).
    Removing stm32f30x_tim.o(i.TIM_SetIC2Prescaler), (18 bytes).
    Removing stm32f30x_tim.o(i.TIM_SetIC3Prescaler), (18 bytes).
    Removing stm32f30x_tim.o(i.TIM_SetIC4Prescaler), (26 bytes).
    Removing stm32f30x_tim.o(i.TIM_TIxExternalClockConfig), (136 bytes).
    Removing stm32f30x_tim.o(i.TIM_TimeBaseStructInit), (18 bytes).
    Removing stm32f30x_tim.o(i.TIM_UIFRemap), (18 bytes).
    Removing stm32f30x_tim.o(i.TIM_UpdateDisableConfig), (18 bytes).
    Removing stm32f30x_tim.o(i.TIM_UpdateRequestConfig), (18 bytes).
    Removing stm32f30x_usart.o(.rev16_text), (4 bytes).
    Removing stm32f30x_usart.o(.revsh_text), (4 bytes).
    Removing stm32f30x_usart.o(i.USART_AddressDetectionConfig), (16 bytes).
    Removing stm32f30x_usart.o(i.USART_AutoBaudRateCmd), (18 bytes).
    Removing stm32f30x_usart.o(i.USART_AutoBaudRateConfig), (16 bytes).
    Removing stm32f30x_usart.o(i.USART_ClearITPendingBit), (12 bytes).
    Removing stm32f30x_usart.o(i.USART_ClockInit), (30 bytes).
    Removing stm32f30x_usart.o(i.USART_ClockStructInit), (12 bytes).
    Removing stm32f30x_usart.o(i.USART_DECmd), (18 bytes).
    Removing stm32f30x_usart.o(i.USART_DEPolarityConfig), (16 bytes).
    Removing stm32f30x_usart.o(i.USART_DMAReceptionErrorConfig), (16 bytes).
    Removing stm32f30x_usart.o(i.USART_DataInvCmd), (18 bytes).
    Removing stm32f30x_usart.o(i.USART_DirectionModeCmd), (16 bytes).
    Removing stm32f30x_usart.o(i.USART_GetFlagStatus), (14 bytes).
    Removing stm32f30x_usart.o(i.USART_GetITStatus), (72 bytes).
    Removing stm32f30x_usart.o(i.USART_HalfDuplexCmd), (18 bytes).
    Removing stm32f30x_usart.o(i.USART_ITConfig), (42 bytes).
    Removing stm32f30x_usart.o(i.USART_InvPinCmd), (16 bytes).
    Removing stm32f30x_usart.o(i.USART_IrDACmd), (18 bytes).
    Removing stm32f30x_usart.o(i.USART_IrDAConfig), (16 bytes).
    Removing stm32f30x_usart.o(i.USART_LINBreakDetectLengthConfig), (16 bytes).
    Removing stm32f30x_usart.o(i.USART_LINCmd), (18 bytes).
    Removing stm32f30x_usart.o(i.USART_MSBFirstCmd), (18 bytes).
    Removing stm32f30x_usart.o(i.USART_MuteModeCmd), (18 bytes).
    Removing stm32f30x_usart.o(i.USART_MuteModeWakeUpConfig), (16 bytes).
    Removing stm32f30x_usart.o(i.USART_OneBitMethodCmd), (18 bytes).
    Removing stm32f30x_usart.o(i.USART_OverSampling8Cmd), (18 bytes).
    Removing stm32f30x_usart.o(i.USART_OverrunDetectionConfig), (16 bytes).
    Removing stm32f30x_usart.o(i.USART_ReceiveData), (8 bytes).
    Removing stm32f30x_usart.o(i.USART_ReceiverTimeOutCmd), (18 bytes).
    Removing stm32f30x_usart.o(i.USART_RequestCmd), (16 bytes).
    Removing stm32f30x_usart.o(i.USART_STOPModeCmd), (18 bytes).
    Removing stm32f30x_usart.o(i.USART_SWAPPinCmd), (18 bytes).
    Removing stm32f30x_usart.o(i.USART_SendData), (8 bytes).
    Removing stm32f30x_usart.o(i.USART_SetAddress), (18 bytes).
    Removing stm32f30x_usart.o(i.USART_SetAutoRetryCount), (18 bytes).
    Removing stm32f30x_usart.o(i.USART_SetBlockLength), (18 bytes).
    Removing stm32f30x_usart.o(i.USART_SetDEAssertionTime), (18 bytes).
    Removing stm32f30x_usart.o(i.USART_SetDEDeassertionTime), (18 bytes).
    Removing stm32f30x_usart.o(i.USART_SetGuardTime), (16 bytes).
    Removing stm32f30x_usart.o(i.USART_SetPrescaler), (16 bytes).
    Removing stm32f30x_usart.o(i.USART_SetReceiverTimeOut), (16 bytes).
    Removing stm32f30x_usart.o(i.USART_SmartCardCmd), (18 bytes).
    Removing stm32f30x_usart.o(i.USART_SmartCardNACKCmd), (18 bytes).
    Removing stm32f30x_usart.o(i.USART_StopModeWakeUpSourceConfig), (16 bytes).
    Removing stm32f30x_usart.o(i.USART_StructInit), (22 bytes).
    Removing stm32f30x_wwdg.o(.rev16_text), (4 bytes).
    Removing stm32f30x_wwdg.o(.revsh_text), (4 bytes).
    Removing stm32f30x_wwdg.o(i.WWDG_ClearFlag), (12 bytes).
    Removing stm32f30x_wwdg.o(i.WWDG_DeInit), (24 bytes).
    Removing stm32f30x_wwdg.o(i.WWDG_Enable), (16 bytes).
    Removing stm32f30x_wwdg.o(i.WWDG_EnableIT), (16 bytes).
    Removing stm32f30x_wwdg.o(i.WWDG_GetFlagStatus), (20 bytes).
    Removing stm32f30x_wwdg.o(i.WWDG_SetCounter), (16 bytes).
    Removing stm32f30x_wwdg.o(i.WWDG_SetPrescaler), (20 bytes).
    Removing stm32f30x_wwdg.o(i.WWDG_SetWindowValue), (28 bytes).

657 unused section(s) (total 23120 bytes) removed from the image.

==============================================================================

Adding Veneers to the image

    Adding TT veneer (10 bytes, Long) for call to 'bcfsm' from main.o(i.main).
    Adding TT veneer (10 bytes, Long) for call to 'GPIO_SetBits' from state_machine.o(ccmram).
    Adding TT veneer (10 bytes, Long) for call to 'GPIO_ResetBits' from state_machine.o(ccmram).
    Adding TT veneer (10 bytes, Long) for call to 'LED_TEST' from state_machine.o(ccmram).
    Adding TT veneer (10 bytes, Long) for call to 'type_pz_tustin' from state_machine.o(ccmram).
    Adding TT veneer (10 bytes, Long) for call to 'Delay_ms' from state_machine.o(ccmram).
    Adding TT veneer (10 bytes, Long) for call to 'DMA_GetFlagStatus' from state_machine.o(ccmram).
    Adding TT veneer (10 bytes, Long) for call to 'DMA_ClearITPendingBit' from state_machine.o(ccmram).
    Adding TT veneer (10 bytes, Long) for call to 'DMA_ClearFlag' from state_machine.o(ccmram).
    Adding TT veneer (10 bytes, Long) for call to 'DMA_SetCurrDataCounter' from state_machine.o(ccmram).
    Adding TT veneer (10 bytes, Long) for call to 'Send_data_to_PC' from state_machine.o(ccmram).
    Adding TT veneer (10 bytes, Long) for call to 'HRTIM_GetITStatus' from state_machine.o(ccmram).
    Adding TT veneer (10 bytes, Long) for call to 'HRTIM_ClearITPendingBit' from state_machine.o(ccmram).

13 Veneer(s) (total 130 bytes) added to the image.

==============================================================================

Image Symbol Table

    Local Symbols

    Symbol Name                              Value     Ov Type        Size  Object(Section)

    ../clib/microlib/init/entry.s            0x00000000   Number         0  entry9b.o ABSOLUTE
    ../clib/microlib/init/entry.s            0x00000000   Number         0  entry.o ABSOLUTE
    ../clib/microlib/init/entry.s            0x00000000   Number         0  entry11a.o ABSOLUTE
    ../clib/microlib/init/entry.s            0x00000000   Number         0  entry11b.o ABSOLUTE
    ../clib/microlib/init/entry.s            0x00000000   Number         0  entry2.o ABSOLUTE
    ../clib/microlib/init/entry.s            0x00000000   Number         0  entry5.o ABSOLUTE
    ../clib/microlib/init/entry.s            0x00000000   Number         0  entry10b.o ABSOLUTE
    ../clib/microlib/init/entry.s            0x00000000   Number         0  entry7a.o ABSOLUTE
    ../clib/microlib/init/entry.s            0x00000000   Number         0  entry7b.o ABSOLUTE
    ../clib/microlib/init/entry.s            0x00000000   Number         0  entry10a.o ABSOLUTE
    ../clib/microlib/init/entry.s            0x00000000   Number         0  entry8a.o ABSOLUTE
    ../clib/microlib/init/entry.s            0x00000000   Number         0  entry8b.o ABSOLUTE
    ../clib/microlib/init/entry.s            0x00000000   Number         0  entry9a.o ABSOLUTE
    ../clib/microlib/longlong.c              0x00000000   Number         0  llshl.o ABSOLUTE
    ../clib/microlib/longlong.c              0x00000000   Number         0  llsshr.o ABSOLUTE
    ../clib/microlib/longlong.c              0x00000000   Number         0  llushr.o ABSOLUTE
    ../clib/microlib/stubs.s                 0x00000000   Number         0  iusefp.o ABSOLUTE
    ../fplib/microlib/d2f.c                  0x00000000   Number         0  d2f.o ABSOLUTE
    ../fplib/microlib/fpadd.c                0x00000000   Number         0  dadd.o ABSOLUTE
    ../fplib/microlib/fpdiv.c                0x00000000   Number         0  ddiv.o ABSOLUTE
    ../fplib/microlib/fpepilogue.c           0x00000000   Number         0  fepilogue.o ABSOLUTE
    ../fplib/microlib/fpepilogue.c           0x00000000   Number         0  depilogue.o ABSOLUTE
    ..\Algorithm\type_pz.c                   0x00000000   Number         0  type_pz.o ABSOLUTE
    ..\Lib\STM32F30x_StdPeriph_Driver\src\stm32f30x_adc.c 0x00000000   Number         0  stm32f30x_adc.o ABSOLUTE
    ..\Lib\STM32F30x_StdPeriph_Driver\src\stm32f30x_can.c 0x00000000   Number         0  stm32f30x_can.o ABSOLUTE
    ..\Lib\STM32F30x_StdPeriph_Driver\src\stm32f30x_comp.c 0x00000000   Number         0  stm32f30x_comp.o ABSOLUTE
    ..\Lib\STM32F30x_StdPeriph_Driver\src\stm32f30x_crc.c 0x00000000   Number         0  stm32f30x_crc.o ABSOLUTE
    ..\Lib\STM32F30x_StdPeriph_Driver\src\stm32f30x_dac.c 0x00000000   Number         0  stm32f30x_dac.o ABSOLUTE
    ..\Lib\STM32F30x_StdPeriph_Driver\src\stm32f30x_dbgmcu.c 0x00000000   Number         0  stm32f30x_dbgmcu.o ABSOLUTE
    ..\Lib\STM32F30x_StdPeriph_Driver\src\stm32f30x_dma.c 0x00000000   Number         0  stm32f30x_dma.o ABSOLUTE
    ..\Lib\STM32F30x_StdPeriph_Driver\src\stm32f30x_exti.c 0x00000000   Number         0  stm32f30x_exti.o ABSOLUTE
    ..\Lib\STM32F30x_StdPeriph_Driver\src\stm32f30x_flash.c 0x00000000   Number         0  stm32f30x_flash.o ABSOLUTE
    ..\Lib\STM32F30x_StdPeriph_Driver\src\stm32f30x_gpio.c 0x00000000   Number         0  stm32f30x_gpio.o ABSOLUTE
    ..\Lib\STM32F30x_StdPeriph_Driver\src\stm32f30x_hrtim.c 0x00000000   Number         0  stm32f30x_hrtim.o ABSOLUTE
    ..\Lib\STM32F30x_StdPeriph_Driver\src\stm32f30x_i2c.c 0x00000000   Number         0  stm32f30x_i2c.o ABSOLUTE
    ..\Lib\STM32F30x_StdPeriph_Driver\src\stm32f30x_iwdg.c 0x00000000   Number         0  stm32f30x_iwdg.o ABSOLUTE
    ..\Lib\STM32F30x_StdPeriph_Driver\src\stm32f30x_misc.c 0x00000000   Number         0  stm32f30x_misc.o ABSOLUTE
    ..\Lib\STM32F30x_StdPeriph_Driver\src\stm32f30x_opamp.c 0x00000000   Number         0  stm32f30x_opamp.o ABSOLUTE
    ..\Lib\STM32F30x_StdPeriph_Driver\src\stm32f30x_pwr.c 0x00000000   Number         0  stm32f30x_pwr.o ABSOLUTE
    ..\Lib\STM32F30x_StdPeriph_Driver\src\stm32f30x_rcc.c 0x00000000   Number         0  stm32f30x_rcc.o ABSOLUTE
    ..\Lib\STM32F30x_StdPeriph_Driver\src\stm32f30x_rtc.c 0x00000000   Number         0  stm32f30x_rtc.o ABSOLUTE
    ..\Lib\STM32F30x_StdPeriph_Driver\src\stm32f30x_spi.c 0x00000000   Number         0  stm32f30x_spi.o ABSOLUTE
    ..\Lib\STM32F30x_StdPeriph_Driver\src\stm32f30x_syscfg.c 0x00000000   Number         0  stm32f30x_syscfg.o ABSOLUTE
    ..\Lib\STM32F30x_StdPeriph_Driver\src\stm32f30x_tim.c 0x00000000   Number         0  stm32f30x_tim.o ABSOLUTE
    ..\Lib\STM32F30x_StdPeriph_Driver\src\stm32f30x_usart.c 0x00000000   Number         0  stm32f30x_usart.o ABSOLUTE
    ..\Lib\STM32F30x_StdPeriph_Driver\src\stm32f30x_wwdg.c 0x00000000   Number         0  stm32f30x_wwdg.o ABSOLUTE
    ..\User_code\ADC_INT.c                   0x00000000   Number         0  adc_int.o ABSOLUTE
    ..\User_code\HRTIM_INT.c                 0x00000000   Number         0  hrtim_int.o ABSOLUTE
    ..\User_code\LED.C                       0x00000000   Number         0  led.o ABSOLUTE
    ..\User_code\delay.c                     0x00000000   Number         0  delay.o ABSOLUTE
    ..\User_code\init.c                      0x00000000   Number         0  init.o ABSOLUTE
    ..\User_code\main.c                      0x00000000   Number         0  main.o ABSOLUTE
    ..\User_code\state_machine.c             0x00000000   Number         0  state_machine.o ABSOLUTE
    ..\User_code\stm32f3xx_it.c              0x00000000   Number         0  stm32f3xx_it.o ABSOLUTE
    ..\User_code\system_stm32f30x.c          0x00000000   Number         0  system_stm32f30x.o ABSOLUTE
    ..\\Algorithm\\type_pz.c                 0x00000000   Number         0  type_pz.o ABSOLUTE
    ..\\Lib\\STM32F30x_StdPeriph_Driver\\src\\stm32f30x_adc.c 0x00000000   Number         0  stm32f30x_adc.o ABSOLUTE
    ..\\Lib\\STM32F30x_StdPeriph_Driver\\src\\stm32f30x_can.c 0x00000000   Number         0  stm32f30x_can.o ABSOLUTE
    ..\\Lib\\STM32F30x_StdPeriph_Driver\\src\\stm32f30x_comp.c 0x00000000   Number         0  stm32f30x_comp.o ABSOLUTE
    ..\\Lib\\STM32F30x_StdPeriph_Driver\\src\\stm32f30x_crc.c 0x00000000   Number         0  stm32f30x_crc.o ABSOLUTE
    ..\\Lib\\STM32F30x_StdPeriph_Driver\\src\\stm32f30x_dac.c 0x00000000   Number         0  stm32f30x_dac.o ABSOLUTE
    ..\\Lib\\STM32F30x_StdPeriph_Driver\\src\\stm32f30x_dbgmcu.c 0x00000000   Number         0  stm32f30x_dbgmcu.o ABSOLUTE
    ..\\Lib\\STM32F30x_StdPeriph_Driver\\src\\stm32f30x_dma.c 0x00000000   Number         0  stm32f30x_dma.o ABSOLUTE
    ..\\Lib\\STM32F30x_StdPeriph_Driver\\src\\stm32f30x_exti.c 0x00000000   Number         0  stm32f30x_exti.o ABSOLUTE
    ..\\Lib\\STM32F30x_StdPeriph_Driver\\src\\stm32f30x_flash.c 0x00000000   Number         0  stm32f30x_flash.o ABSOLUTE
    ..\\Lib\\STM32F30x_StdPeriph_Driver\\src\\stm32f30x_gpio.c 0x00000000   Number         0  stm32f30x_gpio.o ABSOLUTE
    ..\\Lib\\STM32F30x_StdPeriph_Driver\\src\\stm32f30x_hrtim.c 0x00000000   Number         0  stm32f30x_hrtim.o ABSOLUTE
    ..\\Lib\\STM32F30x_StdPeriph_Driver\\src\\stm32f30x_i2c.c 0x00000000   Number         0  stm32f30x_i2c.o ABSOLUTE
    ..\\Lib\\STM32F30x_StdPeriph_Driver\\src\\stm32f30x_iwdg.c 0x00000000   Number         0  stm32f30x_iwdg.o ABSOLUTE
    ..\\Lib\\STM32F30x_StdPeriph_Driver\\src\\stm32f30x_misc.c 0x00000000   Number         0  stm32f30x_misc.o ABSOLUTE
    ..\\Lib\\STM32F30x_StdPeriph_Driver\\src\\stm32f30x_opamp.c 0x00000000   Number         0  stm32f30x_opamp.o ABSOLUTE
    ..\\Lib\\STM32F30x_StdPeriph_Driver\\src\\stm32f30x_pwr.c 0x00000000   Number         0  stm32f30x_pwr.o ABSOLUTE
    ..\\Lib\\STM32F30x_StdPeriph_Driver\\src\\stm32f30x_rcc.c 0x00000000   Number         0  stm32f30x_rcc.o ABSOLUTE
    ..\\Lib\\STM32F30x_StdPeriph_Driver\\src\\stm32f30x_rtc.c 0x00000000   Number         0  stm32f30x_rtc.o ABSOLUTE
    ..\\Lib\\STM32F30x_StdPeriph_Driver\\src\\stm32f30x_spi.c 0x00000000   Number         0  stm32f30x_spi.o ABSOLUTE
    ..\\Lib\\STM32F30x_StdPeriph_Driver\\src\\stm32f30x_syscfg.c 0x00000000   Number         0  stm32f30x_syscfg.o ABSOLUTE
    ..\\Lib\\STM32F30x_StdPeriph_Driver\\src\\stm32f30x_tim.c 0x00000000   Number         0  stm32f30x_tim.o ABSOLUTE
    ..\\Lib\\STM32F30x_StdPeriph_Driver\\src\\stm32f30x_usart.c 0x00000000   Number         0  stm32f30x_usart.o ABSOLUTE
    ..\\Lib\\STM32F30x_StdPeriph_Driver\\src\\stm32f30x_wwdg.c 0x00000000   Number         0  stm32f30x_wwdg.o ABSOLUTE
    ..\\User_code\\ADC_INT.c                 0x00000000   Number         0  adc_int.o ABSOLUTE
    ..\\User_code\\HRTIM_INT.c               0x00000000   Number         0  hrtim_int.o ABSOLUTE
    ..\\User_code\\LED.C                     0x00000000   Number         0  led.o ABSOLUTE
    ..\\User_code\\delay.c                   0x00000000   Number         0  delay.o ABSOLUTE
    ..\\User_code\\init.c                    0x00000000   Number         0  init.o ABSOLUTE
    ..\\User_code\\main.c                    0x00000000   Number         0  main.o ABSOLUTE
    ..\\User_code\\state_machine.c           0x00000000   Number         0  state_machine.o ABSOLUTE
    ..\\User_code\\stm32f3xx_it.c            0x00000000   Number         0  stm32f3xx_it.o ABSOLUTE
    ..\\User_code\\system_stm32f30x.c        0x00000000   Number         0  system_stm32f30x.o ABSOLUTE
    dc.s                                     0x00000000   Number         0  dc.o ABSOLUTE
    handlers.s                               0x00000000   Number         0  handlers.o ABSOLUTE
    init.s                                   0x00000000   Number         0  init.o ABSOLUTE
    startup_stm32f334x8.s                    0x00000000   Number         0  startup_stm32f334x8.o ABSOLUTE
    RESET                                    0x08000000   Section      392  startup_stm32f334x8.o(RESET)
    .ARM.Collect$$$$00000000                 0x08000188   Section        0  entry.o(.ARM.Collect$$$$00000000)
    .ARM.Collect$$$$00000001                 0x08000188   Section        4  entry2.o(.ARM.Collect$$$$00000001)
    .ARM.Collect$$$$00000004                 0x0800018c   Section        4  entry5.o(.ARM.Collect$$$$00000004)
    .ARM.Collect$$$$00000008                 0x08000190   Section        0  entry7b.o(.ARM.Collect$$$$00000008)
    .ARM.Collect$$$$0000000A                 0x08000190   Section        0  entry8b.o(.ARM.Collect$$$$0000000A)
    .ARM.Collect$$$$0000000B                 0x08000190   Section        8  entry9a.o(.ARM.Collect$$$$0000000B)
    .ARM.Collect$$$$0000000D                 0x08000198   Section        0  entry10a.o(.ARM.Collect$$$$0000000D)
    .ARM.Collect$$$$0000000F                 0x08000198   Section        0  entry11a.o(.ARM.Collect$$$$0000000F)
    .ARM.Collect$$$$00002712                 0x08000198   Section        4  entry2.o(.ARM.Collect$$$$00002712)
    __lit__00000000                          0x08000198   Data           4  entry2.o(.ARM.Collect$$$$00002712)
    .text                                    0x0800019c   Section       36  startup_stm32f334x8.o(.text)
    $v0                                      0x0800019c   Number         0  startup_stm32f334x8.o(.text)
    .text                                    0x080001c0   Section        0  dadd.o(.text)
    .text                                    0x0800030e   Section        0  ddiv.o(.text)
    .text                                    0x080003ec   Section        0  d2f.o(.text)
    .text                                    0x08000424   Section        0  llshl.o(.text)
    .text                                    0x08000442   Section        0  llsshr.o(.text)
    .text                                    0x08000466   Section        0  fepilogue.o(.text)
    .text                                    0x08000466   Section        0  iusefp.o(.text)
    .text                                    0x080004d4   Section        0  depilogue.o(.text)
    .text                                    0x08000590   Section       36  init.o(.text)
    .text                                    0x080005b4   Section        0  llushr.o(.text)
    i.ADC1_Config                            0x080005e0   Section        0  adc_int.o(i.ADC1_Config)
    i.ADC2_Config                            0x08000704   Section        0  adc_int.o(i.ADC2_Config)
    i.ADC_Cmd                                0x08000818   Section        0  stm32f30x_adc.o(i.ADC_Cmd)
    i.ADC_CommonInit                         0x0800082c   Section        0  stm32f30x_adc.o(i.ADC_CommonInit)
    i.ADC_Config                             0x08000888   Section        0  adc_int.o(i.ADC_Config)
    i.ADC_DMACmd                             0x08000974   Section        0  stm32f30x_adc.o(i.ADC_DMACmd)
    i.ADC_DMAConfig                          0x08000986   Section        0  stm32f30x_adc.o(i.ADC_DMAConfig)
    i.ADC_DeInit                             0x08000996   Section        0  stm32f30x_adc.o(i.ADC_DeInit)
    i.ADC_GetCalibrationStatus               0x080009e8   Section        0  stm32f30x_adc.o(i.ADC_GetCalibrationStatus)
    i.ADC_GetCalibrationValue                0x080009f8   Section        0  stm32f30x_adc.o(i.ADC_GetCalibrationValue)
    i.ADC_GetFlagStatus                      0x080009fe   Section        0  stm32f30x_adc.o(i.ADC_GetFlagStatus)
    i.ADC_Init                               0x08000a0c   Section        0  stm32f30x_adc.o(i.ADC_Init)
    i.ADC_RegularChannelConfig               0x08000a5c   Section        0  stm32f30x_adc.o(i.ADC_RegularChannelConfig)
    i.ADC_SelectCalibrationMode              0x08000b36   Section        0  stm32f30x_adc.o(i.ADC_SelectCalibrationMode)
    i.ADC_StartCalibration                   0x08000b46   Section        0  stm32f30x_adc.o(i.ADC_StartCalibration)
    i.ADC_StartConversion                    0x08000b50   Section        0  stm32f30x_adc.o(i.ADC_StartConversion)
    i.ADC_StructInit                         0x08000b5a   Section        0  stm32f30x_adc.o(i.ADC_StructInit)
    i.ADC_VoltageRegulatorCmd                0x08000b70   Section        0  stm32f30x_adc.o(i.ADC_VoltageRegulatorCmd)
    i.BusFault_Handler                       0x08000b8a   Section        0  stm32f3xx_it.o(i.BusFault_Handler)
    i.DMA_ClearFlag                          0x08000b8c   Section        0  stm32f30x_dma.o(i.DMA_ClearFlag)
    i.DMA_ClearITPendingBit                  0x08000ba4   Section        0  stm32f30x_dma.o(i.DMA_ClearITPendingBit)
    i.DMA_Cmd                                0x08000bbc   Section        0  stm32f30x_dma.o(i.DMA_Cmd)
    i.DMA_DeInit                             0x08000bd0   Section        0  stm32f30x_dma.o(i.DMA_DeInit)
    i.DMA_GetFlagStatus                      0x08000cd4   Section        0  stm32f30x_dma.o(i.DMA_GetFlagStatus)
    i.DMA_ITConfig                           0x08000cf4   Section        0  stm32f30x_dma.o(i.DMA_ITConfig)
    i.DMA_Init                               0x08000d04   Section        0  stm32f30x_dma.o(i.DMA_Init)
    i.DMA_SetCurrDataCounter                 0x08000d56   Section        0  stm32f30x_dma.o(i.DMA_SetCurrDataCounter)
    i.DebugMon_Handler                       0x08000d5a   Section        0  stm32f3xx_it.o(i.DebugMon_Handler)
    i.Delay_ms                               0x08000d5c   Section        0  delay.o(i.Delay_ms)
    i.Delay_us                               0x08000d98   Section        0  delay.o(i.Delay_us)
    i.GPIO_HRTIM_Config                      0x08000db4   Section        0  hrtim_int.o(i.GPIO_HRTIM_Config)
    i.GPIO_Init                              0x08000e18   Section        0  stm32f30x_gpio.o(i.GPIO_Init)
    i.GPIO_PinAFConfig                       0x08000eaa   Section        0  stm32f30x_gpio.o(i.GPIO_PinAFConfig)
    i.GPIO_ResetBits                         0x08000ecc   Section        0  stm32f30x_gpio.o(i.GPIO_ResetBits)
    i.GPIO_SetBits                           0x08000ed0   Section        0  stm32f30x_gpio.o(i.GPIO_SetBits)
    i.HRTIM_ADCTriggerConfig                 0x08000ed4   Section        0  stm32f30x_hrtim.o(i.HRTIM_ADCTriggerConfig)
    i.HRTIM_ClearITPendingBit                0x08000f32   Section        0  stm32f30x_hrtim.o(i.HRTIM_ClearITPendingBit)
    i.HRTIM_Config                           0x08000f5c   Section        0  hrtim_int.o(i.HRTIM_Config)
    i.HRTIM_DLLCalibrationStart              0x08001138   Section        0  stm32f30x_hrtim.o(i.HRTIM_DLLCalibrationStart)
    i.HRTIM_DeadTimeConfig                   0x0800115c   Section        0  stm32f30x_hrtim.o(i.HRTIM_DeadTimeConfig)
    i.HRTIM_GetCommonFlagStatus              0x0800119c   Section        0  stm32f30x_hrtim.o(i.HRTIM_GetCommonFlagStatus)
    i.HRTIM_GetITStatus                      0x080011ac   Section        0  stm32f30x_hrtim.o(i.HRTIM_GetITStatus)
    i.HRTIM_ITConfig                         0x080011f2   Section        0  stm32f30x_hrtim.o(i.HRTIM_ITConfig)
    i.HRTIM_OutputConfig                     0x08001226   Section        0  stm32f30x_hrtim.o(i.HRTIM_OutputConfig)
    HRTIM_OutputConfig                       0x08001227   Thumb Code   158  stm32f30x_hrtim.o(i.HRTIM_OutputConfig)
    i.HRTIM_TimingUnitBase_Config            0x080012c4   Section        0  stm32f30x_hrtim.o(i.HRTIM_TimingUnitBase_Config)
    HRTIM_TimingUnitBase_Config              0x080012c5   Thumb Code    66  stm32f30x_hrtim.o(i.HRTIM_TimingUnitBase_Config)
    i.HRTIM_WaveformCompareConfig            0x08001306   Section        0  stm32f30x_hrtim.o(i.HRTIM_WaveformCompareConfig)
    i.HRTIM_WaveformCounterStart             0x0800139e   Section        0  stm32f30x_hrtim.o(i.HRTIM_WaveformCounterStart)
    i.HRTIM_WaveformOutputConfig             0x080013a6   Section        0  stm32f30x_hrtim.o(i.HRTIM_WaveformOutputConfig)
    i.HRTIM_WaveformOutputStart              0x080013aa   Section        0  stm32f30x_hrtim.o(i.HRTIM_WaveformOutputStart)
    i.HRTIM_WaveformTimerConfig              0x080013b0   Section        0  stm32f30x_hrtim.o(i.HRTIM_WaveformTimerConfig)
    i.HRTIM_Waveform_Init                    0x0800141e   Section        0  stm32f30x_hrtim.o(i.HRTIM_Waveform_Init)
    i.HardFault_Handler                      0x08001540   Section        0  stm32f3xx_it.o(i.HardFault_Handler)
    i.Init_TIM16                             0x08001544   Section        0  delay.o(i.Init_TIM16)
    i.Initial_prepheral_                     0x08001598   Section        0  init.o(i.Initial_prepheral_)
    i.LED_GPIO_InitConfig                    0x080015e4   Section        0  led.o(i.LED_GPIO_InitConfig)
    i.LED_TEST                               0x08001684   Section        0  led.o(i.LED_TEST)
    i.MemManage_Handler                      0x08001768   Section        0  stm32f3xx_it.o(i.MemManage_Handler)
    i.NMI_Handler                            0x0800176a   Section        0  stm32f3xx_it.o(i.NMI_Handler)
    i.NVIC_Init                              0x0800176c   Section        0  stm32f30x_misc.o(i.NVIC_Init)
    i.NVIC_PriorityGroupConfig               0x080017e0   Section        0  stm32f30x_misc.o(i.NVIC_PriorityGroupConfig)
    i.PendSV_Handler                         0x080017f4   Section        0  stm32f3xx_it.o(i.PendSV_Handler)
    i.RCC_ADCCLKConfig                       0x080017f8   Section        0  stm32f30x_rcc.o(i.RCC_ADCCLKConfig)
    i.RCC_AHBPeriphClockCmd                  0x08001818   Section        0  stm32f30x_rcc.o(i.RCC_AHBPeriphClockCmd)
    i.RCC_AHBPeriphResetCmd                  0x08001830   Section        0  stm32f30x_rcc.o(i.RCC_AHBPeriphResetCmd)
    i.RCC_APB1PeriphClockCmd                 0x08001848   Section        0  stm32f30x_rcc.o(i.RCC_APB1PeriphClockCmd)
    i.RCC_APB1PeriphResetCmd                 0x08001860   Section        0  stm32f30x_rcc.o(i.RCC_APB1PeriphResetCmd)
    i.RCC_APB2PeriphClockCmd                 0x08001878   Section        0  stm32f30x_rcc.o(i.RCC_APB2PeriphClockCmd)
    i.RCC_APB2PeriphResetCmd                 0x08001890   Section        0  stm32f30x_rcc.o(i.RCC_APB2PeriphResetCmd)
    i.RCC_GetClocksFreq                      0x080018a8   Section        0  stm32f30x_rcc.o(i.RCC_GetClocksFreq)
    i.RCC_HRTIM1CLKConfig                    0x08001b98   Section        0  stm32f30x_rcc.o(i.RCC_HRTIM1CLKConfig)
    i.SVC_Handler                            0x08001bb0   Section        0  stm32f3xx_it.o(i.SVC_Handler)
    i.Send_data_to_PC                        0x08001bb4   Section        0  init.o(i.Send_data_to_PC)
    i.SysTick_Handler                        0x08001bd0   Section        0  stm32f3xx_it.o(i.SysTick_Handler)
    i.SystemInit                             0x08001bd4   Section        0  system_stm32f30x.o(i.SystemInit)
    i.TIM_ARRPreloadConfig                   0x08001ccc   Section        0  stm32f30x_tim.o(i.TIM_ARRPreloadConfig)
    i.TIM_Cmd                                0x08001cde   Section        0  stm32f30x_tim.o(i.TIM_Cmd)
    i.TIM_SetAutoreload                      0x08001cf0   Section        0  stm32f30x_tim.o(i.TIM_SetAutoreload)
    i.TIM_TimeBaseInit                       0x08001cf4   Section        0  stm32f30x_tim.o(i.TIM_TimeBaseInit)
    i.USART1_Config                          0x08001d84   Section        0  init.o(i.USART1_Config)
    i.USART_ClearFlag                        0x08001ea0   Section        0  stm32f30x_usart.o(i.USART_ClearFlag)
    i.USART_Cmd                              0x08001ea4   Section        0  stm32f30x_usart.o(i.USART_Cmd)
    i.USART_DMACmd                           0x08001eb6   Section        0  stm32f30x_usart.o(i.USART_DMACmd)
    i.USART_DeInit                           0x08001ec6   Section        0  stm32f30x_usart.o(i.USART_DeInit)
    i.USART_Init                             0x08001f6a   Section        0  stm32f30x_usart.o(i.USART_Init)
    i.UsageFault_Handler                     0x08002034   Section        0  stm32f3xx_it.o(i.UsageFault_Handler)
    i.__scatterload_copy                     0x08002036   Section       14  handlers.o(i.__scatterload_copy)
    i.__scatterload_null                     0x08002044   Section        2  handlers.o(i.__scatterload_null)
    i.__scatterload_zeroinit                 0x08002046   Section       14  handlers.o(i.__scatterload_zeroinit)
    i.main                                   0x08002054   Section        0  main.o(i.main)
    i.type_pz_tustin                         0x08002068   Section        0  type_pz.o(i.type_pz_tustin)
    ccmram                                   0x10000078   Section        0  state_machine.o(ccmram)
    ccmram                                   0x1000091c   Section        0  type_pz.o(ccmram)
    ccmram                                   0x10000a98   Section       80  state_machine.o(ccmram)
    ccmram                                   0x10000ae8   Section       72  type_pz.o(ccmram)
    .data                                    0x20000000   Section       12  adc_int.o(.data)
    .data                                    0x2000000c   Section        6  init.o(.data)
    .data                                    0x20000012   Section       48  stm32f30x_rcc.o(.data)
    APBAHBPrescTable                         0x20000012   Data          16  stm32f30x_rcc.o(.data)
    ADCPrescTable                            0x20000022   Data          32  stm32f30x_rcc.o(.data)
    .bss                                     0x20000044   Section       14  init.o(.bss)
    STACK                                    0x20000058   Section     1024  startup_stm32f334x8.o(STACK)

    Global Symbols

    Symbol Name                              Value     Ov Type        Size  Object(Section)

    BuildAttributes$$THM_ISAv4$E$P$D$K$B$S$7EM$VFPi3$EXTD16$VFPS$VFMA$PE$A:L22UL41UL21$X:L11$S22US41US21$IEEE1$IW$USESV6$~STKCKD$USESV7$~SHL$OTIME$ROPI$EBA8$MICROLIB$REQ8$PRES8$EABIv2 0x00000000   Number         0  anon$$obj.o ABSOLUTE
    __ARM_use_no_argv                        0x00000000   Number         0  main.o ABSOLUTE
    __cpp_initialize__aeabi_                  - Undefined Weak Reference
    __cxa_finalize                            - Undefined Weak Reference
    __decompress                              - Undefined Weak Reference
    _clock_init                               - Undefined Weak Reference
    _microlib_exit                            - Undefined Weak Reference
    __Vectors_Size                           0x00000188   Number         0  startup_stm32f334x8.o ABSOLUTE
    __Vectors                                0x08000000   Data           4  startup_stm32f334x8.o(RESET)
    __Vectors_End                            0x08000188   Data           0  startup_stm32f334x8.o(RESET)
    __main                                   0x08000189   Thumb Code     0  entry.o(.ARM.Collect$$$$00000000)
    _main_stk                                0x08000189   Thumb Code     0  entry2.o(.ARM.Collect$$$$00000001)
    _main_scatterload                        0x0800018d   Thumb Code     0  entry5.o(.ARM.Collect$$$$00000004)
    __main_after_scatterload                 0x08000191   Thumb Code     0  entry5.o(.ARM.Collect$$$$00000004)
    _main_clock                              0x08000191   Thumb Code     0  entry7b.o(.ARM.Collect$$$$00000008)
    _main_cpp_init                           0x08000191   Thumb Code     0  entry8b.o(.ARM.Collect$$$$0000000A)
    _main_init                               0x08000191   Thumb Code     0  entry9a.o(.ARM.Collect$$$$0000000B)
    __rt_final_cpp                           0x08000199   Thumb Code     0  entry10a.o(.ARM.Collect$$$$0000000D)
    __rt_final_exit                          0x08000199   Thumb Code     0  entry11a.o(.ARM.Collect$$$$0000000F)
    Reset_Handler                            0x0800019d   Thumb Code     8  startup_stm32f334x8.o(.text)
    ADC1_2_IRQHandler                        0x080001b7   Thumb Code     0  startup_stm32f334x8.o(.text)
    CAN1_RX0_IRQHandler                      0x080001b7   Thumb Code     0  startup_stm32f334x8.o(.text)
    CAN1_RX1_IRQHandler                      0x080001b7   Thumb Code     0  startup_stm32f334x8.o(.text)
    CAN1_SCE_IRQHandler                      0x080001b7   Thumb Code     0  startup_stm32f334x8.o(.text)
    CAN1_TX_IRQHandler                       0x080001b7   Thumb Code     0  startup_stm32f334x8.o(.text)
    COMP2_IRQHandler                         0x080001b7   Thumb Code     0  startup_stm32f334x8.o(.text)
    COMP4_6_IRQHandler                       0x080001b7   Thumb Code     0  startup_stm32f334x8.o(.text)
    DMA1_Channel1_IRQHandler                 0x080001b7   Thumb Code     0  startup_stm32f334x8.o(.text)
    DMA1_Channel2_IRQHandler                 0x080001b7   Thumb Code     0  startup_stm32f334x8.o(.text)
    DMA1_Channel3_IRQHandler                 0x080001b7   Thumb Code     0  startup_stm32f334x8.o(.text)
    DMA1_Channel4_IRQHandler                 0x080001b7   Thumb Code     0  startup_stm32f334x8.o(.text)
    DMA1_Channel5_IRQHandler                 0x080001b7   Thumb Code     0  startup_stm32f334x8.o(.text)
    DMA1_Channel6_IRQHandler                 0x080001b7   Thumb Code     0  startup_stm32f334x8.o(.text)
    DMA1_Channel7_IRQHandler                 0x080001b7   Thumb Code     0  startup_stm32f334x8.o(.text)
    EXTI0_IRQHandler                         0x080001b7   Thumb Code     0  startup_stm32f334x8.o(.text)
    EXTI15_10_IRQHandler                     0x080001b7   Thumb Code     0  startup_stm32f334x8.o(.text)
    EXTI1_IRQHandler                         0x080001b7   Thumb Code     0  startup_stm32f334x8.o(.text)
    EXTI2_TS_IRQHandler                      0x080001b7   Thumb Code     0  startup_stm32f334x8.o(.text)
    EXTI3_IRQHandler                         0x080001b7   Thumb Code     0  startup_stm32f334x8.o(.text)
    EXTI4_IRQHandler                         0x080001b7   Thumb Code     0  startup_stm32f334x8.o(.text)
    EXTI9_5_IRQHandler                       0x080001b7   Thumb Code     0  startup_stm32f334x8.o(.text)
    FLASH_IRQHandler                         0x080001b7   Thumb Code     0  startup_stm32f334x8.o(.text)
    FPU_IRQHandler                           0x080001b7   Thumb Code     0  startup_stm32f334x8.o(.text)
    HRTIM1_FLT_IRQHandler                    0x080001b7   Thumb Code     0  startup_stm32f334x8.o(.text)
    HRTIM1_Master_IRQHandler                 0x080001b7   Thumb Code     0  startup_stm32f334x8.o(.text)
    HRTIM1_TIMB_IRQHandler                   0x080001b7   Thumb Code     0  startup_stm32f334x8.o(.text)
    HRTIM1_TIMC_IRQHandler                   0x080001b7   Thumb Code     0  startup_stm32f334x8.o(.text)
    HRTIM1_TIMD_IRQHandler                   0x080001b7   Thumb Code     0  startup_stm32f334x8.o(.text)
    HRTIM1_TIME_IRQHandler                   0x080001b7   Thumb Code     0  startup_stm32f334x8.o(.text)
    I2C1_ER_IRQHandler                       0x080001b7   Thumb Code     0  startup_stm32f334x8.o(.text)
    I2C1_EV_IRQHandler                       0x080001b7   Thumb Code     0  startup_stm32f334x8.o(.text)
    PVD_IRQHandler                           0x080001b7   Thumb Code     0  startup_stm32f334x8.o(.text)
    RCC_IRQHandler                           0x080001b7   Thumb Code     0  startup_stm32f334x8.o(.text)
    RTC_Alarm_IRQHandler                     0x080001b7   Thumb Code     0  startup_stm32f334x8.o(.text)
    RTC_WKUP_IRQHandler                      0x080001b7   Thumb Code     0  startup_stm32f334x8.o(.text)
    SPI1_IRQHandler                          0x080001b7   Thumb Code     0  startup_stm32f334x8.o(.text)
    TAMPER_STAMP_IRQHandler                  0x080001b7   Thumb Code     0  startup_stm32f334x8.o(.text)
    TIM1_BRK_TIM15_IRQHandler                0x080001b7   Thumb Code     0  startup_stm32f334x8.o(.text)
    TIM1_CC_IRQHandler                       0x080001b7   Thumb Code     0  startup_stm32f334x8.o(.text)
    TIM1_TRG_COM_TIM17_IRQHandler            0x080001b7   Thumb Code     0  startup_stm32f334x8.o(.text)
    TIM1_UP_TIM16_IRQHandler                 0x080001b7   Thumb Code     0  startup_stm32f334x8.o(.text)
    TIM2_IRQHandler                          0x080001b7   Thumb Code     0  startup_stm32f334x8.o(.text)
    TIM3_IRQHandler                          0x080001b7   Thumb Code     0  startup_stm32f334x8.o(.text)
    TIM6_DAC1_IRQHandler                     0x080001b7   Thumb Code     0  startup_stm32f334x8.o(.text)
    TIM7_DAC2_IRQHandler                     0x080001b7   Thumb Code     0  startup_stm32f334x8.o(.text)
    USART1_IRQHandler                        0x080001b7   Thumb Code     0  startup_stm32f334x8.o(.text)
    USART2_IRQHandler                        0x080001b7   Thumb Code     0  startup_stm32f334x8.o(.text)
    USART3_IRQHandler                        0x080001b7   Thumb Code     0  startup_stm32f334x8.o(.text)
    WWDG_IRQHandler                          0x080001b7   Thumb Code     0  startup_stm32f334x8.o(.text)
    __aeabi_dadd                             0x080001c1   Thumb Code   322  dadd.o(.text)
    __aeabi_dsub                             0x08000303   Thumb Code     6  dadd.o(.text)
    __aeabi_drsub                            0x08000309   Thumb Code     6  dadd.o(.text)
    __aeabi_ddiv                             0x0800030f   Thumb Code   222  ddiv.o(.text)
    __aeabi_d2f                              0x080003ed   Thumb Code    56  d2f.o(.text)
    __aeabi_llsl                             0x08000425   Thumb Code    30  llshl.o(.text)
    _ll_shift_l                              0x08000425   Thumb Code     0  llshl.o(.text)
    __aeabi_lasr                             0x08000443   Thumb Code    36  llsshr.o(.text)
    _ll_sshift_r                             0x08000443   Thumb Code     0  llsshr.o(.text)
    __I$use$fp                               0x08000467   Thumb Code     0  iusefp.o(.text)
    _float_round                             0x08000467   Thumb Code    18  fepilogue.o(.text)
    _float_epilogue                          0x08000479   Thumb Code    92  fepilogue.o(.text)
    _double_round                            0x080004d5   Thumb Code    30  depilogue.o(.text)
    _double_epilogue                         0x080004f3   Thumb Code   156  depilogue.o(.text)
    __scatterload                            0x08000591   Thumb Code    28  init.o(.text)
    __scatterload_rt2                        0x08000591   Thumb Code     0  init.o(.text)
    __aeabi_llsr                             0x080005b5   Thumb Code    32  llushr.o(.text)
    _ll_ushift_r                             0x080005b5   Thumb Code     0  llushr.o(.text)
    Long Thumb to Thumb Veneer to bcfsm      0x080005d5   Thumb Code    10  anon$$obj.o(Veneer$$Code)
    ADC1_Config                              0x080005e1   Thumb Code   288  adc_int.o(i.ADC1_Config)
    ADC2_Config                              0x08000705   Thumb Code   268  adc_int.o(i.ADC2_Config)
    ADC_Cmd                                  0x08000819   Thumb Code    18  stm32f30x_adc.o(i.ADC_Cmd)
    ADC_CommonInit                           0x0800082d   Thumb Code    78  stm32f30x_adc.o(i.ADC_CommonInit)
    ADC_Config                               0x08000889   Thumb Code   208  adc_int.o(i.ADC_Config)
    ADC_DMACmd                               0x08000975   Thumb Code    18  stm32f30x_adc.o(i.ADC_DMACmd)
    ADC_DMAConfig                            0x08000987   Thumb Code    16  stm32f30x_adc.o(i.ADC_DMAConfig)
    ADC_DeInit                               0x08000997   Thumb Code    82  stm32f30x_adc.o(i.ADC_DeInit)
    ADC_GetCalibrationStatus                 0x080009e9   Thumb Code    16  stm32f30x_adc.o(i.ADC_GetCalibrationStatus)
    ADC_GetCalibrationValue                  0x080009f9   Thumb Code     6  stm32f30x_adc.o(i.ADC_GetCalibrationValue)
    ADC_GetFlagStatus                        0x080009ff   Thumb Code    14  stm32f30x_adc.o(i.ADC_GetFlagStatus)
    ADC_Init                                 0x08000a0d   Thumb Code    74  stm32f30x_adc.o(i.ADC_Init)
    ADC_RegularChannelConfig                 0x08000a5d   Thumb Code   218  stm32f30x_adc.o(i.ADC_RegularChannelConfig)
    ADC_SelectCalibrationMode                0x08000b37   Thumb Code    16  stm32f30x_adc.o(i.ADC_SelectCalibrationMode)
    ADC_StartCalibration                     0x08000b47   Thumb Code    10  stm32f30x_adc.o(i.ADC_StartCalibration)
    ADC_StartConversion                      0x08000b51   Thumb Code    10  stm32f30x_adc.o(i.ADC_StartConversion)
    ADC_StructInit                           0x08000b5b   Thumb Code    22  stm32f30x_adc.o(i.ADC_StructInit)
    ADC_VoltageRegulatorCmd                  0x08000b71   Thumb Code    26  stm32f30x_adc.o(i.ADC_VoltageRegulatorCmd)
    BusFault_Handler                         0x08000b8b   Thumb Code     2  stm32f3xx_it.o(i.BusFault_Handler)
    DMA_ClearFlag                            0x08000b8d   Thumb Code    16  stm32f30x_dma.o(i.DMA_ClearFlag)
    DMA_ClearITPendingBit                    0x08000ba5   Thumb Code    16  stm32f30x_dma.o(i.DMA_ClearITPendingBit)
    DMA_Cmd                                  0x08000bbd   Thumb Code    20  stm32f30x_dma.o(i.DMA_Cmd)
    DMA_DeInit                               0x08000bd1   Thumb Code   206  stm32f30x_dma.o(i.DMA_DeInit)
    DMA_GetFlagStatus                        0x08000cd5   Thumb Code    24  stm32f30x_dma.o(i.DMA_GetFlagStatus)
    DMA_ITConfig                             0x08000cf5   Thumb Code    16  stm32f30x_dma.o(i.DMA_ITConfig)
    DMA_Init                                 0x08000d05   Thumb Code    82  stm32f30x_dma.o(i.DMA_Init)
    DMA_SetCurrDataCounter                   0x08000d57   Thumb Code     4  stm32f30x_dma.o(i.DMA_SetCurrDataCounter)
    DebugMon_Handler                         0x08000d5b   Thumb Code     2  stm32f3xx_it.o(i.DebugMon_Handler)
    Delay_ms                                 0x08000d5d   Thumb Code    54  delay.o(i.Delay_ms)
    Delay_us                                 0x08000d99   Thumb Code    22  delay.o(i.Delay_us)
    GPIO_HRTIM_Config                        0x08000db5   Thumb Code   100  hrtim_int.o(i.GPIO_HRTIM_Config)
    GPIO_Init                                0x08000e19   Thumb Code   146  stm32f30x_gpio.o(i.GPIO_Init)
    GPIO_PinAFConfig                         0x08000eab   Thumb Code    34  stm32f30x_gpio.o(i.GPIO_PinAFConfig)
    GPIO_ResetBits                           0x08000ecd   Thumb Code     4  stm32f30x_gpio.o(i.GPIO_ResetBits)
    GPIO_SetBits                             0x08000ed1   Thumb Code     4  stm32f30x_gpio.o(i.GPIO_SetBits)
    HRTIM_ADCTriggerConfig                   0x08000ed5   Thumb Code    94  stm32f30x_hrtim.o(i.HRTIM_ADCTriggerConfig)
    HRTIM_ClearITPendingBit                  0x08000f33   Thumb Code    40  stm32f30x_hrtim.o(i.HRTIM_ClearITPendingBit)
    HRTIM_Config                             0x08000f5d   Thumb Code   450  hrtim_int.o(i.HRTIM_Config)
    HRTIM_DLLCalibrationStart                0x08001139   Thumb Code    36  stm32f30x_hrtim.o(i.HRTIM_DLLCalibrationStart)
    HRTIM_DeadTimeConfig                     0x0800115d   Thumb Code    58  stm32f30x_hrtim.o(i.HRTIM_DeadTimeConfig)
    HRTIM_GetCommonFlagStatus                0x0800119d   Thumb Code    16  stm32f30x_hrtim.o(i.HRTIM_GetCommonFlagStatus)
    HRTIM_GetITStatus                        0x080011ad   Thumb Code    70  stm32f30x_hrtim.o(i.HRTIM_GetITStatus)
    HRTIM_ITConfig                           0x080011f3   Thumb Code    52  stm32f30x_hrtim.o(i.HRTIM_ITConfig)
    HRTIM_WaveformCompareConfig              0x08001307   Thumb Code   152  stm32f30x_hrtim.o(i.HRTIM_WaveformCompareConfig)
    HRTIM_WaveformCounterStart               0x0800139f   Thumb Code     8  stm32f30x_hrtim.o(i.HRTIM_WaveformCounterStart)
    HRTIM_WaveformOutputConfig               0x080013a7   Thumb Code     4  stm32f30x_hrtim.o(i.HRTIM_WaveformOutputConfig)
    HRTIM_WaveformOutputStart                0x080013ab   Thumb Code     6  stm32f30x_hrtim.o(i.HRTIM_WaveformOutputStart)
    HRTIM_WaveformTimerConfig                0x080013b1   Thumb Code   110  stm32f30x_hrtim.o(i.HRTIM_WaveformTimerConfig)
    HRTIM_Waveform_Init                      0x0800141f   Thumb Code   290  stm32f30x_hrtim.o(i.HRTIM_Waveform_Init)
    HardFault_Handler                        0x08001541   Thumb Code     2  stm32f3xx_it.o(i.HardFault_Handler)
    Init_TIM16                               0x08001545   Thumb Code    78  delay.o(i.Init_TIM16)
    Initial_prepheral_                       0x08001599   Thumb Code    74  init.o(i.Initial_prepheral_)
    LED_GPIO_InitConfig                      0x080015e5   Thumb Code   154  led.o(i.LED_GPIO_InitConfig)
    LED_TEST                                 0x08001685   Thumb Code   224  led.o(i.LED_TEST)
    MemManage_Handler                        0x08001769   Thumb Code     2  stm32f3xx_it.o(i.MemManage_Handler)
    NMI_Handler                              0x0800176b   Thumb Code     2  stm32f3xx_it.o(i.NMI_Handler)
    NVIC_Init                                0x0800176d   Thumb Code   112  stm32f30x_misc.o(i.NVIC_Init)
    NVIC_PriorityGroupConfig                 0x080017e1   Thumb Code    14  stm32f30x_misc.o(i.NVIC_PriorityGroupConfig)
    PendSV_Handler                           0x080017f5   Thumb Code     2  stm32f3xx_it.o(i.PendSV_Handler)
    RCC_ADCCLKConfig                         0x080017f9   Thumb Code    26  stm32f30x_rcc.o(i.RCC_ADCCLKConfig)
    RCC_AHBPeriphClockCmd                    0x08001819   Thumb Code    18  stm32f30x_rcc.o(i.RCC_AHBPeriphClockCmd)
    RCC_AHBPeriphResetCmd                    0x08001831   Thumb Code    18  stm32f30x_rcc.o(i.RCC_AHBPeriphResetCmd)
    RCC_APB1PeriphClockCmd                   0x08001849   Thumb Code    18  stm32f30x_rcc.o(i.RCC_APB1PeriphClockCmd)
    RCC_APB1PeriphResetCmd                   0x08001861   Thumb Code    18  stm32f30x_rcc.o(i.RCC_APB1PeriphResetCmd)
    RCC_APB2PeriphClockCmd                   0x08001879   Thumb Code    18  stm32f30x_rcc.o(i.RCC_APB2PeriphClockCmd)
    RCC_APB2PeriphResetCmd                   0x08001891   Thumb Code    18  stm32f30x_rcc.o(i.RCC_APB2PeriphResetCmd)
    RCC_GetClocksFreq                        0x080018a9   Thumb Code   732  stm32f30x_rcc.o(i.RCC_GetClocksFreq)
    RCC_HRTIM1CLKConfig                      0x08001b99   Thumb Code    18  stm32f30x_rcc.o(i.RCC_HRTIM1CLKConfig)
    SVC_Handler                              0x08001bb1   Thumb Code     2  stm32f3xx_it.o(i.SVC_Handler)
    Send_data_to_PC                          0x08001bb5   Thumb Code    24  init.o(i.Send_data_to_PC)
    SysTick_Handler                          0x08001bd1   Thumb Code     2  stm32f3xx_it.o(i.SysTick_Handler)
    SystemInit                               0x08001bd5   Thumb Code   222  system_stm32f30x.o(i.SystemInit)
    TIM_ARRPreloadConfig                     0x08001ccd   Thumb Code    18  stm32f30x_tim.o(i.TIM_ARRPreloadConfig)
    TIM_Cmd                                  0x08001cdf   Thumb Code    18  stm32f30x_tim.o(i.TIM_Cmd)
    TIM_SetAutoreload                        0x08001cf1   Thumb Code     4  stm32f30x_tim.o(i.TIM_SetAutoreload)
    TIM_TimeBaseInit                         0x08001cf5   Thumb Code   136  stm32f30x_tim.o(i.TIM_TimeBaseInit)
    USART1_Config                            0x08001d85   Thumb Code   252  init.o(i.USART1_Config)
    USART_ClearFlag                          0x08001ea1   Thumb Code     4  stm32f30x_usart.o(i.USART_ClearFlag)
    USART_Cmd                                0x08001ea5   Thumb Code    18  stm32f30x_usart.o(i.USART_Cmd)
    USART_DMACmd                             0x08001eb7   Thumb Code    16  stm32f30x_usart.o(i.USART_DMACmd)
    USART_DeInit                             0x08001ec7   Thumb Code   164  stm32f30x_usart.o(i.USART_DeInit)
    USART_Init                               0x08001f6b   Thumb Code   202  stm32f30x_usart.o(i.USART_Init)
    UsageFault_Handler                       0x08002035   Thumb Code     2  stm32f3xx_it.o(i.UsageFault_Handler)
    __scatterload_copy                       0x08002037   Thumb Code    14  handlers.o(i.__scatterload_copy)
    __scatterload_null                       0x08002045   Thumb Code     2  handlers.o(i.__scatterload_null)
    __scatterload_zeroinit                   0x08002047   Thumb Code    14  handlers.o(i.__scatterload_zeroinit)
    main                                     0x08002055   Thumb Code    14  main.o(i.main)
    type_pz_tustin                           0x08002069   Thumb Code   250  type_pz.o(i.type_pz_tustin)
    Region$$Table$$Base                      0x080021d8   Number         0  anon$$obj.o(Region$$Table)
    Region$$Table$$Limit                     0x08002218   Number         0  anon$$obj.o(Region$$Table)
    Long Thumb to Thumb Veneer to GPIO_SetBits 0x10000001   Thumb Code    10  anon$$obj.o(Veneer$$Code)
    Long Thumb to Thumb Veneer to GPIO_ResetBits 0x1000000b   Thumb Code    10  anon$$obj.o(Veneer$$Code)
    Long Thumb to Thumb Veneer to LED_TEST   0x10000015   Thumb Code    10  anon$$obj.o(Veneer$$Code)
    Long Thumb to Thumb Veneer to type_pz_tustin 0x1000001f   Thumb Code    10  anon$$obj.o(Veneer$$Code)
    Long Thumb to Thumb Veneer to Delay_ms   0x10000029   Thumb Code    10  anon$$obj.o(Veneer$$Code)
    Long Thumb to Thumb Veneer to DMA_GetFlagStatus 0x10000033   Thumb Code    10  anon$$obj.o(Veneer$$Code)
    Long Thumb to Thumb Veneer to DMA_ClearITPendingBit 0x1000003d   Thumb Code    10  anon$$obj.o(Veneer$$Code)
    Long Thumb to Thumb Veneer to DMA_ClearFlag 0x10000047   Thumb Code    10  anon$$obj.o(Veneer$$Code)
    Long Thumb to Thumb Veneer to DMA_SetCurrDataCounter 0x10000051   Thumb Code    10  anon$$obj.o(Veneer$$Code)
    Long Thumb to Thumb Veneer to Send_data_to_PC 0x1000005b   Thumb Code    10  anon$$obj.o(Veneer$$Code)
    Long Thumb to Thumb Veneer to HRTIM_GetITStatus 0x10000065   Thumb Code    10  anon$$obj.o(Veneer$$Code)
    Long Thumb to Thumb Veneer to HRTIM_ClearITPendingBit 0x1000006f   Thumb Code    10  anon$$obj.o(Veneer$$Code)
    Reset_VAR                                0x10000079   Thumb Code   198  state_machine.o(ccmram)
    CS_DISPALY                               0x1000013f   Thumb Code   520  state_machine.o(ccmram)
    bcfsm                                    0x10000347   Thumb Code  1278  state_machine.o(ccmram)
    HRTIM1_TIMA_IRQHandler                   0x10000845   Thumb Code   216  state_machine.o(ccmram)
    type_pz_int                              0x1000091d   Thumb Code    52  type_pz.o(ccmram)
    type_pz_cal                              0x10000951   Thumb Code   284  type_pz.o(ccmram)
    flag_Soft_start                          0x10000a98   Data           1  state_machine.o(ccmram)
    flag_start_cnt                           0x10000a99   Data           1  state_machine.o(ccmram)
    flag_Vin_ovp                             0x10000a9a   Data           1  state_machine.o(ccmram)
    flag_Vin_uvp                             0x10000a9b   Data           1  state_machine.o(ccmram)
    flag_OTP                                 0x10000a9c   Data           1  state_machine.o(ccmram)
    i                                        0x10000a9d   Data           1  state_machine.o(ccmram)
    j                                        0x10000a9e   Data           1  state_machine.o(ccmram)
    k                                        0x10000a9f   Data           1  state_machine.o(ccmram)
    Current_State                            0x10000aa0   Data           1  state_machine.o(ccmram)
    Next_State                               0x10000aa1   Data           1  state_machine.o(ccmram)
    V_temp                                   0x10000aa2   Data           2  state_machine.o(ccmram)
    Target_voltage                           0x10000aa4   Data           2  state_machine.o(ccmram)
    Vin_f                                    0x10000aa8   Data           4  state_machine.o(ccmram)
    Vout_f                                   0x10000aac   Data           4  state_machine.o(ccmram)
    Iin_f                                    0x10000ab0   Data           4  state_machine.o(ccmram)
    Iout_f                                   0x10000ab4   Data           4  state_machine.o(ccmram)
    temp_7900                                0x10000ab8   Data           4  state_machine.o(ccmram)
    SOA_IN                                   0x10000abc   Data           4  state_machine.o(ccmram)
    Vin                                      0x10000ac0   Data           8  state_machine.o(ccmram)
    Vout                                     0x10000ac8   Data           8  state_machine.o(ccmram)
    Iin                                      0x10000ad0   Data           8  state_machine.o(ccmram)
    Iout                                     0x10000ad8   Data           8  state_machine.o(ccmram)
    Temperature                              0x10000ae0   Data           8  state_machine.o(ccmram)
    Pulse_with                               0x10000ae8   Data           2  type_pz.o(ccmram)
    k1                                       0x10000aec   Data           4  type_pz.o(ccmram)
    k2                                       0x10000af0   Data           4  type_pz.o(ccmram)
    k3                                       0x10000af4   Data           4  type_pz.o(ccmram)
    k4                                       0x10000af8   Data           4  type_pz.o(ccmram)
    k5                                       0x10000afc   Data           4  type_pz.o(ccmram)
    k6                                       0x10000b00   Data           4  type_pz.o(ccmram)
    k7                                       0x10000b04   Data           4  type_pz.o(ccmram)
    Vosc                                     0x10000b08   Data           4  type_pz.o(ccmram)
    Xn                                       0x10000b0c   Data           4  type_pz.o(ccmram)
    Xn_1                                     0x10000b10   Data           4  type_pz.o(ccmram)
    Xn_2                                     0x10000b14   Data           4  type_pz.o(ccmram)
    Xn_3                                     0x10000b18   Data           4  type_pz.o(ccmram)
    Yn                                       0x10000b1c   Data           4  type_pz.o(ccmram)
    Yn_1                                     0x10000b20   Data           4  type_pz.o(ccmram)
    Yn_2                                     0x10000b24   Data           4  type_pz.o(ccmram)
    Yn_3                                     0x10000b28   Data           4  type_pz.o(ccmram)
    Duty                                     0x10000b2c   Data           4  type_pz.o(ccmram)
    calibration_value                        0x20000000   Data           2  adc_int.o(.data)
    ADC1_RESULT                              0x20000002   Data           4  adc_int.o(.data)
    ADC2_RESULT                              0x20000006   Data           6  adc_int.o(.data)
    PC_command                               0x2000000c   Data           6  init.o(.data)
    Send_to_PC                               0x20000044   Data          14  init.o(.bss)
    __initial_sp                             0x20000458   Data           0  startup_stm32f334x8.o(STACK)



==============================================================================

Memory Map of the image

  Image Entry point : 0x08000189

  Load Region LR_IROM1 (Base: 0x08000000, Size: 0x00002d8c, Max: 0x00010000, ABSOLUTE)

    Execution Region ER_IROM1 (Exec base: 0x08000000, Load base: 0x08000000, Size: 0x00002218, Max: 0x00010000, ABSOLUTE)

    Exec Addr    Load Addr    Size         Type   Attr      Idx    E Section Name        Object

    0x08000000   0x08000000   0x00000188   Data   RO          477    RESET               startup_stm32f334x8.o
    0x08000188   0x08000188   0x00000000   Code   RO         4672  * .ARM.Collect$$$$00000000  mc_w.l(entry.o)
    0x08000188   0x08000188   0x00000004   Code   RO         4681    .ARM.Collect$$$$00000001  mc_w.l(entry2.o)
    0x0800018c   0x0800018c   0x00000004   Code   RO         4684    .ARM.Collect$$$$00000004  mc_w.l(entry5.o)
    0x08000190   0x08000190   0x00000000   Code   RO         4686    .ARM.Collect$$$$00000008  mc_w.l(entry7b.o)
    0x08000190   0x08000190   0x00000000   Code   RO         4688    .ARM.Collect$$$$0000000A  mc_w.l(entry8b.o)
    0x08000190   0x08000190   0x00000008   Code   RO         4689    .ARM.Collect$$$$0000000B  mc_w.l(entry9a.o)
    0x08000198   0x08000198   0x00000000   Code   RO         4691    .ARM.Collect$$$$0000000D  mc_w.l(entry10a.o)
    0x08000198   0x08000198   0x00000000   Code   RO         4693    .ARM.Collect$$$$0000000F  mc_w.l(entry11a.o)
    0x08000198   0x08000198   0x00000004   Code   RO         4682    .ARM.Collect$$$$00002712  mc_w.l(entry2.o)
    0x0800019c   0x0800019c   0x00000024   Code   RO          478    .text               startup_stm32f334x8.o
    0x080001c0   0x080001c0   0x0000014e   Code   RO         4675    .text               mf_w.l(dadd.o)
    0x0800030e   0x0800030e   0x000000de   Code   RO         4677    .text               mf_w.l(ddiv.o)
    0x080003ec   0x080003ec   0x00000038   Code   RO         4679    .text               mf_w.l(d2f.o)
    0x08000424   0x08000424   0x0000001e   Code   RO         4695    .text               mc_w.l(llshl.o)
    0x08000442   0x08000442   0x00000024   Code   RO         4697    .text               mc_w.l(llsshr.o)
    0x08000466   0x08000466   0x00000000   Code   RO         4699    .text               mc_w.l(iusefp.o)
    0x08000466   0x08000466   0x0000006e   Code   RO         4700    .text               mf_w.l(fepilogue.o)
    0x080004d4   0x080004d4   0x000000ba   Code   RO         4702    .text               mf_w.l(depilogue.o)
    0x0800058e   0x0800058e   0x00000002   PAD
    0x08000590   0x08000590   0x00000024   Code   RO         4704    .text               mc_w.l(init.o)
    0x080005b4   0x080005b4   0x00000020   Code   RO         4706    .text               mc_w.l(llushr.o)
    0x080005d4   0x080005d4   0x0000000a   Ven    RO         4716    Veneer$$Code        anon$$obj.o
    0x080005de   0x080005de   0x00000002   PAD
    0x080005e0   0x080005e0   0x00000124   Code   RO          254    i.ADC1_Config       adc_int.o
    0x08000704   0x08000704   0x00000114   Code   RO          256    i.ADC2_Config       adc_int.o
    0x08000818   0x08000818   0x00000012   Code   RO          500    i.ADC_Cmd           stm32f30x_adc.o
    0x0800082a   0x0800082a   0x00000002   PAD
    0x0800082c   0x0800082c   0x0000005c   Code   RO          501    i.ADC_CommonInit    stm32f30x_adc.o
    0x08000888   0x08000888   0x000000ec   Code   RO          258    i.ADC_Config        adc_int.o
    0x08000974   0x08000974   0x00000012   Code   RO          503    i.ADC_DMACmd        stm32f30x_adc.o
    0x08000986   0x08000986   0x00000010   Code   RO          504    i.ADC_DMAConfig     stm32f30x_adc.o
    0x08000996   0x08000996   0x00000052   Code   RO          505    i.ADC_DeInit        stm32f30x_adc.o
    0x080009e8   0x080009e8   0x00000010   Code   RO          510    i.ADC_GetCalibrationStatus  stm32f30x_adc.o
    0x080009f8   0x080009f8   0x00000006   Code   RO          511    i.ADC_GetCalibrationValue  stm32f30x_adc.o
    0x080009fe   0x080009fe   0x0000000e   Code   RO          516    i.ADC_GetFlagStatus  stm32f30x_adc.o
    0x08000a0c   0x08000a0c   0x00000050   Code   RO          522    i.ADC_Init          stm32f30x_adc.o
    0x08000a5c   0x08000a5c   0x000000da   Code   RO          527    i.ADC_RegularChannelConfig  stm32f30x_adc.o
    0x08000b36   0x08000b36   0x00000010   Code   RO          529    i.ADC_SelectCalibrationMode  stm32f30x_adc.o
    0x08000b46   0x08000b46   0x0000000a   Code   RO          537    i.ADC_StartCalibration  stm32f30x_adc.o
    0x08000b50   0x08000b50   0x0000000a   Code   RO          538    i.ADC_StartConversion  stm32f30x_adc.o
    0x08000b5a   0x08000b5a   0x00000016   Code   RO          542    i.ADC_StructInit    stm32f30x_adc.o
    0x08000b70   0x08000b70   0x0000001a   Code   RO          545    i.ADC_VoltageRegulatorCmd  stm32f30x_adc.o
    0x08000b8a   0x08000b8a   0x00000002   Code   RO          145    i.BusFault_Handler  stm32f3xx_it.o
    0x08000b8c   0x08000b8c   0x00000018   Code   RO         1354    i.DMA_ClearFlag     stm32f30x_dma.o
    0x08000ba4   0x08000ba4   0x00000018   Code   RO         1355    i.DMA_ClearITPendingBit  stm32f30x_dma.o
    0x08000bbc   0x08000bbc   0x00000014   Code   RO         1356    i.DMA_Cmd           stm32f30x_dma.o
    0x08000bd0   0x08000bd0   0x00000104   Code   RO         1357    i.DMA_DeInit        stm32f30x_dma.o
    0x08000cd4   0x08000cd4   0x00000020   Code   RO         1359    i.DMA_GetFlagStatus  stm32f30x_dma.o
    0x08000cf4   0x08000cf4   0x00000010   Code   RO         1361    i.DMA_ITConfig      stm32f30x_dma.o
    0x08000d04   0x08000d04   0x00000052   Code   RO         1362    i.DMA_Init          stm32f30x_dma.o
    0x08000d56   0x08000d56   0x00000004   Code   RO         1363    i.DMA_SetCurrDataCounter  stm32f30x_dma.o
    0x08000d5a   0x08000d5a   0x00000002   Code   RO          146    i.DebugMon_Handler  stm32f3xx_it.o
    0x08000d5c   0x08000d5c   0x0000003c   Code   RO          339    i.Delay_ms          delay.o
    0x08000d98   0x08000d98   0x0000001c   Code   RO          340    i.Delay_us          delay.o
    0x08000db4   0x08000db4   0x00000064   Code   RO          371    i.GPIO_HRTIM_Config  hrtim_int.o
    0x08000e18   0x08000e18   0x00000092   Code   RO         1684    i.GPIO_Init         stm32f30x_gpio.o
    0x08000eaa   0x08000eaa   0x00000022   Code   RO         1685    i.GPIO_PinAFConfig  stm32f30x_gpio.o
    0x08000ecc   0x08000ecc   0x00000004   Code   RO         1691    i.GPIO_ResetBits    stm32f30x_gpio.o
    0x08000ed0   0x08000ed0   0x00000004   Code   RO         1692    i.GPIO_SetBits      stm32f30x_gpio.o
    0x08000ed4   0x08000ed4   0x0000005e   Code   RO         1775    i.HRTIM_ADCTriggerConfig  stm32f30x_hrtim.o
    0x08000f32   0x08000f32   0x00000028   Code   RO         1783    i.HRTIM_ClearITPendingBit  stm32f30x_hrtim.o
    0x08000f5a   0x08000f5a   0x00000002   PAD
    0x08000f5c   0x08000f5c   0x000001dc   Code   RO          372    i.HRTIM_Config      hrtim_int.o
    0x08001138   0x08001138   0x00000024   Code   RO         1784    i.HRTIM_DLLCalibrationStart  stm32f30x_hrtim.o
    0x0800115c   0x0800115c   0x00000040   Code   RO         1787    i.HRTIM_DeadTimeConfig  stm32f30x_hrtim.o
    0x0800119c   0x0800119c   0x00000010   Code   RO         1796    i.HRTIM_GetCommonFlagStatus  stm32f30x_hrtim.o
    0x080011ac   0x080011ac   0x00000046   Code   RO         1801    i.HRTIM_GetITStatus  stm32f30x_hrtim.o
    0x080011f2   0x080011f2   0x00000034   Code   RO         1804    i.HRTIM_ITConfig    stm32f30x_hrtim.o
    0x08001226   0x08001226   0x0000009e   Code   RO         1806    i.HRTIM_OutputConfig  stm32f30x_hrtim.o
    0x080012c4   0x080012c4   0x00000042   Code   RO         1832    i.HRTIM_TimingUnitBase_Config  stm32f30x_hrtim.o
    0x08001306   0x08001306   0x00000098   Code   RO         1834    i.HRTIM_WaveformCompareConfig  stm32f30x_hrtim.o
    0x0800139e   0x0800139e   0x00000008   Code   RO         1835    i.HRTIM_WaveformCounterStart  stm32f30x_hrtim.o
    0x080013a6   0x080013a6   0x00000004   Code   RO         1839    i.HRTIM_WaveformOutputConfig  stm32f30x_hrtim.o
    0x080013aa   0x080013aa   0x00000006   Code   RO         1840    i.HRTIM_WaveformOutputStart  stm32f30x_hrtim.o
    0x080013b0   0x080013b0   0x0000006e   Code   RO         1843    i.HRTIM_WaveformTimerConfig  stm32f30x_hrtim.o
    0x0800141e   0x0800141e   0x00000122   Code   RO         1844    i.HRTIM_Waveform_Init  stm32f30x_hrtim.o
    0x08001540   0x08001540   0x00000002   Code   RO          147    i.HardFault_Handler  stm32f3xx_it.o
    0x08001542   0x08001542   0x00000002   PAD
    0x08001544   0x08001544   0x00000054   Code   RO          341    i.Init_TIM16        delay.o
    0x08001598   0x08001598   0x0000004a   Code   RO          298    i.Initial_prepheral_  init.o
    0x080015e2   0x080015e2   0x00000002   PAD
    0x080015e4   0x080015e4   0x000000a0   Code   RO          421    i.LED_GPIO_InitConfig  led.o
    0x08001684   0x08001684   0x000000e4   Code   RO          422    i.LED_TEST          led.o
    0x08001768   0x08001768   0x00000002   Code   RO          148    i.MemManage_Handler  stm32f3xx_it.o
    0x0800176a   0x0800176a   0x00000002   Code   RO          149    i.NMI_Handler       stm32f3xx_it.o
    0x0800176c   0x0800176c   0x00000074   Code   RO         2530    i.NVIC_Init         stm32f30x_misc.o
    0x080017e0   0x080017e0   0x00000014   Code   RO         2531    i.NVIC_PriorityGroupConfig  stm32f30x_misc.o
    0x080017f4   0x080017f4   0x00000002   Code   RO          150    i.PendSV_Handler    stm32f3xx_it.o
    0x080017f6   0x080017f6   0x00000002   PAD
    0x080017f8   0x080017f8   0x00000020   Code   RO         2752    i.RCC_ADCCLKConfig  stm32f30x_rcc.o
    0x08001818   0x08001818   0x00000018   Code   RO         2753    i.RCC_AHBPeriphClockCmd  stm32f30x_rcc.o
    0x08001830   0x08001830   0x00000018   Code   RO         2754    i.RCC_AHBPeriphResetCmd  stm32f30x_rcc.o
    0x08001848   0x08001848   0x00000018   Code   RO         2755    i.RCC_APB1PeriphClockCmd  stm32f30x_rcc.o
    0x08001860   0x08001860   0x00000018   Code   RO         2756    i.RCC_APB1PeriphResetCmd  stm32f30x_rcc.o
    0x08001878   0x08001878   0x00000018   Code   RO         2757    i.RCC_APB2PeriphClockCmd  stm32f30x_rcc.o
    0x08001890   0x08001890   0x00000018   Code   RO         2758    i.RCC_APB2PeriphResetCmd  stm32f30x_rcc.o
    0x080018a8   0x080018a8   0x000002f0   Code   RO         2765    i.RCC_GetClocksFreq  stm32f30x_rcc.o
    0x08001b98   0x08001b98   0x00000018   Code   RO         2770    i.RCC_HRTIM1CLKConfig  stm32f30x_rcc.o
    0x08001bb0   0x08001bb0   0x00000002   Code   RO          151    i.SVC_Handler       stm32f3xx_it.o
    0x08001bb2   0x08001bb2   0x00000002   PAD
    0x08001bb4   0x08001bb4   0x0000001c   Code   RO          300    i.Send_data_to_PC   init.o
    0x08001bd0   0x08001bd0   0x00000002   Code   RO          152    i.SysTick_Handler   stm32f3xx_it.o
    0x08001bd2   0x08001bd2   0x00000002   PAD
    0x08001bd4   0x08001bd4   0x000000f8   Code   RO          223    i.SystemInit        system_stm32f30x.o
    0x08001ccc   0x08001ccc   0x00000012   Code   RO         3635    i.TIM_ARRPreloadConfig  stm32f30x_tim.o
    0x08001cde   0x08001cde   0x00000012   Code   RO         3653    i.TIM_Cmd           stm32f30x_tim.o
    0x08001cf0   0x08001cf0   0x00000004   Code   RO         3726    i.TIM_SetAutoreload  stm32f30x_tim.o
    0x08001cf4   0x08001cf4   0x00000090   Code   RO         3740    i.TIM_TimeBaseInit  stm32f30x_tim.o
    0x08001d84   0x08001d84   0x0000011c   Code   RO          301    i.USART1_Config     init.o
    0x08001ea0   0x08001ea0   0x00000004   Code   RO         4307    i.USART_ClearFlag   stm32f30x_usart.o
    0x08001ea4   0x08001ea4   0x00000012   Code   RO         4311    i.USART_Cmd         stm32f30x_usart.o
    0x08001eb6   0x08001eb6   0x00000010   Code   RO         4314    i.USART_DMACmd      stm32f30x_usart.o
    0x08001ec6   0x08001ec6   0x000000a4   Code   RO         4317    i.USART_DeInit      stm32f30x_usart.o
    0x08001f6a   0x08001f6a   0x000000ca   Code   RO         4323    i.USART_Init        stm32f30x_usart.o
    0x08002034   0x08002034   0x00000002   Code   RO          153    i.UsageFault_Handler  stm32f3xx_it.o
    0x08002036   0x08002036   0x0000000e   Code   RO         4710    i.__scatterload_copy  mc_w.l(handlers.o)
    0x08002044   0x08002044   0x00000002   Code   RO         4711    i.__scatterload_null  mc_w.l(handlers.o)
    0x08002046   0x08002046   0x0000000e   Code   RO         4712    i.__scatterload_zeroinit  mc_w.l(handlers.o)
    0x08002054   0x08002054   0x0000000e   Code   RO            3    i.main              main.o
    0x08002062   0x08002062   0x00000006   PAD
    0x08002068   0x08002068   0x00000170   Code   RO          448    i.type_pz_tustin    type_pz.o
    0x080021d8   0x080021d8   0x00000040   Data   RO         4708    Region$$Table       anon$$obj.o


    Execution Region ER (Exec base: 0x10000000, Load base: 0x0800225c, Size: 0x00000b30, Max: 0x00001000, ABSOLUTE)

    Exec Addr    Load Addr    Size         Type   Attr      Idx    E Section Name        Object

    0x10000000   0x0800225c   0x0000000a   Ven    RO         4717    Veneer$$Code        anon$$obj.o
    0x1000000a   0x08002266   0x0000000a   Ven    RO         4718    Veneer$$Code        anon$$obj.o
    0x10000014   0x08002270   0x0000000a   Ven    RO         4719    Veneer$$Code        anon$$obj.o
    0x1000001e   0x0800227a   0x0000000a   Ven    RO         4720    Veneer$$Code        anon$$obj.o
    0x10000028   0x08002284   0x0000000a   Ven    RO         4721    Veneer$$Code        anon$$obj.o
    0x10000032   0x0800228e   0x0000000a   Ven    RO         4722    Veneer$$Code        anon$$obj.o
    0x1000003c   0x08002298   0x0000000a   Ven    RO         4723    Veneer$$Code        anon$$obj.o
    0x10000046   0x080022a2   0x0000000a   Ven    RO         4724    Veneer$$Code        anon$$obj.o
    0x10000050   0x080022ac   0x0000000a   Ven    RO         4725    Veneer$$Code        anon$$obj.o
    0x1000005a   0x080022b6   0x0000000a   Ven    RO         4726    Veneer$$Code        anon$$obj.o
    0x10000064   0x080022c0   0x0000000a   Ven    RO         4727    Veneer$$Code        anon$$obj.o
    0x1000006e   0x080022ca   0x0000000a   Ven    RO         4728    Veneer$$Code        anon$$obj.o
    0x10000078   0x080022d4   0x000008a4   Code   RO          397    ccmram              state_machine.o
    0x1000091c   0x08002b78   0x0000017c   Code   RO          447    ccmram              type_pz.o
    0x10000a98   0x08002cf4   0x00000050   Data   RW          398    ccmram              state_machine.o
    0x10000ae8   0x08002d44   0x00000048   Data   RW          449    ccmram              type_pz.o


    Execution Region RW_IRAM1 (Exec base: 0x20000000, Load base: 0x08002218, Size: 0x00000458, Max: 0x00004000, ABSOLUTE)

    Exec Addr    Load Addr    Size         Type   Attr      Idx    E Section Name        Object

    0x20000000   0x08002218   0x0000000c   Data   RW          259    .data               adc_int.o
    0x2000000c   0x08002224   0x00000006   Data   RW          303    .data               init.o
    0x20000012   0x0800222a   0x00000030   Data   RW         2792    .data               stm32f30x_rcc.o
    0x20000042   0x0800225a   0x00000002   PAD
    0x20000044        -       0x0000000e   Zero   RW          302    .bss                init.o
    0x20000052   0x0800225a   0x00000006   PAD
    0x20000058        -       0x00000400   Zero   RW          475    STACK               startup_stm32f334x8.o


==============================================================================

Image component sizes


      Code (inc. data)   RO Data    RW Data    ZI Data      Debug   Object Name

       804         40          0         12          0       3307   adc_int.o
       172         18          0          0          0       2195   delay.o
       576         26          0          0          0       1731   hrtim_int.o
       386         36          0          6         14       2775   init.o
       388         10          0          0          0       1309   led.o
        14          0          0          0          0     399775   main.o
        36          8        392          0       1024        824   startup_stm32f334x8.o
      2212        130          0         80          0       5070   state_machine.o
       644         20          0          0          0      10856   stm32f30x_adc.o
       462         78          0          0          0       7226   stm32f30x_dma.o
       188          0          0          0          0       3331   stm32f30x_gpio.o
      1166         30          0          0          0      13577   stm32f30x_hrtim.o
       136         10          0          0          0       1967   stm32f30x_misc.o
       952         68          0         48          0       9121   stm32f30x_rcc.o
       184          8          0          0          0       4579   stm32f30x_tim.o
       404          0          0          0          0       4685   stm32f30x_usart.o
        18          0          0          0          0       4370   stm32f3xx_it.o
       248         26          0          0          0       1341   system_stm32f30x.o
       748        162          0         72          0       2784   type_pz.o

    ----------------------------------------------------------------------
      9890        670        456        220       1044     480823   Object Totals
       130          0         64          0          0          0   (incl. Generated)
        22          0          0          2          6          0   (incl. Padding)

    ----------------------------------------------------------------------

      Code (inc. data)   RO Data    RW Data    ZI Data      Debug   Library Member Name

         0          0          0          0          0          0   entry.o
         0          0          0          0          0          0   entry10a.o
         0          0          0          0          0          0   entry11a.o
         8          4          0          0          0          0   entry2.o
         4          0          0          0          0          0   entry5.o
         0          0          0          0          0          0   entry7b.o
         0          0          0          0          0          0   entry8b.o
         8          4          0          0          0          0   entry9a.o
        30          0          0          0          0          0   handlers.o
        36          8          0          0          0         68   init.o
         0          0          0          0          0          0   iusefp.o
        30          0          0          0          0         68   llshl.o
        36          0          0          0          0         68   llsshr.o
        32          0          0          0          0         68   llushr.o
        56          0          0          0          0         88   d2f.o
       334          0          0          0          0        148   dadd.o
       222          0          0          0          0        100   ddiv.o
       186          0          0          0          0        176   depilogue.o
       110          0          0          0          0        168   fepilogue.o

    ----------------------------------------------------------------------
      1094         16          0          0          0        952   Library Totals
         2          0          0          0          0          0   (incl. Padding)

    ----------------------------------------------------------------------

      Code (inc. data)   RO Data    RW Data    ZI Data      Debug   Library Name

       184         16          0          0          0        272   mc_w.l
       908          0          0          0          0        680   mf_w.l

    ----------------------------------------------------------------------
      1094         16          0          0          0        952   Library Totals

    ----------------------------------------------------------------------

==============================================================================


      Code (inc. data)   RO Data    RW Data    ZI Data      Debug   

     10984        686        456        220       1044     473515   Grand Totals
     10984        686        456        220       1044     473515   ELF Image Totals
     10984        686        456        220          0          0   ROM Totals

==============================================================================

    Total RO  Size (Code + RO Data)                11440 (  11.17kB)
    Total RW  Size (RW Data + ZI Data)              1264 (   1.23kB)
    Total ROM Size (Code + RO Data + RW Data)      11660 (  11.39kB)

==============================================================================

