Component: ARM Compiler 5.06 update 6 (build 750) Tool: armlink [4d35ed]

==============================================================================

Section Cross References

    main.o(i.main) refers to init.o(i.Initial_prepheral_) for Initial_prepheral_
    main.o(i.main) refers to state_machine.o(ccmram) for bcfsm
    system_stm32f30x.o(i.SystemCoreClockUpdate) refers to system_stm32f30x.o(.data) for .data
    adc_int.o(i.ADC1_Config) refers to stm32f30x_adc.o(i.ADC_DeInit) for ADC_DeInit
    adc_int.o(i.ADC1_Config) refers to stm32f30x_rcc.o(i.RCC_AHBPeriphClockCmd) for RCC_AHBPeriphClockCmd
    adc_int.o(i.ADC1_Config) refers to stm32f30x_rcc.o(i.RCC_ADCCLKConfig) for RCC_ADCCLKConfig
    adc_int.o(i.ADC1_Config) refers to stm32f30x_rcc.o(i.RCC_APB2PeriphClockCmd) for RCC_APB2PeriphClockCmd
    adc_int.o(i.ADC1_Config) refers to stm32f30x_gpio.o(i.GPIO_Init) for GPIO_Init
    adc_int.o(i.ADC1_Config) refers to stm32f30x_adc.o(i.ADC_StructInit) for ADC_StructInit
    adc_int.o(i.ADC1_Config) refers to stm32f30x_adc.o(i.ADC_VoltageRegulatorCmd) for ADC_VoltageRegulatorCmd
    adc_int.o(i.ADC1_Config) refers to delay.o(i.Delay_ms) for Delay_ms
    adc_int.o(i.ADC1_Config) refers to stm32f30x_adc.o(i.ADC_SelectCalibrationMode) for ADC_SelectCalibrationMode
    adc_int.o(i.ADC1_Config) refers to stm32f30x_adc.o(i.ADC_StartCalibration) for ADC_StartCalibration
    adc_int.o(i.ADC1_Config) refers to stm32f30x_adc.o(i.ADC_GetCalibrationStatus) for ADC_GetCalibrationStatus
    adc_int.o(i.ADC1_Config) refers to stm32f30x_adc.o(i.ADC_GetCalibrationValue) for ADC_GetCalibrationValue
    adc_int.o(i.ADC1_Config) refers to stm32f30x_adc.o(i.ADC_CommonInit) for ADC_CommonInit
    adc_int.o(i.ADC1_Config) refers to stm32f30x_adc.o(i.ADC_Init) for ADC_Init
    adc_int.o(i.ADC1_Config) refers to stm32f30x_adc.o(i.ADC_RegularChannelConfig) for ADC_RegularChannelConfig
    adc_int.o(i.ADC1_Config) refers to stm32f30x_adc.o(i.ADC_Cmd) for ADC_Cmd
    adc_int.o(i.ADC1_Config) refers to stm32f30x_adc.o(i.ADC_GetFlagStatus) for ADC_GetFlagStatus
    adc_int.o(i.ADC1_Config) refers to stm32f30x_adc.o(i.ADC_DMACmd) for ADC_DMACmd
    adc_int.o(i.ADC1_Config) refers to stm32f30x_adc.o(i.ADC_DMAConfig) for ADC_DMAConfig
    adc_int.o(i.ADC1_Config) refers to stm32f30x_adc.o(i.ADC_StartConversion) for ADC_StartConversion
    adc_int.o(i.ADC1_Config) refers to adc_int.o(.data) for .data
    adc_int.o(i.ADC1_DMA_Config) refers to stm32f30x_rcc.o(i.RCC_AHBPeriphClockCmd) for RCC_AHBPeriphClockCmd
    adc_int.o(i.ADC1_DMA_Config) refers to stm32f30x_dma.o(i.DMA_DeInit) for DMA_DeInit
    adc_int.o(i.ADC1_DMA_Config) refers to stm32f30x_misc.o(i.NVIC_PriorityGroupConfig) for NVIC_PriorityGroupConfig
    adc_int.o(i.ADC1_DMA_Config) refers to stm32f30x_dma.o(i.DMA_Init) for DMA_Init
    adc_int.o(i.ADC1_DMA_Config) refers to stm32f30x_dma.o(i.DMA_Cmd) for DMA_Cmd
    adc_int.o(i.ADC1_DMA_Config) refers to stm32f30x_dma.o(i.DMA_ITConfig) for DMA_ITConfig
    adc_int.o(i.ADC1_DMA_Config) refers to stm32f30x_adc.o(i.ADC_DMACmd) for ADC_DMACmd
    adc_int.o(i.ADC1_DMA_Config) refers to delay.o(i.Delay_ms) for Delay_ms
    adc_int.o(i.ADC1_DMA_Config) refers to adc_int.o(.data) for .data
    adc_int.o(i.ADC2_Config) refers to stm32f30x_rcc.o(i.RCC_AHBPeriphClockCmd) for RCC_AHBPeriphClockCmd
    adc_int.o(i.ADC2_Config) refers to stm32f30x_rcc.o(i.RCC_ADCCLKConfig) for RCC_ADCCLKConfig
    adc_int.o(i.ADC2_Config) refers to stm32f30x_rcc.o(i.RCC_APB2PeriphClockCmd) for RCC_APB2PeriphClockCmd
    adc_int.o(i.ADC2_Config) refers to stm32f30x_gpio.o(i.GPIO_Init) for GPIO_Init
    adc_int.o(i.ADC2_Config) refers to stm32f30x_adc.o(i.ADC_StructInit) for ADC_StructInit
    adc_int.o(i.ADC2_Config) refers to stm32f30x_adc.o(i.ADC_VoltageRegulatorCmd) for ADC_VoltageRegulatorCmd
    adc_int.o(i.ADC2_Config) refers to delay.o(i.Delay_ms) for Delay_ms
    adc_int.o(i.ADC2_Config) refers to stm32f30x_adc.o(i.ADC_SelectCalibrationMode) for ADC_SelectCalibrationMode
    adc_int.o(i.ADC2_Config) refers to stm32f30x_adc.o(i.ADC_StartCalibration) for ADC_StartCalibration
    adc_int.o(i.ADC2_Config) refers to stm32f30x_adc.o(i.ADC_GetCalibrationStatus) for ADC_GetCalibrationStatus
    adc_int.o(i.ADC2_Config) refers to stm32f30x_adc.o(i.ADC_GetCalibrationValue) for ADC_GetCalibrationValue
    adc_int.o(i.ADC2_Config) refers to stm32f30x_adc.o(i.ADC_CommonInit) for ADC_CommonInit
    adc_int.o(i.ADC2_Config) refers to stm32f30x_adc.o(i.ADC_Init) for ADC_Init
    adc_int.o(i.ADC2_Config) refers to stm32f30x_adc.o(i.ADC_RegularChannelConfig) for ADC_RegularChannelConfig
    adc_int.o(i.ADC2_Config) refers to stm32f30x_adc.o(i.ADC_Cmd) for ADC_Cmd
    adc_int.o(i.ADC2_Config) refers to stm32f30x_adc.o(i.ADC_GetFlagStatus) for ADC_GetFlagStatus
    adc_int.o(i.ADC2_Config) refers to stm32f30x_adc.o(i.ADC_DMACmd) for ADC_DMACmd
[...]
    Removing stm32f30x_i2c.o(i.I2C_PECRequestCmd), (18 bytes).
    Removing stm32f30x_i2c.o(i.I2C_ReadRegister), (12 bytes).
    Removing stm32f30x_i2c.o(i.I2C_ReceiveData), (6 bytes).
    Removing stm32f30x_i2c.o(i.I2C_ReloadCmd), (18 bytes).
    Removing stm32f30x_i2c.o(i.I2C_SMBusAlertCmd), (18 bytes).
    Removing stm32f30x_i2c.o(i.I2C_SendData), (4 bytes).
    Removing stm32f30x_i2c.o(i.I2C_SlaveAddressConfig), (16 bytes).
    Removing stm32f30x_i2c.o(i.I2C_SlaveByteControlCmd), (18 bytes).
    Removing stm32f30x_i2c.o(i.I2C_SoftwareResetCmd), (20 bytes).
    Removing stm32f30x_i2c.o(i.I2C_StopModeCmd), (18 bytes).
    Removing stm32f30x_i2c.o(i.I2C_StretchClockCmd), (18 bytes).
    Removing stm32f30x_i2c.o(i.I2C_StructInit), (22 bytes).
    Removing stm32f30x_i2c.o(i.I2C_TimeoutAConfig), (16 bytes).
    Removing stm32f30x_i2c.o(i.I2C_TimeoutBConfig), (20 bytes).
    Removing stm32f30x_i2c.o(i.I2C_TransferHandling), (40 bytes).
    Removing stm32f30x_iwdg.o(.rev16_text), (4 bytes).
    Removing stm32f30x_iwdg.o(.revsh_text), (4 bytes).
    Removing stm32f30x_iwdg.o(i.IWDG_Enable), (16 bytes).
    Removing stm32f30x_iwdg.o(i.IWDG_GetFlagStatus), (20 bytes).
    Removing stm32f30x_iwdg.o(i.IWDG_ReloadCounter), (16 bytes).
    Removing stm32f30x_iwdg.o(i.IWDG_SetPrescaler), (12 bytes).
    Removing stm32f30x_iwdg.o(i.IWDG_SetReload), (12 bytes).
    Removing stm32f30x_iwdg.o(i.IWDG_SetWindowValue), (12 bytes).
    Removing stm32f30x_iwdg.o(i.IWDG_WriteAccessCmd), (12 bytes).
    Removing stm32f30x_misc.o(.rev16_text), (4 bytes).
    Removing stm32f30x_misc.o(.revsh_text), (4 bytes).
    Removing stm32f30x_misc.o(i.NVIC_SetVectorTable), (20 bytes).
    Removing stm32f30x_misc.o(i.NVIC_SystemLPConfig), (24 bytes).
    Removing stm32f30x_misc.o(i.SysTick_CLKSourceConfig), (22 bytes).
    Removing stm32f30x_opamp.o(.rev16_text), (4 bytes).
    Removing stm32f30x_opamp.o(.revsh_text), (4 bytes).
    Removing stm32f30x_opamp.o(i.OPAMP_Cmd), (26 bytes).
    Removing stm32f30x_opamp.o(i.OPAMP_DeInit), (14 bytes).
    Removing stm32f30x_opamp.o(i.OPAMP_GetOutputLevel), (26 bytes).
    Removing stm32f30x_opamp.o(i.OPAMP_Init), (26 bytes).
    Removing stm32f30x_opamp.o(i.OPAMP_LockConfig), (18 bytes).
    Removing stm32f30x_opamp.o(i.OPAMP_OffsetTrimConfig), (32 bytes).
    Removing stm32f30x_opamp.o(i.OPAMP_OffsetTrimModeSelect), (24 bytes).
    Removing stm32f30x_opamp.o(i.OPAMP_PGAConfig), (26 bytes).
    Removing stm32f30x_opamp.o(i.OPAMP_StartCalibration), (26 bytes).
    Removing stm32f30x_opamp.o(i.OPAMP_StructInit), (8 bytes).
    Removing stm32f30x_opamp.o(i.OPAMP_TimerControlledMuxCmd), (26 bytes).
    Removing stm32f30x_opamp.o(i.OPAMP_TimerControlledMuxConfig), (30 bytes).
    Removing stm32f30x_opamp.o(i.OPAMP_VrefConfig), (20 bytes).
    Removing stm32f30x_opamp.o(i.OPAMP_VrefConnectADCCmd), (26 bytes).
    Removing stm32f30x_opamp.o(i.OPAMP_VrefConnectNonInvertingInput), (26 bytes).
    Removing stm32f30x_pwr.o(.rev16_text), (4 bytes).
    Removing stm32f30x_pwr.o(.revsh_text), (4 bytes).
    Removing stm32f30x_pwr.o(i.PWR_BackupAccessCmd), (12 bytes).
    Removing stm32f30x_pwr.o(i.PWR_ClearFlag), (16 bytes).
    Removing stm32f30x_pwr.o(i.PWR_DeInit), (24 bytes).
    Removing stm32f30x_pwr.o(i.PWR_EnterSTANDBYMode), (40 bytes).
    Removing stm32f30x_pwr.o(i.PWR_EnterSTOPMode), (48 bytes).
    Removing stm32f30x_pwr.o(i.PWR_EnterSleepMode), (24 bytes).
    Removing stm32f30x_pwr.o(i.PWR_GetFlagStatus), (20 bytes).
    Removing stm32f30x_pwr.o(i.PWR_PVDCmd), (12 bytes).
    Removing stm32f30x_pwr.o(i.PWR_PVDLevelConfig), (20 bytes).
    Removing stm32f30x_pwr.o(i.PWR_WakeUpPinCmd), (24 bytes).
    Removing stm32f30x_rcc.o(.rev16_text), (4 bytes).
    Removing stm32f30x_rcc.o(.revsh_text), (4 bytes).
    Removing stm32f30x_rcc.o(i.RCC_AdjustHSICalibrationValue), (20 bytes).
    Removing stm32f30x_rcc.o(i.RCC_BackupResetCmd), (12 bytes).
    Removing stm32f30x_rcc.o(i.RCC_ClearFlag), (16 bytes).
    Removing stm32f30x_rcc.o(i.RCC_ClearITPendingBit), (12 bytes).
    Removing stm32f30x_rcc.o(i.RCC_ClockSecuritySystemCmd), (12 bytes).
    Removing stm32f30x_rcc.o(i.RCC_DeInit), (80 bytes).
    Removing stm32f30x_rcc.o(i.RCC_GetFlagStatus), (52 bytes).
    Removing stm32f30x_rcc.o(i.RCC_GetITStatus), (20 bytes).
    Removing stm32f30x_rcc.o(i.RCC_GetSYSCLKSource), (16 bytes).
    Removing stm32f30x_rcc.o(i.RCC_HCLKConfig), (20 bytes).
    Removing stm32f30x_rcc.o(i.RCC_HSEConfig), (16 bytes).
    Removing stm32f30x_rcc.o(i.RCC_HSICmd), (12 bytes).
    Removing stm32f30x_rcc.o(i.RCC_I2CCLKConfig), (56 bytes).
    Removing stm32f30x_rcc.o(i.RCC_I2SCLKConfig), (12 bytes).
    Removing stm32f30x_rcc.o(i.RCC_ITConfig), (24 bytes).
    Removing stm32f30x_rcc.o(i.RCC_LSEConfig), (32 bytes).
    Removing stm32f30x_rcc.o(i.RCC_LSEDriveConfig), (24 bytes).
    Removing stm32f30x_rcc.o(i.RCC_LSICmd), (12 bytes).
    Removing stm32f30x_rcc.o(i.RCC_MCOConfig), (24 bytes).
    Removing stm32f30x_rcc.o(i.RCC_PCLK1Config), (20 bytes).
    Removing stm32f30x_rcc.o(i.RCC_PCLK2Config), (20 bytes).
    Removing stm32f30x_rcc.o(i.RCC_PLLCmd), (12 bytes).
    Removing stm32f30x_rcc.o(i.RCC_PLLConfig), (24 bytes).
    Removing stm32f30x_rcc.o(i.RCC_PREDIV1Config), (20 bytes).
    Removing stm32f30x_rcc.o(i.RCC_RTCCLKCmd), (12 bytes).
    Removing stm32f30x_rcc.o(i.RCC_RTCCLKConfig), (16 bytes).
    Removing stm32f30x_rcc.o(i.RCC_SYSCLKConfig), (20 bytes).
    Removing stm32f30x_rcc.o(i.RCC_TIMCLKConfig), (72 bytes).
    Removing stm32f30x_rcc.o(i.RCC_USARTCLKConfig), (72 bytes).
    Removing stm32f30x_rcc.o(i.RCC_USBCLKConfig), (12 bytes).
    Removing stm32f30x_rcc.o(i.RCC_WaitForHSEStartUp), (56 bytes).
    Removing stm32f30x_rtc.o(.rev16_text), (4 bytes).
    Removing stm32f30x_rtc.o(.revsh_text), (4 bytes).
    Removing stm32f30x_rtc.o(i.RTC_AlarmCmd), (100 bytes).
    Removing stm32f30x_rtc.o(i.RTC_AlarmStructInit), (20 bytes).
    Removing stm32f30x_rtc.o(i.RTC_AlarmSubSecondConfig), (52 bytes).
    Removing stm32f30x_rtc.o(i.RTC_BypassShadowCmd), (44 bytes).
    Removing stm32f30x_rtc.o(i.RTC_ByteToBcd2), (48 bytes).
    Removing stm32f30x_rtc.o(i.RTC_CalibOutputCmd), (44 bytes).
    Removing stm32f30x_rtc.o(i.RTC_CalibOutputConfig), (40 bytes).
    Removing stm32f30x_rtc.o(i.RTC_ClearFlag), (28 bytes).
    Removing stm32f30x_rtc.o(i.RTC_ClearITPendingBit), (28 bytes).
    Removing stm32f30x_rtc.o(i.RTC_DateStructInit), (14 bytes).
    Removing stm32f30x_rtc.o(i.RTC_DayLightSavingConfig), (52 bytes).
    Removing stm32f30x_rtc.o(i.RTC_DeInit), (192 bytes).
    Removing stm32f30x_rtc.o(i.RTC_EnterInitMode), (68 bytes).
    Removing stm32f30x_rtc.o(i.RTC_ExitInitMode), (16 bytes).
    Removing stm32f30x_rtc.o(i.RTC_GetAlarm), (148 bytes).
    Removing stm32f30x_rtc.o(i.RTC_GetAlarmSubSecond), (36 bytes).
    Removing stm32f30x_rtc.o(i.RTC_GetDate), (108 bytes).
    Removing stm32f30x_rtc.o(i.RTC_GetFlagStatus), (28 bytes).
    Removing stm32f30x_rtc.o(i.RTC_GetITStatus), (64 bytes).
    Removing stm32f30x_rtc.o(i.RTC_GetStoreOperation), (16 bytes).
    Removing stm32f30x_rtc.o(i.RTC_GetSubSecond), (20 bytes).
    Removing stm32f30x_rtc.o(i.RTC_GetTime), (112 bytes).
    Removing stm32f30x_rtc.o(i.RTC_GetTimeStamp), (208 bytes).
    Removing stm32f30x_rtc.o(i.RTC_GetTimeStampSubSecond), (12 bytes).
    Removing stm32f30x_rtc.o(i.RTC_GetWakeUpCounter), (12 bytes).
    Removing stm32f30x_rtc.o(i.RTC_ITConfig), (72 bytes).
    Removing stm32f30x_rtc.o(i.RTC_Init), (88 bytes).
    Removing stm32f30x_rtc.o(i.RTC_OutputConfig), (52 bytes).
    Removing stm32f30x_rtc.o(i.RTC_OutputTypeConfig), (24 bytes).
    Removing stm32f30x_rtc.o(i.RTC_ReadBackupRegister), (20 bytes).
    Removing stm32f30x_rtc.o(i.RTC_RefClockCmd), (72 bytes).
    Removing stm32f30x_rtc.o(i.RTC_SetAlarm), (168 bytes).
    Removing stm32f30x_rtc.o(i.RTC_SetDate), (156 bytes).
    Removing stm32f30x_rtc.o(i.RTC_SetTime), (172 bytes).
    Removing stm32f30x_rtc.o(i.RTC_SetWakeUpCounter), (28 bytes).
    Removing stm32f30x_rtc.o(i.RTC_SmoothCalibConfig), (96 bytes).
    Removing stm32f30x_rtc.o(i.RTC_StructInit), (14 bytes).
    Removing stm32f30x_rtc.o(i.RTC_SynchroShiftConfig), (112 bytes).
    Removing stm32f30x_rtc.o(i.RTC_TamperCmd), (24 bytes).
    Removing stm32f30x_rtc.o(i.RTC_TamperFilterConfig), (24 bytes).
    Removing stm32f30x_rtc.o(i.RTC_TamperPinsPrechargeDuration), (24 bytes).
    Removing stm32f30x_rtc.o(i.RTC_TamperPullUpCmd), (24 bytes).
    Removing stm32f30x_rtc.o(i.RTC_TamperSamplingFreqConfig), (24 bytes).
    Removing stm32f30x_rtc.o(i.RTC_TamperTriggerConfig), (24 bytes).
    Removing stm32f30x_rtc.o(i.RTC_TimeStampCmd), (52 bytes).
    Removing stm32f30x_rtc.o(i.RTC_TimeStampOnTamperDetectionCmd), (24 bytes).
    Removing stm32f30x_rtc.o(i.RTC_TimeStructInit), (12 bytes).
    Removing stm32f30x_rtc.o(i.RTC_WaitForSynchro), (96 bytes).
    Removing stm32f30x_rtc.o(i.RTC_WakeUpClockConfig), (40 bytes).
    Removing stm32f30x_rtc.o(i.RTC_WakeUpCmd), (96 bytes).
    Removing stm32f30x_rtc.o(i.RTC_WriteBackupRegister), (20 bytes).
    Removing stm32f30x_rtc.o(i.RTC_WriteProtectionCmd), (24 bytes).
    Removing stm32f30x_spi.o(.rev16_text), (4 bytes).
    Removing stm32f30x_spi.o(.revsh_text), (4 bytes).
    Removing stm32f30x_spi.o(i.I2S_Cmd), (18 bytes).
    Removing stm32f30x_spi.o(i.I2S_FullDuplexConfig), (70 bytes).
    Removing stm32f30x_spi.o(i.I2S_Init), (176 bytes).
    Removing stm32f30x_spi.o(i.I2S_StructInit), (18 bytes).
    Removing stm32f30x_spi.o(i.SPI_BiDirectionalLineConfig), (20 bytes).
    Removing stm32f30x_spi.o(i.SPI_CRCLengthConfig), (16 bytes).
    Removing stm32f30x_spi.o(i.SPI_CalculateCRC), (18 bytes).
    Removing stm32f30x_spi.o(i.SPI_Cmd), (18 bytes).
    Removing stm32f30x_spi.o(i.SPI_DataSizeConfig), (12 bytes).
    Removing stm32f30x_spi.o(i.SPI_GetCRC), (10 bytes).
    Removing stm32f30x_spi.o(i.SPI_GetCRCPolynomial), (4 bytes).
    Removing stm32f30x_spi.o(i.SPI_GetReceptionFIFOStatus), (8 bytes).
    Removing stm32f30x_spi.o(i.SPI_GetTransmissionFIFOStatus), (8 bytes).
    Removing stm32f30x_spi.o(i.SPI_I2S_ClearFlag), (6 bytes).
    Removing stm32f30x_spi.o(i.SPI_I2S_DMACmd), (16 bytes).
    Removing stm32f30x_spi.o(i.SPI_I2S_DeInit), (100 bytes).
    Removing stm32f30x_spi.o(i.SPI_I2S_GetFlagStatus), (14 bytes).
    Removing stm32f30x_spi.o(i.SPI_I2S_GetITStatus), (46 bytes).
    Removing stm32f30x_spi.o(i.SPI_I2S_ITConfig), (26 bytes).
    Removing stm32f30x_spi.o(i.SPI_I2S_ReceiveData16), (4 bytes).
    Removing stm32f30x_spi.o(i.SPI_I2S_SendData16), (4 bytes).
    Removing stm32f30x_spi.o(i.SPI_Init), (158 bytes).
    Removing stm32f30x_spi.o(i.SPI_LastDMATransferCmd), (16 bytes).
    Removing stm32f30x_spi.o(i.SPI_NSSInternalSoftwareConfig), (22 bytes).
    Removing stm32f30x_spi.o(i.SPI_NSSPulseModeCmd), (18 bytes).
    Removing stm32f30x_spi.o(i.SPI_ReceiveData8), (4 bytes).
    Removing stm32f30x_spi.o(i.SPI_RxFIFOThresholdConfig), (16 bytes).
    Removing stm32f30x_spi.o(i.SPI_SSOutputCmd), (18 bytes).
    Removing stm32f30x_spi.o(i.SPI_SendData8), (4 bytes).
    Removing stm32f30x_spi.o(i.SPI_StructInit), (28 bytes).
    Removing stm32f30x_spi.o(i.SPI_TIModeCmd), (18 bytes).
    Removing stm32f30x_spi.o(i.SPI_TransmitCRC), (10 bytes).
    Removing stm32f30x_syscfg.o(.rev16_text), (4 bytes).
    Removing stm32f30x_syscfg.o(.revsh_text), (4 bytes).
    Removing stm32f30x_syscfg.o(i.SYSCFG_BreakConfig), (16 bytes).
    Removing stm32f30x_syscfg.o(i.SYSCFG_BypassParityCheckDisable), (16 bytes).
    Removing stm32f30x_syscfg.o(i.SYSCFG_ClearFlag), (16 bytes).
    Removing stm32f30x_syscfg.o(i.SYSCFG_DMAChannelRemapConfig), (44 bytes).
    Removing stm32f30x_syscfg.o(i.SYSCFG_DeInit), (40 bytes).
    Removing stm32f30x_syscfg.o(i.SYSCFG_EXTILineConfig), (40 bytes).
    Removing stm32f30x_syscfg.o(i.SYSCFG_EncoderRemapConfig), (24 bytes).
    Removing stm32f30x_syscfg.o(i.SYSCFG_GetFlagStatus), (20 bytes).
    Removing stm32f30x_syscfg.o(i.SYSCFG_I2CFastModePlusConfig), (24 bytes).
    Removing stm32f30x_syscfg.o(i.SYSCFG_ITConfig), (24 bytes).
    Removing stm32f30x_syscfg.o(i.SYSCFG_MemoryRemapConfig), (20 bytes).
    Removing stm32f30x_syscfg.o(i.SYSCFG_SRAMWRPEnable), (16 bytes).
    Removing stm32f30x_syscfg.o(i.SYSCFG_TriggerRemapConfig), (44 bytes).
    Removing stm32f30x_syscfg.o(i.SYSCFG_USBInterruptLineRemapCmd), (12 bytes).
    Removing stm32f30x_tim.o(.rev16_text), (4 bytes).
    Removing stm32f30x_tim.o(.revsh_text), (4 bytes).
    Removing stm32f30x_tim.o(i.TIM_BDTRConfig), (34 bytes).
    Removing stm32f30x_tim.o(i.TIM_BDTRStructInit), (18 bytes).
    Removing stm32f30x_tim.o(i.TIM_Break1Cmd), (18 bytes).
    Removing stm32f30x_tim.o(i.TIM_Break1Config), (20 bytes).
    Removing stm32f30x_tim.o(i.TIM_Break2Cmd), (18 bytes).
    Removing stm32f30x_tim.o(i.TIM_Break2Config), (20 bytes).
    Removing stm32f30x_tim.o(i.TIM_CCPreloadControl), (20 bytes).
    Removing stm32f30x_tim.o(i.TIM_CCxCmd), (26 bytes).
    Removing stm32f30x_tim.o(i.TIM_CCxNCmd), (26 bytes).
    Removing stm32f30x_tim.o(i.TIM_ClearFlag), (8 bytes).
    Removing stm32f30x_tim.o(i.TIM_ClearITPendingBit), (8 bytes).
    Removing stm32f30x_tim.o(i.TIM_ClearOC1Ref), (12 bytes).
    Removing stm32f30x_tim.o(i.TIM_ClearOC2Ref), (14 bytes).
    Removing stm32f30x_tim.o(i.TIM_ClearOC3Ref), (12 bytes).
    Removing stm32f30x_tim.o(i.TIM_ClearOC4Ref), (14 bytes).
    Removing stm32f30x_tim.o(i.TIM_ClearOC5Ref), (12 bytes).
    Removing stm32f30x_tim.o(i.TIM_ClearOC6Ref), (14 bytes).
    Removing stm32f30x_tim.o(i.TIM_CounterModeConfig), (12 bytes).
    Removing stm32f30x_tim.o(i.TIM_CtrlPWMOutputs), (18 bytes).
    Removing stm32f30x_tim.o(i.TIM_DMACmd), (18 bytes).
    Removing stm32f30x_tim.o(i.TIM_DMAConfig), (8 bytes).
    Removing stm32f30x_tim.o(i.TIM_DeInit), (310 bytes).
    Removing stm32f30x_tim.o(i.TIM_ETRClockMode1Config), (42 bytes).
    Removing stm32f30x_tim.o(i.TIM_ETRClockMode2Config), (40 bytes).
    Removing stm32f30x_tim.o(i.TIM_ETRConfig), (32 bytes).
    Removing stm32f30x_tim.o(i.TIM_EncoderInterfaceConfig), (72 bytes).
    Removing stm32f30x_tim.o(i.TIM_ForcedOC1Config), (16 bytes).
    Removing stm32f30x_tim.o(i.TIM_ForcedOC2Config), (18 bytes).
    Removing stm32f30x_tim.o(i.TIM_ForcedOC3Config), (12 bytes).
    Removing stm32f30x_tim.o(i.TIM_ForcedOC4Config), (14 bytes).
    Removing stm32f30x_tim.o(i.TIM_ForcedOC5Config), (12 bytes).
    Removing stm32f30x_tim.o(i.TIM_ForcedOC6Config), (14 bytes).
    Removing stm32f30x_tim.o(i.TIM_GenerateEvent), (4 bytes).
    Removing stm32f30x_tim.o(i.TIM_GetCapture1), (4 bytes).
    Removing stm32f30x_tim.o(i.TIM_GetCapture2), (4 bytes).
    Removing stm32f30x_tim.o(i.TIM_GetCapture3), (4 bytes).
    Removing stm32f30x_tim.o(i.TIM_GetCapture4), (4 bytes).
    Removing stm32f30x_tim.o(i.TIM_GetCounter), (4 bytes).
    Removing stm32f30x_tim.o(i.TIM_GetFlagStatus), (14 bytes).
    Removing stm32f30x_tim.o(i.TIM_GetITStatus), (22 bytes).
    Removing stm32f30x_tim.o(i.TIM_GetPrescaler), (4 bytes).
    Removing stm32f30x_tim.o(i.TIM_ICInit), (300 bytes).
    Removing stm32f30x_tim.o(i.TIM_ICStructInit), (16 bytes).
    Removing stm32f30x_tim.o(i.TIM_ITConfig), (18 bytes).
    Removing stm32f30x_tim.o(i.TIM_ITRxExternalClockConfig), (22 bytes).
    Removing stm32f30x_tim.o(i.TIM_InternalClockConfig), (12 bytes).
    Removing stm32f30x_tim.o(i.TIM_OC1FastConfig), (12 bytes).
    Removing stm32f30x_tim.o(i.TIM_OC1Init), (136 bytes).
    Removing stm32f30x_tim.o(i.TIM_OC1NPolarityConfig), (12 bytes).
    Removing stm32f30x_tim.o(i.TIM_OC1PolarityConfig), (12 bytes).
    Removing stm32f30x_tim.o(i.TIM_OC1PreloadConfig), (12 bytes).
    Removing stm32f30x_tim.o(i.TIM_OC2FastConfig), (14 bytes).
    Removing stm32f30x_tim.o(i.TIM_OC2Init), (120 bytes).
    Removing stm32f30x_tim.o(i.TIM_OC2NPolarityConfig), (14 bytes).
    Removing stm32f30x_tim.o(i.TIM_OC2PolarityConfig), (14 bytes).
    Removing stm32f30x_tim.o(i.TIM_OC2PreloadConfig), (14 bytes).
    Removing stm32f30x_tim.o(i.TIM_OC3FastConfig), (12 bytes).
    Removing stm32f30x_tim.o(i.TIM_OC3Init), (116 bytes).
    Removing stm32f30x_tim.o(i.TIM_OC3NPolarityConfig), (14 bytes).
    Removing stm32f30x_tim.o(i.TIM_OC3PolarityConfig), (14 bytes).
    Removing stm32f30x_tim.o(i.TIM_OC3PreloadConfig), (12 bytes).
    Removing stm32f30x_tim.o(i.TIM_OC4FastConfig), (14 bytes).
    Removing stm32f30x_tim.o(i.TIM_OC4Init), (90 bytes).
    Removing stm32f30x_tim.o(i.TIM_OC4PolarityConfig), (14 bytes).
    Removing stm32f30x_tim.o(i.TIM_OC4PreloadConfig), (14 bytes).
    Removing stm32f30x_tim.o(i.TIM_OC5Init), (88 bytes).
    Removing stm32f30x_tim.o(i.TIM_OC5PolarityConfig), (14 bytes).
    Removing stm32f30x_tim.o(i.TIM_OC5PreloadConfig), (12 bytes).
    Removing stm32f30x_tim.o(i.TIM_OC6Init), (82 bytes).
    Removing stm32f30x_tim.o(i.TIM_OC6PolarityConfig), (14 bytes).
    Removing stm32f30x_tim.o(i.TIM_OC6PreloadConfig), (14 bytes).
    Removing stm32f30x_tim.o(i.TIM_OCStructInit), (20 bytes).
    Removing stm32f30x_tim.o(i.TIM_PWMIConfig), (320 bytes).
    Removing stm32f30x_tim.o(i.TIM_PrescalerConfig), (6 bytes).
    Removing stm32f30x_tim.o(i.TIM_RemapConfig), (6 bytes).
    Removing stm32f30x_tim.o(i.TIM_SelectCCDMA), (20 bytes).
    Removing stm32f30x_tim.o(i.TIM_SelectCOM), (20 bytes).
    Removing stm32f30x_tim.o(i.TIM_SelectGC5C1), (18 bytes).
    Removing stm32f30x_tim.o(i.TIM_SelectGC5C2), (18 bytes).
    Removing stm32f30x_tim.o(i.TIM_SelectGC5C3), (18 bytes).
    Removing stm32f30x_tim.o(i.TIM_SelectHallSensor), (20 bytes).
    Removing stm32f30x_tim.o(i.TIM_SelectInputTrigger), (14 bytes).
    Removing stm32f30x_tim.o(i.TIM_SelectMasterSlaveMode), (18 bytes).
    Removing stm32f30x_tim.o(i.TIM_SelectOCREFClear), (18 bytes).
    Removing stm32f30x_tim.o(i.TIM_SelectOCxM), (96 bytes).
    Removing stm32f30x_tim.o(i.TIM_SelectOnePulseMode), (16 bytes).
    Removing stm32f30x_tim.o(i.TIM_SelectOutputTrigger), (18 bytes).
    Removing stm32f30x_tim.o(i.TIM_SelectOutputTrigger2), (16 bytes).
    Removing stm32f30x_tim.o(i.TIM_SelectSlaveMode), (20 bytes).
    Removing stm32f30x_tim.o(i.TIM_SetClockDivision), (16 bytes).
    Removing stm32f30x_tim.o(i.TIM_SetCompare1), (4 bytes).
    Removing stm32f30x_tim.o(i.TIM_SetCompare2), (4 bytes).
    Removing stm32f30x_tim.o(i.TIM_SetCompare3), (4 bytes).
    Removing stm32f30x_tim.o(i.TIM_SetCompare4), (4 bytes).
    Removing stm32f30x_tim.o(i.TIM_SetCompare5), (4 bytes).
    Removing stm32f30x_tim.o(i.TIM_SetCompare6), (4 bytes).
    Removing stm32f30x_tim.o(i.TIM_SetCounter), (4 bytes).
    Removing stm32f30x_tim.o(i.TIM_SetIC1Prescaler), (16 bytes).
    Removing stm32f30x_tim.o(i.TIM_SetIC2Prescaler), (18 bytes).
    Removing stm32f30x_tim.o(i.TIM_SetIC3Prescaler), (18 bytes).
    Removing stm32f30x_tim.o(i.TIM_SetIC4Prescaler), (26 bytes).
    Removing stm32f30x_tim.o(i.TIM_TIxExternalClockConfig), (136 bytes).
    Removing stm32f30x_tim.o(i.TIM_TimeBaseStructInit), (18 bytes).
    Removing stm32f30x_tim.o(i.TIM_UIFRemap), (18 bytes).
    Removing stm32f30x_tim.o(i.TIM_UpdateDisableConfig), (18 bytes).
    Removing stm32f30x_tim.o(i.TIM_UpdateRequestConfig), (18 bytes).
    Removing stm32f30x_usart.o(.rev16_text), (4 bytes).
    Removing stm32f30x_usart.o(.revsh_text), (4 bytes).
    Removing stm32f30x_usart.o(i.USART_AddressDetectionConfig), (16 bytes).
    Removing stm32f30x_usart.o(i.USART_AutoBaudRateCmd), (18 bytes).
    Removing stm32f30x_usart.o(i.USART_AutoBaudRateConfig), (16 bytes).
    Removing stm32f30x_usart.o(i.USART_ClearITPendingBit), (12 bytes).
    Removing stm32f30x_usart.o(i.USART_ClockInit), (30 bytes).
    Removing stm32f30x_usart.o(i.USART_ClockStructInit), (12 bytes).
    Removing stm32f30x_usart.o(i.USART_DECmd), (18 bytes).
    Removing stm32f30x_usart.o(i.USART_DEPolarityConfig), (16 bytes).
    Removing stm32f30x_usart.o(i.USART_DMAReceptionErrorConfig), (16 bytes).
    Removing stm32f30x_usart.o(i.USART_DataInvCmd), (18 bytes).
    Removing stm32f30x_usart.o(i.USART_DirectionModeCmd), (16 bytes).
    Removing stm32f30x_usart.o(i.USART_GetFlagStatus), (14 bytes).
    Removing stm32f30x_usart.o(i.USART_GetITStatus), (72 bytes).
    Removing stm32f30x_usart.o(i.USART_HalfDuplexCmd), (18 bytes).
    Removing stm32f30x_usart.o(i.USART_ITConfig), (42 bytes).
    Removing stm32f30x_usart.o(i.USART_InvPinCmd), (16 bytes).
    Removing stm32f30x_usart.o(i.USART_IrDACmd), (18 bytes).
    Removing stm32f30x_usart.o(i.USART_IrDAConfig), (16 bytes).
    Removing stm32f30x_usart.o(i.USART_LINBreakDetectLengthConfig), (16 bytes).
    Removing stm32f30x_usart.o(i.USART_LINCmd), (18 bytes).
    Removing stm32f30x_usart.o(i.USART_MSBFirstCmd), (18 bytes).
    Removing stm32f30x_usart.o(i.USART_MuteModeCmd), (18 bytes).
    Removing stm32f30x_usart.o(i.USART_MuteModeWakeUpConfig), (16 bytes).
    Removing stm32f30x_usart.o(i.USART_OneBitMethodCmd), (18 bytes).
    Removing stm32f30x_usart.o(i.USART_OverSampling8Cmd), (18 bytes).
    Removing stm32f30x_usart.o(i.USART_OverrunDetectionConfig), (16 bytes).
    Removing stm32f30x_usart.o(i.USART_ReceiveData), (8 bytes).
    Removing stm32f30x_usart.o(i.USART_ReceiverTimeOutCmd), (18 bytes).
    Removing stm32f30x_usart.o(i.USART_RequestCmd), (16 bytes).
    Removing stm32f30x_usart.o(i.USART_STOPModeCmd), (18 bytes).
    Removing stm32f30x_usart.o(i.USART_SWAPPinCmd), (18 bytes).
    Removing stm32f30x_usart.o(i.USART_SendData), (8 bytes).
    Removing stm32f30x_usart.o(i.USART_SetAddress), (18 bytes).
    Removing stm32f30x_usart.o(i.USART_SetAutoRetryCount), (18 bytes).
    Removing stm32f30x_usart.o(i.USART_SetBlockLength), (18 bytes).
    Removing stm32f30x_usart.o(i.USART_SetDEAssertionTime), (18 bytes).
    Removing stm32f30x_usart.o(i.USART_SetDEDeassertionTime), (18 bytes).
    Removing stm32f30x_usart.o(i.USART_SetGuardTime), (16 bytes).
    Removing stm32f30x_usart.o(i.USART_SetPrescaler), (16 bytes).
    Removing stm32f30x_usart.o(i.USART_SetReceiverTimeOut), (16 bytes).
    Removing stm32f30x_usart.o(i.USART_SmartCardCmd), (18 bytes).
    Removing stm32f30x_usart.o(i.USART_SmartCardNACKCmd), (18 bytes).
    Removing stm32f30x_usart.o(i.USART_StopModeWakeUpSourceConfig), (16 bytes).
    Removing stm32f30x_usart.o(i.USART_StructInit), (22 bytes).
    Removing stm32f30x_wwdg.o(.rev16_text), (4 bytes).
    Removing stm32f30x_wwdg.o(.revsh_text), (4 bytes).
    Removing stm32f30x_wwdg.o(i.WWDG_ClearFlag), (12 bytes).
    Removing stm32f30x_wwdg.o(i.WWDG_DeInit), (24 bytes).
    Removing stm32f30x_wwdg.o(i.WWDG_Enable), (16 bytes).
    Removing stm32f30x_wwdg.o(i.WWDG_EnableIT), (16 bytes).
    Removing stm32f30x_wwdg.o(i.WWDG_GetFlagStatus), (20 bytes).
    Removing stm32f30x_wwdg.o(i.WWDG_SetCounter), (16 bytes).
    Removing stm32f30x_wwdg.o(i.WWDG_SetPrescaler), (20 bytes).
    Removing stm32f30x_wwdg.o(i.WWDG_SetWindowValue), (28 bytes).

653 unused section(s) (total 22160 bytes) removed from the image.

==============================================================================

Adding Veneers to the image

    Adding TT veneer (10 bytes, Long) for call to 'bcfsm' from main.o(i.main).
    Adding TT veneer (10 bytes, Long) for call to 'GPIO_SetBits' from state_machine.o(ccmram).
    Adding TT veneer (10 bytes, Long) for call to 'GPIO_ResetBits' from state_machine.o(ccmram).
    Adding TT veneer (10 bytes, Long) for call to 'LED_TEST' from state_machine.o(ccmram).
    Adding TT veneer (10 bytes, Long) for call to 'DMA_GetFlagStatus' from state_machine.o(ccmram).
    Adding TT veneer (10 bytes, Long) for call to 'DMA_ClearITPendingBit' from state_machine.o(ccmram).
    Adding TT veneer (10 bytes, Long) for call to 'DMA_ClearFlag' from state_machine.o(ccmram).
    Adding TT veneer (10 bytes, Long) for call to 'DMA_SetCurrDataCounter' from state_machine.o(ccmram).
    Adding TT veneer (10 bytes, Long) for call to 'Send_data_to_PC' from state_machine.o(ccmram).
    Adding TT veneer (10 bytes, Long) for call to 'HRTIM_GetITStatus' from state_machine.o(ccmram).
    Adding TT veneer (10 bytes, Long) for call to 'HRTIM_ClearITPendingBit' from state_machine.o(ccmram).
    Adding TT veneer (10 bytes, Long) for call to 'TB1_L_TB2_H' from pid.o(ccmram).
    Adding TT veneer (10 bytes, Long) for call to 'TA1_H_TA2_L' from pid.o(ccmram).
    Adding TT veneer (10 bytes, Long) for call to 'GPIO_HRTIM_Config' from pid.o(ccmram).

14 Veneer(s) (total 140 bytes) added to the image.

==============================================================================

Image Symbol Table

    Local Symbols

    Symbol Name                              Value     Ov Type        Size  Object(Section)

    ../clib/microlib/init/entry.s            0x00000000   Number         0  entry2.o ABSOLUTE
    ../clib/microlib/init/entry.s            0x00000000   Number         0  entry10b.o ABSOLUTE
    ../clib/microlib/init/entry.s            0x00000000   Number         0  entry11a.o ABSOLUTE
    ../clib/microlib/init/entry.s            0x00000000   Number         0  entry11b.o ABSOLUTE
    ../clib/microlib/init/entry.s            0x00000000   Number         0  entry.o ABSOLUTE
    ../clib/microlib/init/entry.s            0x00000000   Number         0  entry5.o ABSOLUTE
    ../clib/microlib/init/entry.s            0x00000000   Number         0  entry7a.o ABSOLUTE
    ../clib/microlib/init/entry.s            0x00000000   Number         0  entry7b.o ABSOLUTE
    ../clib/microlib/init/entry.s            0x00000000   Number         0  entry8a.o ABSOLUTE
    ../clib/microlib/init/entry.s            0x00000000   Number         0  entry8b.o ABSOLUTE
    ../clib/microlib/init/entry.s            0x00000000   Number         0  entry10a.o ABSOLUTE
    ../clib/microlib/init/entry.s            0x00000000   Number         0  entry9a.o ABSOLUTE
    ../clib/microlib/init/entry.s            0x00000000   Number         0  entry9b.o ABSOLUTE
    ..\Algorithm\PID.c                       0x00000000   Number         0  pid.o ABSOLUTE
    ..\Lib\STM32F30x_StdPeriph_Driver\src\stm32f30x_adc.c 0x00000000   Number         0  stm32f30x_adc.o ABSOLUTE
    ..\Lib\STM32F30x_StdPeriph_Driver\src\stm32f30x_can.c 0x00000000   Number         0  stm32f30x_can.o ABSOLUTE
    ..\Lib\STM32F30x_StdPeriph_Driver\src\stm32f30x_comp.c 0x00000000   Number         0  stm32f30x_comp.o ABSOLUTE
    ..\Lib\STM32F30x_StdPeriph_Driver\src\stm32f30x_crc.c 0x00000000   Number         0  stm32f30x_crc.o ABSOLUTE
    ..\Lib\STM32F30x_StdPeriph_Driver\src\stm32f30x_dac.c 0x00000000   Number         0  stm32f30x_dac.o ABSOLUTE
    ..\Lib\STM32F30x_StdPeriph_Driver\src\stm32f30x_dbgmcu.c 0x00000000   Number         0  stm32f30x_dbgmcu.o ABSOLUTE
    ..\Lib\STM32F30x_StdPeriph_Driver\src\stm32f30x_dma.c 0x00000000   Number         0  stm32f30x_dma.o ABSOLUTE
    ..\Lib\STM32F30x_StdPeriph_Driver\src\stm32f30x_exti.c 0x00000000   Number         0  stm32f30x_exti.o ABSOLUTE
    ..\Lib\STM32F30x_StdPeriph_Driver\src\stm32f30x_flash.c 0x00000000   Number         0  stm32f30x_flash.o ABSOLUTE
    ..\Lib\STM32F30x_StdPeriph_Driver\src\stm32f30x_gpio.c 0x00000000   Number         0  stm32f30x_gpio.o ABSOLUTE
    ..\Lib\STM32F30x_StdPeriph_Driver\src\stm32f30x_hrtim.c 0x00000000   Number         0  stm32f30x_hrtim.o ABSOLUTE
    ..\Lib\STM32F30x_StdPeriph_Driver\src\stm32f30x_i2c.c 0x00000000   Number         0  stm32f30x_i2c.o ABSOLUTE
    ..\Lib\STM32F30x_StdPeriph_Driver\src\stm32f30x_iwdg.c 0x00000000   Number         0  stm32f30x_iwdg.o ABSOLUTE
    ..\Lib\STM32F30x_StdPeriph_Driver\src\stm32f30x_misc.c 0x00000000   Number         0  stm32f30x_misc.o ABSOLUTE
    ..\Lib\STM32F30x_StdPeriph_Driver\src\stm32f30x_opamp.c 0x00000000   Number         0  stm32f30x_opamp.o ABSOLUTE
    ..\Lib\STM32F30x_StdPeriph_Driver\src\stm32f30x_pwr.c 0x00000000   Number         0  stm32f30x_pwr.o ABSOLUTE
    ..\Lib\STM32F30x_StdPeriph_Driver\src\stm32f30x_rcc.c 0x00000000   Number         0  stm32f30x_rcc.o ABSOLUTE
    ..\Lib\STM32F30x_StdPeriph_Driver\src\stm32f30x_rtc.c 0x00000000   Number         0  stm32f30x_rtc.o ABSOLUTE
    ..\Lib\STM32F30x_StdPeriph_Driver\src\stm32f30x_spi.c 0x00000000   Number         0  stm32f30x_spi.o ABSOLUTE
    ..\Lib\STM32F30x_StdPeriph_Driver\src\stm32f30x_syscfg.c 0x00000000   Number         0  stm32f30x_syscfg.o ABSOLUTE
    ..\Lib\STM32F30x_StdPeriph_Driver\src\stm32f30x_tim.c 0x00000000   Number         0  stm32f30x_tim.o ABSOLUTE
    ..\Lib\STM32F30x_StdPeriph_Driver\src\stm32f30x_usart.c 0x00000000   Number         0  stm32f30x_usart.o ABSOLUTE
    ..\Lib\STM32F30x_StdPeriph_Driver\src\stm32f30x_wwdg.c 0x00000000   Number         0  stm32f30x_wwdg.o ABSOLUTE
    ..\User_code\ADC_INT.c                   0x00000000   Number         0  adc_int.o ABSOLUTE
    ..\User_code\COMP2.c                     0x00000000   Number         0  comp2.o ABSOLUTE
    ..\User_code\DAC_INT.c                   0x00000000   Number         0  dac_int.o ABSOLUTE
    ..\User_code\HRTIM_INT.c                 0x00000000   Number         0  hrtim_int.o ABSOLUTE
    ..\User_code\LED.C                       0x00000000   Number         0  led.o ABSOLUTE
    ..\User_code\delay.c                     0x00000000   Number         0  delay.o ABSOLUTE
    ..\User_code\init.c                      0x00000000   Number         0  init.o ABSOLUTE
    ..\User_code\main.c                      0x00000000   Number         0  main.o ABSOLUTE
    ..\User_code\state_machine.c             0x00000000   Number         0  state_machine.o ABSOLUTE
    ..\User_code\stm32f3xx_it.c              0x00000000   Number         0  stm32f3xx_it.o ABSOLUTE
    ..\User_code\system_stm32f30x.c          0x00000000   Number         0  system_stm32f30x.o ABSOLUTE
    ..\\Algorithm\\PID.c                     0x00000000   Number         0  pid.o ABSOLUTE
    ..\\Lib\\STM32F30x_StdPeriph_Driver\\src\\stm32f30x_adc.c 0x00000000   Number         0  stm32f30x_adc.o ABSOLUTE
    ..\\Lib\\STM32F30x_StdPeriph_Driver\\src\\stm32f30x_can.c 0x00000000   Number         0  stm32f30x_can.o ABSOLUTE
    ..\\Lib\\STM32F30x_StdPeriph_Driver\\src\\stm32f30x_comp.c 0x00000000   Number         0  stm32f30x_comp.o ABSOLUTE
    ..\\Lib\\STM32F30x_StdPeriph_Driver\\src\\stm32f30x_crc.c 0x00000000   Number         0  stm32f30x_crc.o ABSOLUTE
    ..\\Lib\\STM32F30x_StdPeriph_Driver\\src\\stm32f30x_dac.c 0x00000000   Number         0  stm32f30x_dac.o ABSOLUTE
    ..\\Lib\\STM32F30x_StdPeriph_Driver\\src\\stm32f30x_dbgmcu.c 0x00000000   Number         0  stm32f30x_dbgmcu.o ABSOLUTE
    ..\\Lib\\STM32F30x_StdPeriph_Driver\\src\\stm32f30x_dma.c 0x00000000   Number         0  stm32f30x_dma.o ABSOLUTE
    ..\\Lib\\STM32F30x_StdPeriph_Driver\\src\\stm32f30x_exti.c 0x00000000   Number         0  stm32f30x_exti.o ABSOLUTE
    ..\\Lib\\STM32F30x_StdPeriph_Driver\\src\\stm32f30x_flash.c 0x00000000   Number         0  stm32f30x_flash.o ABSOLUTE
    ..\\Lib\\STM32F30x_StdPeriph_Driver\\src\\stm32f30x_gpio.c 0x00000000   Number         0  stm32f30x_gpio.o ABSOLUTE
    ..\\Lib\\STM32F30x_StdPeriph_Driver\\src\\stm32f30x_hrtim.c 0x00000000   Number         0  stm32f30x_hrtim.o ABSOLUTE
    ..\\Lib\\STM32F30x_StdPeriph_Driver\\src\\stm32f30x_i2c.c 0x00000000   Number         0  stm32f30x_i2c.o ABSOLUTE
    ..\\Lib\\STM32F30x_StdPeriph_Driver\\src\\stm32f30x_iwdg.c 0x00000000   Number         0  stm32f30x_iwdg.o ABSOLUTE
    ..\\Lib\\STM32F30x_StdPeriph_Driver\\src\\stm32f30x_misc.c 0x00000000   Number         0  stm32f30x_misc.o ABSOLUTE
    ..\\Lib\\STM32F30x_StdPeriph_Driver\\src\\stm32f30x_opamp.c 0x00000000   Number         0  stm32f30x_opamp.o ABSOLUTE
    ..\\Lib\\STM32F30x_StdPeriph_Driver\\src\\stm32f30x_pwr.c 0x00000000   Number         0  stm32f30x_pwr.o ABSOLUTE
    ..\\Lib\\STM32F30x_StdPeriph_Driver\\src\\stm32f30x_rcc.c 0x00000000   Number         0  stm32f30x_rcc.o ABSOLUTE
    ..\\Lib\\STM32F30x_StdPeriph_Driver\\src\\stm32f30x_rtc.c 0x00000000   Number         0  stm32f30x_rtc.o ABSOLUTE
    ..\\Lib\\STM32F30x_StdPeriph_Driver\\src\\stm32f30x_spi.c 0x00000000   Number         0  stm32f30x_spi.o ABSOLUTE
    ..\\Lib\\STM32F30x_StdPeriph_Driver\\src\\stm32f30x_syscfg.c 0x00000000   Number         0  stm32f30x_syscfg.o ABSOLUTE
    ..\\Lib\\STM32F30x_StdPeriph_Driver\\src\\stm32f30x_tim.c 0x00000000   Number         0  stm32f30x_tim.o ABSOLUTE
    ..\\Lib\\STM32F30x_StdPeriph_Driver\\src\\stm32f30x_usart.c 0x00000000   Number         0  stm32f30x_usart.o ABSOLUTE
    ..\\Lib\\STM32F30x_StdPeriph_Driver\\src\\stm32f30x_wwdg.c 0x00000000   Number         0  stm32f30x_wwdg.o ABSOLUTE
    ..\\User_code\\ADC_INT.c                 0x00000000   Number         0  adc_int.o ABSOLUTE
    ..\\User_code\\COMP2.c                   0x00000000   Number         0  comp2.o ABSOLUTE
    ..\\User_code\\DAC_INT.c                 0x00000000   Number         0  dac_int.o ABSOLUTE
    ..\\User_code\\HRTIM_INT.c               0x00000000   Number         0  hrtim_int.o ABSOLUTE
    ..\\User_code\\LED.C                     0x00000000   Number         0  led.o ABSOLUTE
    ..\\User_code\\delay.c                   0x00000000   Number         0  delay.o ABSOLUTE
    ..\\User_code\\init.c                    0x00000000   Number         0  init.o ABSOLUTE
    ..\\User_code\\main.c                    0x00000000   Number         0  main.o ABSOLUTE
    ..\\User_code\\state_machine.c           0x00000000   Number         0  state_machine.o ABSOLUTE
    ..\\User_code\\stm32f3xx_it.c            0x00000000   Number         0  stm32f3xx_it.o ABSOLUTE
    ..\\User_code\\system_stm32f30x.c        0x00000000   Number         0  system_stm32f30x.o ABSOLUTE
    dc.s                                     0x00000000   Number         0  dc.o ABSOLUTE
    handlers.s                               0x00000000   Number         0  handlers.o ABSOLUTE
    init.s                                   0x00000000   Number         0  init.o ABSOLUTE
    startup_stm32f334x8.s                    0x00000000   Number         0  startup_stm32f334x8.o ABSOLUTE
    RESET                                    0x08000000   Section      392  startup_stm32f334x8.o(RESET)
    .ARM.Collect$$$$00000000                 0x08000188   Section        0  entry.o(.ARM.Collect$$$$00000000)
    .ARM.Collect$$$$00000001                 0x08000188   Section        4  entry2.o(.ARM.Collect$$$$00000001)
    .ARM.Collect$$$$00000004                 0x0800018c   Section        4  entry5.o(.ARM.Collect$$$$00000004)
    .ARM.Collect$$$$00000008                 0x08000190   Section        0  entry7b.o(.ARM.Collect$$$$00000008)
    .ARM.Collect$$$$0000000A                 0x08000190   Section        0  entry8b.o(.ARM.Collect$$$$0000000A)
    .ARM.Collect$$$$0000000B                 0x08000190   Section        8  entry9a.o(.ARM.Collect$$$$0000000B)
    .ARM.Collect$$$$0000000D                 0x08000198   Section        0  entry10a.o(.ARM.Collect$$$$0000000D)
    .ARM.Collect$$$$0000000F                 0x08000198   Section        0  entry11a.o(.ARM.Collect$$$$0000000F)
    .ARM.Collect$$$$00002712                 0x08000198   Section        4  entry2.o(.ARM.Collect$$$$00002712)
    __lit__00000000                          0x08000198   Data           4  entry2.o(.ARM.Collect$$$$00002712)
    .text                                    0x0800019c   Section       36  startup_stm32f334x8.o(.text)
    $v0                                      0x0800019c   Number         0  startup_stm32f334x8.o(.text)
    .text                                    0x080001c0   Section       36  init.o(.text)
    i.ADC1_Config                            0x080001f0   Section        0  adc_int.o(i.ADC1_Config)
    i.ADC2_Config                            0x08000314   Section        0  adc_int.o(i.ADC2_Config)
    i.ADC_Cmd                                0x08000428   Section        0  stm32f30x_adc.o(i.ADC_Cmd)
    i.ADC_CommonInit                         0x0800043c   Section        0  stm32f30x_adc.o(i.ADC_CommonInit)
    i.ADC_Config                             0x08000498   Section        0  adc_int.o(i.ADC_Config)
    i.ADC_DMACmd                             0x08000584   Section        0  stm32f30x_adc.o(i.ADC_DMACmd)
    i.ADC_DMAConfig                          0x08000596   Section        0  stm32f30x_adc.o(i.ADC_DMAConfig)
    i.ADC_DeInit                             0x080005a6   Section        0  stm32f30x_adc.o(i.ADC_DeInit)
    i.ADC_GetCalibrationStatus               0x080005f8   Section        0  stm32f30x_adc.o(i.ADC_GetCalibrationStatus)
    i.ADC_GetCalibrationValue                0x08000608   Section        0  stm32f30x_adc.o(i.ADC_GetCalibrationValue)
    i.ADC_GetFlagStatus                      0x0800060e   Section        0  stm32f30x_adc.o(i.ADC_GetFlagStatus)
    i.ADC_Init                               0x0800061c   Section        0  stm32f30x_adc.o(i.ADC_Init)
    i.ADC_RegularChannelConfig               0x0800066c   Section        0  stm32f30x_adc.o(i.ADC_RegularChannelConfig)
    i.ADC_SelectCalibrationMode              0x08000746   Section        0  stm32f30x_adc.o(i.ADC_SelectCalibrationMode)
    i.ADC_StartCalibration                   0x08000756   Section        0  stm32f30x_adc.o(i.ADC_StartCalibration)
    i.ADC_StartConversion                    0x08000760   Section        0  stm32f30x_adc.o(i.ADC_StartConversion)
    i.ADC_StructInit                         0x0800076a   Section        0  stm32f30x_adc.o(i.ADC_StructInit)
    i.ADC_VoltageRegulatorCmd                0x08000780   Section        0  stm32f30x_adc.o(i.ADC_VoltageRegulatorCmd)
    i.BusFault_Handler                       0x0800079a   Section        0  stm32f3xx_it.o(i.BusFault_Handler)
    i.COMP2_Config                           0x0800079c   Section        0  comp2.o(i.COMP2_Config)
    i.COMP_Cmd                               0x080007fa   Section        0  stm32f30x_comp.o(i.COMP_Cmd)
    i.COMP_Init                              0x08000814   Section        0  stm32f30x_comp.o(i.COMP_Init)
    i.DAC_Cmd                                0x08000856   Section        0  stm32f30x_dac.o(i.DAC_Cmd)
    i.DAC_Config                             0x0800086c   Section        0  dac_int.o(i.DAC_Config)
    i.DAC_DeInit                             0x080008e0   Section        0  stm32f30x_dac.o(i.DAC_DeInit)
    i.DAC_Init                               0x0800091a   Section        0  stm32f30x_dac.o(i.DAC_Init)
    i.DAC_SetChannel1Data                    0x08000948   Section        0  stm32f30x_dac.o(i.DAC_SetChannel1Data)
    i.DMA_ClearFlag                          0x08000958   Section        0  stm32f30x_dma.o(i.DMA_ClearFlag)
    i.DMA_ClearITPendingBit                  0x08000970   Section        0  stm32f30x_dma.o(i.DMA_ClearITPendingBit)
    i.DMA_Cmd                                0x08000988   Section        0  stm32f30x_dma.o(i.DMA_Cmd)
    i.DMA_DeInit                             0x0800099c   Section        0  stm32f30x_dma.o(i.DMA_DeInit)
    i.DMA_GetFlagStatus                      0x08000aa0   Section        0  stm32f30x_dma.o(i.DMA_GetFlagStatus)
    i.DMA_ITConfig                           0x08000ac0   Section        0  stm32f30x_dma.o(i.DMA_ITConfig)
    i.DMA_Init                               0x08000ad0   Section        0  stm32f30x_dma.o(i.DMA_Init)
    i.DMA_SetCurrDataCounter                 0x08000b22   Section        0  stm32f30x_dma.o(i.DMA_SetCurrDataCounter)
    i.DebugMon_Handler                       0x08000b26   Section        0  stm32f3xx_it.o(i.DebugMon_Handler)
    i.Delay_ms                               0x08000b28   Section        0  delay.o(i.Delay_ms)
    i.Delay_us                               0x08000b64   Section        0  delay.o(i.Delay_us)
    i.GPIO_HRTIM_Config                      0x08000b80   Section        0  hrtim_int.o(i.GPIO_HRTIM_Config)
    i.GPIO_Init                              0x08000be4   Section        0  stm32f30x_gpio.o(i.GPIO_Init)
    i.GPIO_PinAFConfig                       0x08000c76   Section        0  stm32f30x_gpio.o(i.GPIO_PinAFConfig)
    i.GPIO_ResetBits                         0x08000c98   Section        0  stm32f30x_gpio.o(i.GPIO_ResetBits)
    i.GPIO_SetBits                           0x08000c9c   Section        0  stm32f30x_gpio.o(i.GPIO_SetBits)
    i.HRTIM_ADCTriggerConfig                 0x08000ca0   Section        0  stm32f30x_hrtim.o(i.HRTIM_ADCTriggerConfig)
    i.HRTIM_ClearITPendingBit                0x08000cfe   Section        0  stm32f30x_hrtim.o(i.HRTIM_ClearITPendingBit)
    i.HRTIM_Config                           0x08000d28   Section        0  hrtim_int.o(i.HRTIM_Config)
    i.HRTIM_DLLCalibrationStart              0x08000f40   Section        0  stm32f30x_hrtim.o(i.HRTIM_DLLCalibrationStart)
    i.HRTIM_DeadTimeConfig                   0x08000f64   Section        0  stm32f30x_hrtim.o(i.HRTIM_DeadTimeConfig)
    i.HRTIM_EventConfig                      0x08000fa4   Section        0  stm32f30x_hrtim.o(i.HRTIM_EventConfig)
    i.HRTIM_ExternalEventConfig              0x08000fa8   Section        0  stm32f30x_hrtim.o(i.HRTIM_ExternalEventConfig)
    HRTIM_ExternalEventConfig                0x08000fa9   Thumb Code   466  stm32f30x_hrtim.o(i.HRTIM_ExternalEventConfig)
    i.HRTIM_GetCommonFlagStatus              0x0800117a   Section        0  stm32f30x_hrtim.o(i.HRTIM_GetCommonFlagStatus)
    i.HRTIM_GetITStatus                      0x0800118c   Section        0  stm32f30x_hrtim.o(i.HRTIM_GetITStatus)
    i.HRTIM_ITConfig                         0x080011d2   Section        0  stm32f30x_hrtim.o(i.HRTIM_ITConfig)
    i.HRTIM_OutputConfig                     0x08001206   Section        0  stm32f30x_hrtim.o(i.HRTIM_OutputConfig)
    HRTIM_OutputConfig                       0x08001207   Thumb Code   158  stm32f30x_hrtim.o(i.HRTIM_OutputConfig)
    i.HRTIM_TimerEventFilteringConfig        0x080012a4   Section        0  stm32f30x_hrtim.o(i.HRTIM_TimerEventFilteringConfig)
    i.HRTIM_TimingUnitBase_Config            0x080013b8   Section        0  stm32f30x_hrtim.o(i.HRTIM_TimingUnitBase_Config)
    HRTIM_TimingUnitBase_Config              0x080013b9   Thumb Code    66  stm32f30x_hrtim.o(i.HRTIM_TimingUnitBase_Config)
    i.HRTIM_WaveformCompareConfig            0x080013fa   Section        0  stm32f30x_hrtim.o(i.HRTIM_WaveformCompareConfig)
    i.HRTIM_WaveformCounterStart             0x08001492   Section        0  stm32f30x_hrtim.o(i.HRTIM_WaveformCounterStart)
    i.HRTIM_WaveformOutputConfig             0x0800149a   Section        0  stm32f30x_hrtim.o(i.HRTIM_WaveformOutputConfig)
    i.HRTIM_WaveformOutputStart              0x0800149e   Section        0  stm32f30x_hrtim.o(i.HRTIM_WaveformOutputStart)
    i.HRTIM_WaveformTimerConfig              0x080014a4   Section        0  stm32f30x_hrtim.o(i.HRTIM_WaveformTimerConfig)
    i.HRTIM_Waveform_Init                    0x08001512   Section        0  stm32f30x_hrtim.o(i.HRTIM_Waveform_Init)
    i.HardFault_Handler                      0x08001634   Section        0  stm32f3xx_it.o(i.HardFault_Handler)
    i.Init_TIM16                             0x08001638   Section        0  delay.o(i.Init_TIM16)
    i.Initial_prepheral_                     0x0800168c   Section        0  init.o(i.Initial_prepheral_)
    i.LED_GPIO_InitConfig                    0x080016e0   Section        0  led.o(i.LED_GPIO_InitConfig)
    i.LED_TEST                               0x08001780   Section        0  led.o(i.LED_TEST)
    i.MemManage_Handler                      0x08001864   Section        0  stm32f3xx_it.o(i.MemManage_Handler)
    i.NMI_Handler                            0x08001866   Section        0  stm32f3xx_it.o(i.NMI_Handler)
    i.NVIC_Init                              0x08001868   Section        0  stm32f30x_misc.o(i.NVIC_Init)
    i.NVIC_PriorityGroupConfig               0x080018dc   Section        0  stm32f30x_misc.o(i.NVIC_PriorityGroupConfig)
    i.PendSV_Handler                         0x080018f0   Section        0  stm32f3xx_it.o(i.PendSV_Handler)
    i.RCC_ADCCLKConfig                       0x080018f4   Section        0  stm32f30x_rcc.o(i.RCC_ADCCLKConfig)
    i.RCC_AHBPeriphClockCmd                  0x08001914   Section        0  stm32f30x_rcc.o(i.RCC_AHBPeriphClockCmd)
    i.RCC_AHBPeriphResetCmd                  0x0800192c   Section        0  stm32f30x_rcc.o(i.RCC_AHBPeriphResetCmd)
    i.RCC_APB1PeriphClockCmd                 0x08001944   Section        0  stm32f30x_rcc.o(i.RCC_APB1PeriphClockCmd)
    i.RCC_APB1PeriphResetCmd                 0x0800195c   Section        0  stm32f30x_rcc.o(i.RCC_APB1PeriphResetCmd)
    i.RCC_APB2PeriphClockCmd                 0x08001974   Section        0  stm32f30x_rcc.o(i.RCC_APB2PeriphClockCmd)
    i.RCC_APB2PeriphResetCmd                 0x0800198c   Section        0  stm32f30x_rcc.o(i.RCC_APB2PeriphResetCmd)
    i.RCC_GetClocksFreq                      0x080019a4   Section        0  stm32f30x_rcc.o(i.RCC_GetClocksFreq)
    i.RCC_HRTIM1CLKConfig                    0x08001c94   Section        0  stm32f30x_rcc.o(i.RCC_HRTIM1CLKConfig)
    i.SVC_Handler                            0x08001cac   Section        0  stm32f3xx_it.o(i.SVC_Handler)
    i.Send_data_to_PC                        0x08001cb0   Section        0  init.o(i.Send_data_to_PC)
    i.SysTick_Handler                        0x08001ccc   Section        0  stm32f3xx_it.o(i.SysTick_Handler)
    i.SystemInit                             0x08001cd0   Section        0  system_stm32f30x.o(i.SystemInit)
    i.TA1_H_TA2_L                            0x08001dc8   Section        0  hrtim_int.o(i.TA1_H_TA2_L)
    i.TB1_L_TB2_H                            0x08001e22   Section        0  hrtim_int.o(i.TB1_L_TB2_H)
    i.TIM_ARRPreloadConfig                   0x08001e7a   Section        0  stm32f30x_tim.o(i.TIM_ARRPreloadConfig)
    i.TIM_Cmd                                0x08001e8c   Section        0  stm32f30x_tim.o(i.TIM_Cmd)
    i.TIM_SetAutoreload                      0x08001e9e   Section        0  stm32f30x_tim.o(i.TIM_SetAutoreload)
    i.TIM_TimeBaseInit                       0x08001ea4   Section        0  stm32f30x_tim.o(i.TIM_TimeBaseInit)
    i.USART1_Config                          0x08001f34   Section        0  init.o(i.USART1_Config)
    i.USART_ClearFlag                        0x08002050   Section        0  stm32f30x_usart.o(i.USART_ClearFlag)
    i.USART_Cmd                              0x08002054   Section        0  stm32f30x_usart.o(i.USART_Cmd)
    i.USART_DMACmd                           0x08002066   Section        0  stm32f30x_usart.o(i.USART_DMACmd)
    i.USART_DeInit                           0x08002076   Section        0  stm32f30x_usart.o(i.USART_DeInit)
    i.USART_Init                             0x0800211a   Section        0  stm32f30x_usart.o(i.USART_Init)
    i.UsageFault_Handler                     0x080021e4   Section        0  stm32f3xx_it.o(i.UsageFault_Handler)
    i.__scatterload_copy                     0x080021e6   Section       14  handlers.o(i.__scatterload_copy)
    i.__scatterload_null                     0x080021f4   Section        2  handlers.o(i.__scatterload_null)
    i.__scatterload_zeroinit                 0x080021f6   Section       14  handlers.o(i.__scatterload_zeroinit)
    i.main                                   0x08002204   Section        0  main.o(i.main)
    ccmram                                   0x10000084   Section        0  state_machine.o(ccmram)
    ccmram                                   0x10000924   Section        0  pid.o(ccmram)
    ccmram                                   0x10000c64   Section       80  state_machine.o(ccmram)
    ccmram                                   0x10000cb4   Section      108  pid.o(ccmram)
    .data                                    0x20000000   Section       12  adc_int.o(.data)
    .data                                    0x2000000c   Section        6  init.o(.data)
    .data                                    0x20000012   Section       48  stm32f30x_rcc.o(.data)
    APBAHBPrescTable                         0x20000012   Data          16  stm32f30x_rcc.o(.data)
    ADCPrescTable                            0x20000022   Data          32  stm32f30x_rcc.o(.data)
    .bss                                     0x20000044   Section       14  init.o(.bss)
    STACK                                    0x20000058   Section     1024  startup_stm32f334x8.o(STACK)

    Global Symbols

    Symbol Name                              Value     Ov Type        Size  Object(Section)

    BuildAttributes$$THM_ISAv4$E$P$D$K$B$S$7EM$VFPi3$EXTD16$VFPS$VFMA$PE$A:L22UL41UL21$X:L11$S22US41US21$IEEE1$IW$USESV6$~STKCKD$USESV7$~SHL$OTIME$EBA8$MICROLIB$REQ8$PRES8$EABIv2 0x00000000   Number         0  anon$$obj.o ABSOLUTE
    __ARM_use_no_argv                        0x00000000   Number         0  main.o ABSOLUTE
    __cpp_initialize__aeabi_                  - Undefined Weak Reference
    __cxa_finalize                            - Undefined Weak Reference
    __decompress                              - Undefined Weak Reference
    _clock_init                               - Undefined Weak Reference
    _microlib_exit                            - Undefined Weak Reference
    __Vectors_Size                           0x00000188   Number         0  startup_stm32f334x8.o ABSOLUTE
    __Vectors                                0x08000000   Data           4  startup_stm32f334x8.o(RESET)
    __Vectors_End                            0x08000188   Data           0  startup_stm32f334x8.o(RESET)
    __main                                   0x08000189   Thumb Code     0  entry.o(.ARM.Collect$$$$00000000)
    _main_stk                                0x08000189   Thumb Code     0  entry2.o(.ARM.Collect$$$$00000001)
    _main_scatterload                        0x0800018d   Thumb Code     0  entry5.o(.ARM.Collect$$$$00000004)
    __main_after_scatterload                 0x08000191   Thumb Code     0  entry5.o(.ARM.Collect$$$$00000004)
    _main_clock                              0x08000191   Thumb Code     0  entry7b.o(.ARM.Collect$$$$00000008)
    _main_cpp_init                           0x08000191   Thumb Code     0  entry8b.o(.ARM.Collect$$$$0000000A)
    _main_init                               0x08000191   Thumb Code     0  entry9a.o(.ARM.Collect$$$$0000000B)
    __rt_final_cpp                           0x08000199   Thumb Code     0  entry10a.o(.ARM.Collect$$$$0000000D)
    __rt_final_exit                          0x08000199   Thumb Code     0  entry11a.o(.ARM.Collect$$$$0000000F)
    Reset_Handler                            0x0800019d   Thumb Code     8  startup_stm32f334x8.o(.text)
    ADC1_2_IRQHandler                        0x080001b7   Thumb Code     0  startup_stm32f334x8.o(.text)
    CAN1_RX0_IRQHandler                      0x080001b7   Thumb Code     0  startup_stm32f334x8.o(.text)
    CAN1_RX1_IRQHandler                      0x080001b7   Thumb Code     0  startup_stm32f334x8.o(.text)
    CAN1_SCE_IRQHandler                      0x080001b7   Thumb Code     0  startup_stm32f334x8.o(.text)
    CAN1_TX_IRQHandler                       0x080001b7   Thumb Code     0  startup_stm32f334x8.o(.text)
    COMP2_IRQHandler                         0x080001b7   Thumb Code     0  startup_stm32f334x8.o(.text)
    COMP4_6_IRQHandler                       0x080001b7   Thumb Code     0  startup_stm32f334x8.o(.text)
    DMA1_Channel1_IRQHandler                 0x080001b7   Thumb Code     0  startup_stm32f334x8.o(.text)
    DMA1_Channel2_IRQHandler                 0x080001b7   Thumb Code     0  startup_stm32f334x8.o(.text)
    DMA1_Channel3_IRQHandler                 0x080001b7   Thumb Code     0  startup_stm32f334x8.o(.text)
    DMA1_Channel4_IRQHandler                 0x080001b7   Thumb Code     0  startup_stm32f334x8.o(.text)
    DMA1_Channel5_IRQHandler                 0x080001b7   Thumb Code     0  startup_stm32f334x8.o(.text)
    DMA1_Channel6_IRQHandler                 0x080001b7   Thumb Code     0  startup_stm32f334x8.o(.text)
    DMA1_Channel7_IRQHandler                 0x080001b7   Thumb Code     0  startup_stm32f334x8.o(.text)
    EXTI0_IRQHandler                         0x080001b7   Thumb Code     0  startup_stm32f334x8.o(.text)
    EXTI15_10_IRQHandler                     0x080001b7   Thumb Code     0  startup_stm32f334x8.o(.text)
    EXTI1_IRQHandler                         0x080001b7   Thumb Code     0  startup_stm32f334x8.o(.text)
    EXTI2_TS_IRQHandler                      0x080001b7   Thumb Code     0  startup_stm32f334x8.o(.text)
    EXTI3_IRQHandler                         0x080001b7   Thumb Code     0  startup_stm32f334x8.o(.text)
    EXTI4_IRQHandler                         0x080001b7   Thumb Code     0  startup_stm32f334x8.o(.text)
    EXTI9_5_IRQHandler                       0x080001b7   Thumb Code     0  startup_stm32f334x8.o(.text)
    FLASH_IRQHandler                         0x080001b7   Thumb Code     0  startup_stm32f334x8.o(.text)
    FPU_IRQHandler                           0x080001b7   Thumb Code     0  startup_stm32f334x8.o(.text)
    HRTIM1_FLT_IRQHandler                    0x080001b7   Thumb Code     0  startup_stm32f334x8.o(.text)
    HRTIM1_Master_IRQHandler                 0x080001b7   Thumb Code     0  startup_stm32f334x8.o(.text)
    HRTIM1_TIMB_IRQHandler                   0x080001b7   Thumb Code     0  startup_stm32f334x8.o(.text)
    HRTIM1_TIMC_IRQHandler                   0x080001b7   Thumb Code     0  startup_stm32f334x8.o(.text)
    HRTIM1_TIMD_IRQHandler                   0x080001b7   Thumb Code     0  startup_stm32f334x8.o(.text)
    HRTIM1_TIME_IRQHandler                   0x080001b7   Thumb Code     0  startup_stm32f334x8.o(.text)
    I2C1_ER_IRQHandler                       0x080001b7   Thumb Code     0  startup_stm32f334x8.o(.text)
    I2C1_EV_IRQHandler                       0x080001b7   Thumb Code     0  startup_stm32f334x8.o(.text)
    PVD_IRQHandler                           0x080001b7   Thumb Code     0  startup_stm32f334x8.o(.text)
    RCC_IRQHandler                           0x080001b7   Thumb Code     0  startup_stm32f334x8.o(.text)
    RTC_Alarm_IRQHandler                     0x080001b7   Thumb Code     0  startup_stm32f334x8.o(.text)
    RTC_WKUP_IRQHandler                      0x080001b7   Thumb Code     0  startup_stm32f334x8.o(.text)
    SPI1_IRQHandler                          0x080001b7   Thumb Code     0  startup_stm32f334x8.o(.text)
    TAMPER_STAMP_IRQHandler                  0x080001b7   Thumb Code     0  startup_stm32f334x8.o(.text)
    TIM1_BRK_TIM15_IRQHandler                0x080001b7   Thumb Code     0  startup_stm32f334x8.o(.text)
    TIM1_CC_IRQHandler                       0x080001b7   Thumb Code     0  startup_stm32f334x8.o(.text)
    TIM1_TRG_COM_TIM17_IRQHandler            0x080001b7   Thumb Code     0  startup_stm32f334x8.o(.text)
    TIM1_UP_TIM16_IRQHandler                 0x080001b7   Thumb Code     0  startup_stm32f334x8.o(.text)
    TIM2_IRQHandler                          0x080001b7   Thumb Code     0  startup_stm32f334x8.o(.text)
    TIM3_IRQHandler                          0x080001b7   Thumb Code     0  startup_stm32f334x8.o(.text)
    TIM6_DAC1_IRQHandler                     0x080001b7   Thumb Code     0  startup_stm32f334x8.o(.text)
    TIM7_DAC2_IRQHandler                     0x080001b7   Thumb Code     0  startup_stm32f334x8.o(.text)
    USART1_IRQHandler                        0x080001b7   Thumb Code     0  startup_stm32f334x8.o(.text)
    USART2_IRQHandler                        0x080001b7   Thumb Code     0  startup_stm32f334x8.o(.text)
    USART3_IRQHandler                        0x080001b7   Thumb Code     0  startup_stm32f334x8.o(.text)
    WWDG_IRQHandler                          0x080001b7   Thumb Code     0  startup_stm32f334x8.o(.text)
    __scatterload                            0x080001c1   Thumb Code    28  init.o(.text)
    __scatterload_rt2                        0x080001c1   Thumb Code     0  init.o(.text)
    Long Thumb to Thumb Veneer to bcfsm      0x080001e5   Thumb Code    10  anon$$obj.o(Veneer$$Code)
    ADC1_Config                              0x080001f1   Thumb Code   288  adc_int.o(i.ADC1_Config)
    ADC2_Config                              0x08000315   Thumb Code   268  adc_int.o(i.ADC2_Config)
    ADC_Cmd                                  0x08000429   Thumb Code    18  stm32f30x_adc.o(i.ADC_Cmd)
    ADC_CommonInit                           0x0800043d   Thumb Code    78  stm32f30x_adc.o(i.ADC_CommonInit)
    ADC_Config                               0x08000499   Thumb Code   208  adc_int.o(i.ADC_Config)
    ADC_DMACmd                               0x08000585   Thumb Code    18  stm32f30x_adc.o(i.ADC_DMACmd)
    ADC_DMAConfig                            0x08000597   Thumb Code    16  stm32f30x_adc.o(i.ADC_DMAConfig)
    ADC_DeInit                               0x080005a7   Thumb Code    82  stm32f30x_adc.o(i.ADC_DeInit)
    ADC_GetCalibrationStatus                 0x080005f9   Thumb Code    16  stm32f30x_adc.o(i.ADC_GetCalibrationStatus)
    ADC_GetCalibrationValue                  0x08000609   Thumb Code     6  stm32f30x_adc.o(i.ADC_GetCalibrationValue)
    ADC_GetFlagStatus                        0x0800060f   Thumb Code    14  stm32f30x_adc.o(i.ADC_GetFlagStatus)
    ADC_Init                                 0x0800061d   Thumb Code    74  stm32f30x_adc.o(i.ADC_Init)
    ADC_RegularChannelConfig                 0x0800066d   Thumb Code   218  stm32f30x_adc.o(i.ADC_RegularChannelConfig)
    ADC_SelectCalibrationMode                0x08000747   Thumb Code    16  stm32f30x_adc.o(i.ADC_SelectCalibrationMode)
    ADC_StartCalibration                     0x08000757   Thumb Code    10  stm32f30x_adc.o(i.ADC_StartCalibration)
    ADC_StartConversion                      0x08000761   Thumb Code    10  stm32f30x_adc.o(i.ADC_StartConversion)
    ADC_StructInit                           0x0800076b   Thumb Code    22  stm32f30x_adc.o(i.ADC_StructInit)
    ADC_VoltageRegulatorCmd                  0x08000781   Thumb Code    26  stm32f30x_adc.o(i.ADC_VoltageRegulatorCmd)
    BusFault_Handler                         0x0800079b   Thumb Code     2  stm32f3xx_it.o(i.BusFault_Handler)
    COMP2_Config                             0x0800079d   Thumb Code    94  comp2.o(i.COMP2_Config)
    COMP_Cmd                                 0x080007fb   Thumb Code    26  stm32f30x_comp.o(i.COMP_Cmd)
    COMP_Init                                0x08000815   Thumb Code    66  stm32f30x_comp.o(i.COMP_Init)
    DAC_Cmd                                  0x08000857   Thumb Code    22  stm32f30x_dac.o(i.DAC_Cmd)
    DAC_Config                               0x0800086d   Thumb Code   112  dac_int.o(i.DAC_Config)
    DAC_DeInit                               0x080008e1   Thumb Code    58  stm32f30x_dac.o(i.DAC_DeInit)
    DAC_Init                                 0x0800091b   Thumb Code    46  stm32f30x_dac.o(i.DAC_Init)
    DAC_SetChannel1Data                      0x08000949   Thumb Code    14  stm32f30x_dac.o(i.DAC_SetChannel1Data)
    DMA_ClearFlag                            0x08000959   Thumb Code    16  stm32f30x_dma.o(i.DMA_ClearFlag)
    DMA_ClearITPendingBit                    0x08000971   Thumb Code    16  stm32f30x_dma.o(i.DMA_ClearITPendingBit)
    DMA_Cmd                                  0x08000989   Thumb Code    20  stm32f30x_dma.o(i.DMA_Cmd)
    DMA_DeInit                               0x0800099d   Thumb Code   206  stm32f30x_dma.o(i.DMA_DeInit)
    DMA_GetFlagStatus                        0x08000aa1   Thumb Code    24  stm32f30x_dma.o(i.DMA_GetFlagStatus)
    DMA_ITConfig                             0x08000ac1   Thumb Code    16  stm32f30x_dma.o(i.DMA_ITConfig)
    DMA_Init                                 0x08000ad1   Thumb Code    82  stm32f30x_dma.o(i.DMA_Init)
    DMA_SetCurrDataCounter                   0x08000b23   Thumb Code     4  stm32f30x_dma.o(i.DMA_SetCurrDataCounter)
    DebugMon_Handler                         0x08000b27   Thumb Code     2  stm32f3xx_it.o(i.DebugMon_Handler)
    Delay_ms                                 0x08000b29   Thumb Code    54  delay.o(i.Delay_ms)
    Delay_us                                 0x08000b65   Thumb Code    22  delay.o(i.Delay_us)
    GPIO_HRTIM_Config                        0x08000b81   Thumb Code   100  hrtim_int.o(i.GPIO_HRTIM_Config)
    GPIO_Init                                0x08000be5   Thumb Code   146  stm32f30x_gpio.o(i.GPIO_Init)
    GPIO_PinAFConfig                         0x08000c77   Thumb Code    34  stm32f30x_gpio.o(i.GPIO_PinAFConfig)
    GPIO_ResetBits                           0x08000c99   Thumb Code     4  stm32f30x_gpio.o(i.GPIO_ResetBits)
    GPIO_SetBits                             0x08000c9d   Thumb Code     4  stm32f30x_gpio.o(i.GPIO_SetBits)
    HRTIM_ADCTriggerConfig                   0x08000ca1   Thumb Code    94  stm32f30x_hrtim.o(i.HRTIM_ADCTriggerConfig)
    HRTIM_ClearITPendingBit                  0x08000cff   Thumb Code    40  stm32f30x_hrtim.o(i.HRTIM_ClearITPendingBit)
    HRTIM_Config                             0x08000d29   Thumb Code   506  hrtim_int.o(i.HRTIM_Config)
    HRTIM_DLLCalibrationStart                0x08000f41   Thumb Code    36  stm32f30x_hrtim.o(i.HRTIM_DLLCalibrationStart)
    HRTIM_DeadTimeConfig                     0x08000f65   Thumb Code    58  stm32f30x_hrtim.o(i.HRTIM_DeadTimeConfig)
    HRTIM_EventConfig                        0x08000fa5   Thumb Code     4  stm32f30x_hrtim.o(i.HRTIM_EventConfig)
    HRTIM_GetCommonFlagStatus                0x0800117b   Thumb Code    16  stm32f30x_hrtim.o(i.HRTIM_GetCommonFlagStatus)
    HRTIM_GetITStatus                        0x0800118d   Thumb Code    70  stm32f30x_hrtim.o(i.HRTIM_GetITStatus)
    HRTIM_ITConfig                           0x080011d3   Thumb Code    52  stm32f30x_hrtim.o(i.HRTIM_ITConfig)
    HRTIM_TimerEventFilteringConfig          0x080012a5   Thumb Code   276  stm32f30x_hrtim.o(i.HRTIM_TimerEventFilteringConfig)
    HRTIM_WaveformCompareConfig              0x080013fb   Thumb Code   152  stm32f30x_hrtim.o(i.HRTIM_WaveformCompareConfig)
    HRTIM_WaveformCounterStart               0x08001493   Thumb Code     8  stm32f30x_hrtim.o(i.HRTIM_WaveformCounterStart)
    HRTIM_WaveformOutputConfig               0x0800149b   Thumb Code     4  stm32f30x_hrtim.o(i.HRTIM_WaveformOutputConfig)
    HRTIM_WaveformOutputStart                0x0800149f   Thumb Code     6  stm32f30x_hrtim.o(i.HRTIM_WaveformOutputStart)
    HRTIM_WaveformTimerConfig                0x080014a5   Thumb Code   110  stm32f30x_hrtim.o(i.HRTIM_WaveformTimerConfig)
    HRTIM_Waveform_Init                      0x08001513   Thumb Code   290  stm32f30x_hrtim.o(i.HRTIM_Waveform_Init)
    HardFault_Handler                        0x08001635   Thumb Code     2  stm32f3xx_it.o(i.HardFault_Handler)
    Init_TIM16                               0x08001639   Thumb Code    78  delay.o(i.Init_TIM16)
    Initial_prepheral_                       0x0800168d   Thumb Code    82  init.o(i.Initial_prepheral_)
    LED_GPIO_InitConfig                      0x080016e1   Thumb Code   154  led.o(i.LED_GPIO_InitConfig)
    LED_TEST                                 0x08001781   Thumb Code   222  led.o(i.LED_TEST)
    MemManage_Handler                        0x08001865   Thumb Code     2  stm32f3xx_it.o(i.MemManage_Handler)
    NMI_Handler                              0x08001867   Thumb Code     2  stm32f3xx_it.o(i.NMI_Handler)
    NVIC_Init                                0x08001869   Thumb Code   112  stm32f30x_misc.o(i.NVIC_Init)
    NVIC_PriorityGroupConfig                 0x080018dd   Thumb Code    14  stm32f30x_misc.o(i.NVIC_PriorityGroupConfig)
    PendSV_Handler                           0x080018f1   Thumb Code     2  stm32f3xx_it.o(i.PendSV_Handler)
    RCC_ADCCLKConfig                         0x080018f5   Thumb Code    26  stm32f30x_rcc.o(i.RCC_ADCCLKConfig)
    RCC_AHBPeriphClockCmd                    0x08001915   Thumb Code    18  stm32f30x_rcc.o(i.RCC_AHBPeriphClockCmd)
    RCC_AHBPeriphResetCmd                    0x0800192d   Thumb Code    18  stm32f30x_rcc.o(i.RCC_AHBPeriphResetCmd)
    RCC_APB1PeriphClockCmd                   0x08001945   Thumb Code    18  stm32f30x_rcc.o(i.RCC_APB1PeriphClockCmd)
    RCC_APB1PeriphResetCmd                   0x0800195d   Thumb Code    18  stm32f30x_rcc.o(i.RCC_APB1PeriphResetCmd)
    RCC_APB2PeriphClockCmd                   0x08001975   Thumb Code    18  stm32f30x_rcc.o(i.RCC_APB2PeriphClockCmd)
    RCC_APB2PeriphResetCmd                   0x0800198d   Thumb Code    18  stm32f30x_rcc.o(i.RCC_APB2PeriphResetCmd)
    RCC_GetClocksFreq                        0x080019a5   Thumb Code   732  stm32f30x_rcc.o(i.RCC_GetClocksFreq)
    RCC_HRTIM1CLKConfig                      0x08001c95   Thumb Code    18  stm32f30x_rcc.o(i.RCC_HRTIM1CLKConfig)
    SVC_Handler                              0x08001cad   Thumb Code     2  stm32f3xx_it.o(i.SVC_Handler)
    Send_data_to_PC                          0x08001cb1   Thumb Code    24  init.o(i.Send_data_to_PC)
    SysTick_Handler                          0x08001ccd   Thumb Code     2  stm32f3xx_it.o(i.SysTick_Handler)
    SystemInit                               0x08001cd1   Thumb Code   222  system_stm32f30x.o(i.SystemInit)
    TA1_H_TA2_L                              0x08001dc9   Thumb Code    90  hrtim_int.o(i.TA1_H_TA2_L)
    TB1_L_TB2_H                              0x08001e23   Thumb Code    88  hrtim_int.o(i.TB1_L_TB2_H)
    TIM_ARRPreloadConfig                     0x08001e7b   Thumb Code    18  stm32f30x_tim.o(i.TIM_ARRPreloadConfig)
    TIM_Cmd                                  0x08001e8d   Thumb Code    18  stm32f30x_tim.o(i.TIM_Cmd)
    TIM_SetAutoreload                        0x08001e9f   Thumb Code     4  stm32f30x_tim.o(i.TIM_SetAutoreload)
    TIM_TimeBaseInit                         0x08001ea5   Thumb Code   136  stm32f30x_tim.o(i.TIM_TimeBaseInit)
    USART1_Config                            0x08001f35   Thumb Code   252  init.o(i.USART1_Config)
    USART_ClearFlag                          0x08002051   Thumb Code     4  stm32f30x_usart.o(i.USART_ClearFlag)
    USART_Cmd                                0x08002055   Thumb Code    18  stm32f30x_usart.o(i.USART_Cmd)
    USART_DMACmd                             0x08002067   Thumb Code    16  stm32f30x_usart.o(i.USART_DMACmd)
    USART_DeInit                             0x08002077   Thumb Code   164  stm32f30x_usart.o(i.USART_DeInit)
    USART_Init                               0x0800211b   Thumb Code   202  stm32f30x_usart.o(i.USART_Init)
    UsageFault_Handler                       0x080021e5   Thumb Code     2  stm32f3xx_it.o(i.UsageFault_Handler)
    __scatterload_copy                       0x080021e7   Thumb Code    14  handlers.o(i.__scatterload_copy)
    __scatterload_null                       0x080021f5   Thumb Code     2  handlers.o(i.__scatterload_null)
    __scatterload_zeroinit                   0x080021f7   Thumb Code    14  handlers.o(i.__scatterload_zeroinit)
    main                                     0x08002205   Thumb Code    14  main.o(i.main)
    Region$$Table$$Base                      0x08002214   Number         0  anon$$obj.o(Region$$Table)
    Region$$Table$$Limit                     0x08002254   Number         0  anon$$obj.o(Region$$Table)
    Long Thumb to Thumb Veneer to GPIO_SetBits 0x10000001   Thumb Code    10  anon$$obj.o(Veneer$$Code)
    Long Thumb to Thumb Veneer to GPIO_ResetBits 0x1000000b   Thumb Code    10  anon$$obj.o(Veneer$$Code)
    Long Thumb to Thumb Veneer to LED_TEST   0x10000015   Thumb Code    10  anon$$obj.o(Veneer$$Code)
    Long Thumb to Thumb Veneer to DMA_GetFlagStatus 0x1000001f   Thumb Code    10  anon$$obj.o(Veneer$$Code)
    Long Thumb to Thumb Veneer to DMA_ClearITPendingBit 0x10000029   Thumb Code    10  anon$$obj.o(Veneer$$Code)
    Long Thumb to Thumb Veneer to DMA_ClearFlag 0x10000033   Thumb Code    10  anon$$obj.o(Veneer$$Code)
    Long Thumb to Thumb Veneer to DMA_SetCurrDataCounter 0x1000003d   Thumb Code    10  anon$$obj.o(Veneer$$Code)
    Long Thumb to Thumb Veneer to Send_data_to_PC 0x10000047   Thumb Code    10  anon$$obj.o(Veneer$$Code)
    Long Thumb to Thumb Veneer to HRTIM_GetITStatus 0x10000051   Thumb Code    10  anon$$obj.o(Veneer$$Code)
    Long Thumb to Thumb Veneer to HRTIM_ClearITPendingBit 0x1000005b   Thumb Code    10  anon$$obj.o(Veneer$$Code)
    Long Thumb to Thumb Veneer to TB1_L_TB2_H 0x10000065   Thumb Code    10  anon$$obj.o(Veneer$$Code)
    Long Thumb to Thumb Veneer to TA1_H_TA2_L 0x1000006f   Thumb Code    10  anon$$obj.o(Veneer$$Code)
    Long Thumb to Thumb Veneer to GPIO_HRTIM_Config 0x10000079   Thumb Code    10  anon$$obj.o(Veneer$$Code)
    Reset_VAR                                0x10000085   Thumb Code   202  state_machine.o(ccmram)
    CS_DISPALY                               0x1000014f   Thumb Code   520  state_machine.o(ccmram)
    bcfsm                                    0x10000357   Thumb Code  1270  state_machine.o(ccmram)
    HRTIM1_TIMA_IRQHandler                   0x1000084d   Thumb Code   216  state_machine.o(ccmram)
    PID_INT                                  0x10000925   Thumb Code   144  pid.o(ccmram)
    PID_CAL                                  0x100009b5   Thumb Code   194  pid.o(ccmram)
    PID_Incremental                          0x10000a77   Thumb Code   390  pid.o(ccmram)
    flag_Soft_start                          0x10000c64   Data           1  state_machine.o(ccmram)
    flag_start_cnt                           0x10000c65   Data           1  state_machine.o(ccmram)
    flag_Vin_ovp                             0x10000c66   Data           1  state_machine.o(ccmram)
    flag_Vin_uvp                             0x10000c67   Data           1  state_machine.o(ccmram)
    flag_OTP                                 0x10000c68   Data           1  state_machine.o(ccmram)
    i                                        0x10000c69   Data           1  state_machine.o(ccmram)
    j                                        0x10000c6a   Data           1  state_machine.o(ccmram)
    k                                        0x10000c6b   Data           1  state_machine.o(ccmram)
    Current_State                            0x10000c6c   Data           1  state_machine.o(ccmram)
    Next_State                               0x10000c6d   Data           1  state_machine.o(ccmram)
    V_temp                                   0x10000c6e   Data           2  state_machine.o(ccmram)
    Target_voltage                           0x10000c70   Data           2  state_machine.o(ccmram)
    Vin_f                                    0x10000c74   Data           4  state_machine.o(ccmram)
    Vout_f                                   0x10000c78   Data           4  state_machine.o(ccmram)
    Iin_f                                    0x10000c7c   Data           4  state_machine.o(ccmram)
    Iout_f                                   0x10000c80   Data           4  state_machine.o(ccmram)
    temp_7900                                0x10000c84   Data           4  state_machine.o(ccmram)
    SOA_IN                                   0x10000c88   Data           4  state_machine.o(ccmram)
    Vin                                      0x10000c8c   Data           8  state_machine.o(ccmram)
    Vout                                     0x10000c94   Data           8  state_machine.o(ccmram)
    Iin                                      0x10000c9c   Data           8  state_machine.o(ccmram)
    Iout                                     0x10000ca4   Data           8  state_machine.o(ccmram)
    Temperature                              0x10000cac   Data           8  state_machine.o(ccmram)
    buck_mode                                0x10000cb4   Data           1  pid.o(ccmram)
    boost_mode                               0x10000cb5   Data           1  pid.o(ccmram)
    buck_boost_mode                          0x10000cb6   Data           1  pid.o(ccmram)
    mode_update                              0x10000cb7   Data           1  pid.o(ccmram)
    Pulse_width                              0x10000cb8   Data           2  pid.o(ccmram)
    Duty                                     0x10000cbc   Data           4  pid.o(ccmram)
    buck_pid                                 0x10000cc0   Data          32  pid.o(ccmram)
    boost_pid                                0x10000ce0   Data          32  pid.o(ccmram)
    buck_boost_pid                           0x10000d00   Data          32  pid.o(ccmram)
    calibration_value                        0x20000000   Data           2  adc_int.o(.data)
    ADC1_RESULT                              0x20000002   Data           4  adc_int.o(.data)
    ADC2_RESULT                              0x20000006   Data           6  adc_int.o(.data)
    PC_command                               0x2000000c   Data           6  init.o(.data)
    Send_to_PC                               0x20000044   Data          14  init.o(.bss)
    __initial_sp                             0x20000458   Data           0  startup_stm32f334x8.o(STACK)



==============================================================================

Memory Map of the image

  Image Entry point : 0x08000189

  Load Region LR_IROM1 (Base: 0x08000000, Size: 0x00002fb8, Max: 0x00010000, ABSOLUTE)

    Execution Region ER_IROM1 (Exec base: 0x08000000, Load base: 0x08000000, Size: 0x00002254, Max: 0x00010000, ABSOLUTE)

    Exec Addr    Load Addr    Size         Type   Attr      Idx    E Section Name        Object

    0x08000000   0x08000000   0x00000188   Data   RO          532    RESET               startup_stm32f334x8.o
    0x08000188   0x08000188   0x00000000   Code   RO         4727  * .ARM.Collect$$$$00000000  mc_w.l(entry.o)
    0x08000188   0x08000188   0x00000004   Code   RO         4730    .ARM.Collect$$$$00000001  mc_w.l(entry2.o)
    0x0800018c   0x0800018c   0x00000004   Code   RO         4733    .ARM.Collect$$$$00000004  mc_w.l(entry5.o)
    0x08000190   0x08000190   0x00000000   Code   RO         4735    .ARM.Collect$$$$00000008  mc_w.l(entry7b.o)
    0x08000190   0x08000190   0x00000000   Code   RO         4737    .ARM.Collect$$$$0000000A  mc_w.l(entry8b.o)
    0x08000190   0x08000190   0x00000008   Code   RO         4738    .ARM.Collect$$$$0000000B  mc_w.l(entry9a.o)
    0x08000198   0x08000198   0x00000000   Code   RO         4740    .ARM.Collect$$$$0000000D  mc_w.l(entry10a.o)
    0x08000198   0x08000198   0x00000000   Code   RO         4742    .ARM.Collect$$$$0000000F  mc_w.l(entry11a.o)
    0x08000198   0x08000198   0x00000004   Code   RO         4731    .ARM.Collect$$$$00002712  mc_w.l(entry2.o)
    0x0800019c   0x0800019c   0x00000024   Code   RO          533    .text               startup_stm32f334x8.o
    0x080001c0   0x080001c0   0x00000024   Code   RO         4744    .text               mc_w.l(init.o)
    0x080001e4   0x080001e4   0x0000000a   Ven    RO         4754    Veneer$$Code        anon$$obj.o
    0x080001ee   0x080001ee   0x00000002   PAD
    0x080001f0   0x080001f0   0x00000124   Code   RO          260    i.ADC1_Config       adc_int.o
    0x08000314   0x08000314   0x00000114   Code   RO          262    i.ADC2_Config       adc_int.o
    0x08000428   0x08000428   0x00000012   Code   RO          555    i.ADC_Cmd           stm32f30x_adc.o
    0x0800043a   0x0800043a   0x00000002   PAD
    0x0800043c   0x0800043c   0x0000005c   Code   RO          556    i.ADC_CommonInit    stm32f30x_adc.o
    0x08000498   0x08000498   0x000000ec   Code   RO          264    i.ADC_Config        adc_int.o
    0x08000584   0x08000584   0x00000012   Code   RO          558    i.ADC_DMACmd        stm32f30x_adc.o
    0x08000596   0x08000596   0x00000010   Code   RO          559    i.ADC_DMAConfig     stm32f30x_adc.o
    0x080005a6   0x080005a6   0x00000052   Code   RO          560    i.ADC_DeInit        stm32f30x_adc.o
    0x080005f8   0x080005f8   0x00000010   Code   RO          565    i.ADC_GetCalibrationStatus  stm32f30x_adc.o
    0x08000608   0x08000608   0x00000006   Code   RO          566    i.ADC_GetCalibrationValue  stm32f30x_adc.o
    0x0800060e   0x0800060e   0x0000000e   Code   RO          571    i.ADC_GetFlagStatus  stm32f30x_adc.o
    0x0800061c   0x0800061c   0x00000050   Code   RO          577    i.ADC_Init          stm32f30x_adc.o
    0x0800066c   0x0800066c   0x000000da   Code   RO          582    i.ADC_RegularChannelConfig  stm32f30x_adc.o
    0x08000746   0x08000746   0x00000010   Code   RO          584    i.ADC_SelectCalibrationMode  stm32f30x_adc.o
    0x08000756   0x08000756   0x0000000a   Code   RO          592    i.ADC_StartCalibration  stm32f30x_adc.o
    0x08000760   0x08000760   0x0000000a   Code   RO          593    i.ADC_StartConversion  stm32f30x_adc.o
    0x0800076a   0x0800076a   0x00000016   Code   RO          597    i.ADC_StructInit    stm32f30x_adc.o
    0x08000780   0x08000780   0x0000001a   Code   RO          600    i.ADC_VoltageRegulatorCmd  stm32f30x_adc.o
    0x0800079a   0x0800079a   0x00000002   Code   RO          151    i.BusFault_Handler  stm32f3xx_it.o
    0x0800079c   0x0800079c   0x0000005e   Code   RO          489    i.COMP2_Config      comp2.o
    0x080007fa   0x080007fa   0x0000001a   Code   RO         1089    i.COMP_Cmd          stm32f30x_comp.o
    0x08000814   0x08000814   0x00000042   Code   RO         1092    i.COMP_Init         stm32f30x_comp.o
    0x08000856   0x08000856   0x00000016   Code   RO         1251    i.DAC_Cmd           stm32f30x_dac.o
    0x0800086c   0x0800086c   0x00000074   Code   RO          509    i.DAC_Config        dac_int.o
    0x080008e0   0x080008e0   0x0000003a   Code   RO         1253    i.DAC_DeInit        stm32f30x_dac.o
    0x0800091a   0x0800091a   0x0000002e   Code   RO         1259    i.DAC_Init          stm32f30x_dac.o
    0x08000948   0x08000948   0x0000000e   Code   RO         1260    i.DAC_SetChannel1Data  stm32f30x_dac.o
    0x08000956   0x08000956   0x00000002   PAD
    0x08000958   0x08000958   0x00000018   Code   RO         1409    i.DMA_ClearFlag     stm32f30x_dma.o
    0x08000970   0x08000970   0x00000018   Code   RO         1410    i.DMA_ClearITPendingBit  stm32f30x_dma.o
    0x08000988   0x08000988   0x00000014   Code   RO         1411    i.DMA_Cmd           stm32f30x_dma.o
    0x0800099c   0x0800099c   0x00000104   Code   RO         1412    i.DMA_DeInit        stm32f30x_dma.o
    0x08000aa0   0x08000aa0   0x00000020   Code   RO         1414    i.DMA_GetFlagStatus  stm32f30x_dma.o
    0x08000ac0   0x08000ac0   0x00000010   Code   RO         1416    i.DMA_ITConfig      stm32f30x_dma.o
    0x08000ad0   0x08000ad0   0x00000052   Code   RO         1417    i.DMA_Init          stm32f30x_dma.o
    0x08000b22   0x08000b22   0x00000004   Code   RO         1418    i.DMA_SetCurrDataCounter  stm32f30x_dma.o
    0x08000b26   0x08000b26   0x00000002   Code   RO          152    i.DebugMon_Handler  stm32f3xx_it.o
    0x08000b28   0x08000b28   0x0000003c   Code   RO          345    i.Delay_ms          delay.o
    0x08000b64   0x08000b64   0x0000001c   Code   RO          346    i.Delay_us          delay.o
    0x08000b80   0x08000b80   0x00000064   Code   RO          377    i.GPIO_HRTIM_Config  hrtim_int.o
    0x08000be4   0x08000be4   0x00000092   Code   RO         1739    i.GPIO_Init         stm32f30x_gpio.o
    0x08000c76   0x08000c76   0x00000022   Code   RO         1740    i.GPIO_PinAFConfig  stm32f30x_gpio.o
    0x08000c98   0x08000c98   0x00000004   Code   RO         1746    i.GPIO_ResetBits    stm32f30x_gpio.o
    0x08000c9c   0x08000c9c   0x00000004   Code   RO         1747    i.GPIO_SetBits      stm32f30x_gpio.o
    0x08000ca0   0x08000ca0   0x0000005e   Code   RO         1830    i.HRTIM_ADCTriggerConfig  stm32f30x_hrtim.o
    0x08000cfe   0x08000cfe   0x00000028   Code   RO         1838    i.HRTIM_ClearITPendingBit  stm32f30x_hrtim.o
    0x08000d26   0x08000d26   0x00000002   PAD
    0x08000d28   0x08000d28   0x00000218   Code   RO          378    i.HRTIM_Config      hrtim_int.o
    0x08000f40   0x08000f40   0x00000024   Code   RO         1839    i.HRTIM_DLLCalibrationStart  stm32f30x_hrtim.o
    0x08000f64   0x08000f64   0x00000040   Code   RO         1842    i.HRTIM_DeadTimeConfig  stm32f30x_hrtim.o
    0x08000fa4   0x08000fa4   0x00000004   Code   RO         1843    i.HRTIM_EventConfig  stm32f30x_hrtim.o
    0x08000fa8   0x08000fa8   0x000001d2   Code   RO         1845    i.HRTIM_ExternalEventConfig  stm32f30x_hrtim.o
    0x0800117a   0x0800117a   0x00000010   Code   RO         1851    i.HRTIM_GetCommonFlagStatus  stm32f30x_hrtim.o
    0x0800118a   0x0800118a   0x00000002   PAD
    0x0800118c   0x0800118c   0x00000046   Code   RO         1856    i.HRTIM_GetITStatus  stm32f30x_hrtim.o
    0x080011d2   0x080011d2   0x00000034   Code   RO         1859    i.HRTIM_ITConfig    stm32f30x_hrtim.o
    0x08001206   0x08001206   0x0000009e   Code   RO         1861    i.HRTIM_OutputConfig  stm32f30x_hrtim.o
    0x080012a4   0x080012a4   0x00000114   Code   RO         1886    i.HRTIM_TimerEventFilteringConfig  stm32f30x_hrtim.o
    0x080013b8   0x080013b8   0x00000042   Code   RO         1887    i.HRTIM_TimingUnitBase_Config  stm32f30x_hrtim.o
    0x080013fa   0x080013fa   0x00000098   Code   RO         1889    i.HRTIM_WaveformCompareConfig  stm32f30x_hrtim.o
    0x08001492   0x08001492   0x00000008   Code   RO         1890    i.HRTIM_WaveformCounterStart  stm32f30x_hrtim.o
    0x0800149a   0x0800149a   0x00000004   Code   RO         1894    i.HRTIM_WaveformOutputConfig  stm32f30x_hrtim.o
    0x0800149e   0x0800149e   0x00000006   Code   RO         1895    i.HRTIM_WaveformOutputStart  stm32f30x_hrtim.o
    0x080014a4   0x080014a4   0x0000006e   Code   RO         1898    i.HRTIM_WaveformTimerConfig  stm32f30x_hrtim.o
    0x08001512   0x08001512   0x00000122   Code   RO         1899    i.HRTIM_Waveform_Init  stm32f30x_hrtim.o
    0x08001634   0x08001634   0x00000002   Code   RO          153    i.HardFault_Handler  stm32f3xx_it.o
    0x08001636   0x08001636   0x00000002   PAD
    0x08001638   0x08001638   0x00000054   Code   RO          347    i.Init_TIM16        delay.o
    0x0800168c   0x0800168c   0x00000052   Code   RO          304    i.Initial_prepheral_  init.o
    0x080016de   0x080016de   0x00000002   PAD
    0x080016e0   0x080016e0   0x000000a0   Code   RO          439    i.LED_GPIO_InitConfig  led.o
    0x08001780   0x08001780   0x000000e4   Code   RO          440    i.LED_TEST          led.o
    0x08001864   0x08001864   0x00000002   Code   RO          154    i.MemManage_Handler  stm32f3xx_it.o
    0x08001866   0x08001866   0x00000002   Code   RO          155    i.NMI_Handler       stm32f3xx_it.o
    0x08001868   0x08001868   0x00000074   Code   RO         2585    i.NVIC_Init         stm32f30x_misc.o
    0x080018dc   0x080018dc   0x00000014   Code   RO         2586    i.NVIC_PriorityGroupConfig  stm32f30x_misc.o
    0x080018f0   0x080018f0   0x00000002   Code   RO          156    i.PendSV_Handler    stm32f3xx_it.o
    0x080018f2   0x080018f2   0x00000002   PAD
    0x080018f4   0x080018f4   0x00000020   Code   RO         2807    i.RCC_ADCCLKConfig  stm32f30x_rcc.o
    0x08001914   0x08001914   0x00000018   Code   RO         2808    i.RCC_AHBPeriphClockCmd  stm32f30x_rcc.o
    0x0800192c   0x0800192c   0x00000018   Code   RO         2809    i.RCC_AHBPeriphResetCmd  stm32f30x_rcc.o
    0x08001944   0x08001944   0x00000018   Code   RO         2810    i.RCC_APB1PeriphClockCmd  stm32f30x_rcc.o
    0x0800195c   0x0800195c   0x00000018   Code   RO         2811    i.RCC_APB1PeriphResetCmd  stm32f30x_rcc.o
    0x08001974   0x08001974   0x00000018   Code   RO         2812    i.RCC_APB2PeriphClockCmd  stm32f30x_rcc.o
    0x0800198c   0x0800198c   0x00000018   Code   RO         2813    i.RCC_APB2PeriphResetCmd  stm32f30x_rcc.o
    0x080019a4   0x080019a4   0x000002f0   Code   RO         2820    i.RCC_GetClocksFreq  stm32f30x_rcc.o
    0x08001c94   0x08001c94   0x00000018   Code   RO         2825    i.RCC_HRTIM1CLKConfig  stm32f30x_rcc.o
    0x08001cac   0x08001cac   0x00000002   Code   RO          157    i.SVC_Handler       stm32f3xx_it.o
    0x08001cae   0x08001cae   0x00000002   PAD
    0x08001cb0   0x08001cb0   0x0000001c   Code   RO          306    i.Send_data_to_PC   init.o
    0x08001ccc   0x08001ccc   0x00000002   Code   RO          158    i.SysTick_Handler   stm32f3xx_it.o
    0x08001cce   0x08001cce   0x00000002   PAD
    0x08001cd0   0x08001cd0   0x000000f8   Code   RO          229    i.SystemInit        system_stm32f30x.o
    0x08001dc8   0x08001dc8   0x0000005a   Code   RO          379    i.TA1_H_TA2_L       hrtim_int.o
    0x08001e22   0x08001e22   0x00000058   Code   RO          380    i.TB1_L_TB2_H       hrtim_int.o
    0x08001e7a   0x08001e7a   0x00000012   Code   RO         3690    i.TIM_ARRPreloadConfig  stm32f30x_tim.o
    0x08001e8c   0x08001e8c   0x00000012   Code   RO         3708    i.TIM_Cmd           stm32f30x_tim.o
    0x08001e9e   0x08001e9e   0x00000004   Code   RO         3781    i.TIM_SetAutoreload  stm32f30x_tim.o
    0x08001ea2   0x08001ea2   0x00000002   PAD
    0x08001ea4   0x08001ea4   0x00000090   Code   RO         3795    i.TIM_TimeBaseInit  stm32f30x_tim.o
    0x08001f34   0x08001f34   0x0000011c   Code   RO          307    i.USART1_Config     init.o
    0x08002050   0x08002050   0x00000004   Code   RO         4362    i.USART_ClearFlag   stm32f30x_usart.o
    0x08002054   0x08002054   0x00000012   Code   RO         4366    i.USART_Cmd         stm32f30x_usart.o
    0x08002066   0x08002066   0x00000010   Code   RO         4369    i.USART_DMACmd      stm32f30x_usart.o
    0x08002076   0x08002076   0x000000a4   Code   RO         4372    i.USART_DeInit      stm32f30x_usart.o
    0x0800211a   0x0800211a   0x000000ca   Code   RO         4378    i.USART_Init        stm32f30x_usart.o
    0x080021e4   0x080021e4   0x00000002   Code   RO          159    i.UsageFault_Handler  stm32f3xx_it.o
    0x080021e6   0x080021e6   0x0000000e   Code   RO         4748    i.__scatterload_copy  mc_w.l(handlers.o)
    0x080021f4   0x080021f4   0x00000002   Code   RO         4749    i.__scatterload_null  mc_w.l(handlers.o)
    0x080021f6   0x080021f6   0x0000000e   Code   RO         4750    i.__scatterload_zeroinit  mc_w.l(handlers.o)
    0x08002204   0x08002204   0x0000000e   Code   RO            3    i.main              main.o
    0x08002212   0x08002212   0x00000002   PAD
    0x08002214   0x08002214   0x00000040   Data   RO         4746    Region$$Table       anon$$obj.o


    Execution Region ER (Exec base: 0x10000000, Load base: 0x08002298, Size: 0x00000d20, Max: 0x00001000, ABSOLUTE)

    Exec Addr    Load Addr    Size         Type   Attr      Idx    E Section Name        Object

    0x10000000   0x08002298   0x0000000a   Ven    RO         4755    Veneer$$Code        anon$$obj.o
    0x1000000a   0x080022a2   0x0000000a   Ven    RO         4756    Veneer$$Code        anon$$obj.o
    0x10000014   0x080022ac   0x0000000a   Ven    RO         4757    Veneer$$Code        anon$$obj.o
    0x1000001e   0x080022b6   0x0000000a   Ven    RO         4758    Veneer$$Code        anon$$obj.o
    0x10000028   0x080022c0   0x0000000a   Ven    RO         4759    Veneer$$Code        anon$$obj.o
    0x10000032   0x080022ca   0x0000000a   Ven    RO         4760    Veneer$$Code        anon$$obj.o
    0x1000003c   0x080022d4   0x0000000a   Ven    RO         4761    Veneer$$Code        anon$$obj.o
    0x10000046   0x080022de   0x0000000a   Ven    RO         4762    Veneer$$Code        anon$$obj.o
    0x10000050   0x080022e8   0x0000000a   Ven    RO         4763    Veneer$$Code        anon$$obj.o
    0x1000005a   0x080022f2   0x0000000a   Ven    RO         4764    Veneer$$Code        anon$$obj.o
    0x10000064   0x080022fc   0x0000000a   Ven    RO         4765    Veneer$$Code        anon$$obj.o
    0x1000006e   0x08002306   0x0000000a   Ven    RO         4766    Veneer$$Code        anon$$obj.o
    0x10000078   0x08002310   0x0000000a   Ven    RO         4767    Veneer$$Code        anon$$obj.o
    0x10000082   0x0800231a   0x00000002   PAD
    0x10000084   0x0800231c   0x000008a0   Code   RO          415    ccmram              state_machine.o
    0x10000924   0x08002bbc   0x00000340   Code   RO          465    ccmram              pid.o
    0x10000c64   0x08002efc   0x00000050   Data   RW          416    ccmram              state_machine.o
    0x10000cb4   0x08002f4c   0x0000006c   Data   RW          466    ccmram              pid.o


    Execution Region RW_IRAM1 (Exec base: 0x20000000, Load base: 0x08002254, Size: 0x00000458, Max: 0x00004000, ABSOLUTE)

    Exec Addr    Load Addr    Size         Type   Attr      Idx    E Section Name        Object

    0x20000000   0x08002254   0x0000000c   Data   RW          265    .data               adc_int.o
    0x2000000c   0x08002260   0x00000006   Data   RW          309    .data               init.o
    0x20000012   0x08002266   0x00000030   Data   RW         2847    .data               stm32f30x_rcc.o
    0x20000042   0x08002296   0x00000002   PAD
    0x20000044        -       0x0000000e   Zero   RW          308    .bss                init.o
    0x20000052   0x08002296   0x00000006   PAD
    0x20000058        -       0x00000400   Zero   RW          530    STACK               startup_stm32f334x8.o


==============================================================================

Image component sizes


      Code (inc. data)   RO Data    RW Data    ZI Data      Debug   Object Name

       804         40          0         12          0       3311   adc_int.o
        94          0          0          0          0        647   comp2.o
       116          4          0          0          0        649   dac_int.o
       172         18          0          0          0       2195   delay.o
       814         30          0          0          0       3051   hrtim_int.o
       394         36          0          6         14       2783   init.o
       388         12          0          0          0       1305   led.o
        14          0          0          0          0     413379   main.o
       832        104          0        108          0       2835   pid.o
        36          8        392          0       1024        824   startup_stm32f334x8.o
      2208        128          0         80          0       5070   state_machine.o
       644         20          0          0          0      10880   stm32f30x_adc.o
        92          0          0          0          0       1895   stm32f30x_comp.o
       140          0          0          0          0       3632   stm32f30x_dac.o
       462         78          0          0          0       7242   stm32f30x_dma.o
       188          0          0          0          0       3343   stm32f30x_gpio.o
      1912         40          0          0          0      16875   stm32f30x_hrtim.o
       136         10          0          0          0       1967   stm32f30x_misc.o
       952         68          0         48          0       9141   stm32f30x_rcc.o
       184          8          0          0          0       4583   stm32f30x_tim.o
       404          0          0          0          0       4685   stm32f30x_usart.o
        18          0          0          0          0       4378   stm32f3xx_it.o
       248         26          0          0          0       1341   system_stm32f30x.o

    ----------------------------------------------------------------------
     11418        630        456        256       1044     506011   Object Totals
       140          0         64          0          0          0   (incl. Generated)
        26          0          0          2          6          0   (incl. Padding)

    ----------------------------------------------------------------------

      Code (inc. data)   RO Data    RW Data    ZI Data      Debug   Library Member Name

         0          0          0          0          0          0   entry.o
         0          0          0          0          0          0   entry10a.o
         0          0          0          0          0          0   entry11a.o
         8          4          0          0          0          0   entry2.o
         4          0          0          0          0          0   entry5.o
         0          0          0          0          0          0   entry7b.o
         0          0          0          0          0          0   entry8b.o
         8          4          0          0          0          0   entry9a.o
        30          0          0          0          0          0   handlers.o
        36          8          0          0          0         68   init.o

    ----------------------------------------------------------------------
        86         16          0          0          0         68   Library Totals
         0          0          0          0          0          0   (incl. Padding)

    ----------------------------------------------------------------------

      Code (inc. data)   RO Data    RW Data    ZI Data      Debug   Library Name

        86         16          0          0          0         68   mc_w.l

    ----------------------------------------------------------------------
        86         16          0          0          0         68   Library Totals

    ----------------------------------------------------------------------

==============================================================================


      Code (inc. data)   RO Data    RW Data    ZI Data      Debug   

     11504        646        456        256       1044     496883   Grand Totals
     11504        646        456        256       1044     496883   ELF Image Totals
     11504        646        456        256          0          0   ROM Totals

==============================================================================

    Total RO  Size (Code + RO Data)                11960 (  11.68kB)
    Total RW  Size (RW Data + ZI Data)              1300 (   1.27kB)
    Total ROM Size (Code + RO Data + RW Data)      12216 (  11.93kB)

==============================================================================

