<html>
<body>
<pre>
<h1>µVision Build Log</h1>
<h2>Tool Versions:</h2>
IDE-Version: ¦ÌVision V5.27.1.0
Copyright (C) 2019 ARM Ltd and ARM Germany GmbH. All rights reserved.
License Information: 11 ASUS, Microsoft, LIC=AK1EV-PEMX2-KUV4L-0V9GW-4IUFW-BH520
 
Tool Versions:
Toolchain:       MDK-ARM Professional  Version: 5.14.0.0
Toolchain Path:  C:\mdk5\ARM\ARMCC\Bin
C Compiler:      Armcc.exe V5.05 update 1 (build 106)
Assembler:       Armasm.exe V5.05 update 1 (build 106)
Linker/Locator:  ArmLink.exe V5.05 update 1 (build 106)
Library Manager: ArmAr.exe V5.05 update 1 (build 106)
Hex Converter:   FromElf.exe V5.05 update 1 (build 106)
CPU DLL:         SARMCM3.DLL V5.14.0.0
Dialog DLL:      DCM.DLL V1.13.1.0
Target DLL:      STLink\ST-LINKIII-KEIL_SWO.dll V2.0.14.0_KEIL
Dialog DLL:      TCM.DLL V1.14.4.0
 
<h2>Project:</h2>
F:\CBB02405D\02.Ô´ÂëÀý³Ì\09Boost-Mode-VLoop-PI\MDK-ARM\Boost-Mode-VLoop-PI.uvprojx
Project File Date:  03/30/2022

<h2>Output:</h2>
*** Using Compiler 'V5.05 update 1 (build 106)', folder: 'C:\mdk5\ARM\ARMCC\Bin'
Rebuild target 'Boost-Mode-VLoop-PI'
assembling startup_stm32f334x8.s...
compiling CtlLoop.c...
compiling oled.c...
compiling main.c...
compiling function.c...
compiling dma.c...
compiling adc.c...
compiling gpio.c...
compiling stm32f3xx_it.c...
compiling tim.c...
compiling i2c.c...
compiling stm32f3xx_hal_msp.c...
compiling stm32f3xx_hal_adc.c...
compiling hrtim.c...
compiling stm32f3xx_hal_adc_ex.c...
compiling stm32f3xx_hal.c...
compiling stm32f3xx_hal_cortex.c...
compiling stm32f3xx_hal_gpio.c...
compiling stm32f3xx_hal_rcc_ex.c...
compiling stm32f3xx_hal_pwr.c...
compiling stm32f3xx_hal_dma.c...
compiling stm32f3xx_hal_rcc.c...
compiling stm32f3xx_hal_flash_ex.c...
compiling stm32f3xx_hal_exti.c...
compiling stm32f3xx_hal_pwr_ex.c...
compiling stm32f3xx_hal_i2c_ex.c...
compiling stm32f3xx_hal_flash.c...
compiling stm32f3xx_hal_i2c.c...
compiling stm32f3xx_hal_hrtim.c...
compiling system_stm32f3xx.c...
compiling stm32f3xx_hal_tim_ex.c...
compiling stm32f3xx_hal_tim.c...
linking...
Program Size: Code=16304 RO-data=2544 RW-data=180 ZI-data=1636  
FromELF: creating hex file...
"CBB024D-V1.0\CBB024D-V1.0" - 0 Error(s), 0 Warning(s).

<h2>Software Packages used:</h2>

Package Vendor: ARM
                http://www.keil.com/pack/ARM.CMSIS.4.2.0.pack
                ARM.CMSIS.4.2.0
                CMSIS (Cortex Microcontroller Software Interface Standard)
   * Component: CORE Version: 3.40.0

Package Vendor: Keil
                http://www.keil.com/pack/Keil.STM32F3xx_DFP.2.1.0.pack
                Keil.STM32F3xx_DFP.2.1.0
                STMicroelectronics STM32F3 Series Device Support and Examples

<h2>Collection of Component include folders:</h2>
  .\RTE\_Boost-Mode-VLoop-PI
  C:\mdk5\ARM\PACK\ARM\CMSIS\4.2.0\CMSIS\Include
  C:\mdk5\ARM\PACK\Keil\STM32F3xx_DFP\2.1.0\Drivers\CMSIS\Device\ST\STM32F3xx\Include

<h2>Collection of Component Files used:</h2>

   * Component: ARM::CMSIS:CORE:3.40.0
      Source file:   CMSIS\UserCodeTemplates\ARM\ITM_Retarget.c
Build Time Elapsed:  00:00:39
</pre>
</body>
</html>
